//my_bigball/apkcerts.txt 1
//my_bigball/app/Browser/Browser.apk 2-21276
//my_bigball/app/CalendarGoogle/CalendarGoogle.apk 21292-25831
//my_bigball/app/CloudService/CloudService.apk 25836-29461
//my_bigball/app/Facebook-appmanager/Facebook-appmanager.apk 29465-30551
//my_bigball/app/FinShellPay/FinShellPay.apk 30552-36483
//my_bigball/app/FinShellPay/lib/arm/libRSSupport.so 36488-36626
//my_bigball/app/FinShellPay/lib/arm/libdns_server_rk.so 36627-36683
//my_bigball/app/FinShellPay/lib/arm/liblogan.so 36684-36692
//my_bigball/app/FinShellPay/lib/arm/libmmkv.so 36693-36725
//my_bigball/app/FinShellPay/lib/arm/libnative-lib.so 36726-36743
//my_bigball/app/FinShellPay/lib/arm/libnative-secure-lib.so 36744-36759
//my_bigball/app/FinShellPay/lib/arm/libocstool.so 36760-36763
//my_bigball/app/FinShellPay/lib/arm/libomas-wbkit.so 36764-36773
//my_bigball/app/FinShellPay/lib/arm/librsjni.so 36774-36782
//my_bigball/app/FinShellPay/lib/arm/librsjni_androidx.so 36783-36789
//my_bigball/app/FinShellPay/lib/arm/libtool-checker.so 36790-36791
//my_bigball/app/FinShellPay/lib/arm/libwb_tables.so 36792-36804
//my_bigball/app/GLPictorial_Update_v2.1/GLPictorial_Update_v2.1.apk 36805-42113
//my_bigball/app/GoogleContacts/GoogleContacts.apk 42117-44297
//my_bigball/app/Google_AssistantShell/Google_AssistantShell.apk 44300-44483
//my_bigball/app/Google_Lens/Google_Lens.apk 44484-44778
//my_bigball/app/Google_Pay3/Google_Pay3.apk 44779-52417
//my_bigball/app/Keep/Keep.apk 52425-54892
//my_bigball/app/LatinImeGoogle/LatinImeGoogle.apk 54895-66791
//my_bigball/app/OppoPhoneActivation/OppoPhoneActivation.apk 66802-67631
//my_bigball/app/Photos/Photos.apk 67633-81573
//my_bigball/app/Pictorial/Pictorial.apk 81586-89253
//my_bigball/app/SoftsimRedteaRoaming/SoftsimRedteaRoaming.apk 89261-94226
//my_bigball/app/engineermodeforflipkart/engineermodeforflipkart.apk 94230-94563
//my_bigball/app/engineermodeforflipkart/lib/arm64/libTransferAudioCommand.so 94564-94566
//my_bigball/del-app/CS/CS.apk 94567-95824
//my_bigball/del-app/DocVault/DocVault.apk 95826-97772
//my_bigball/del-app/HeyFun/HeyFun.apk 97775-109795
//my_bigball/del-app/OneKeyLockScreen/OneKeyLockScreen.apk 109803-109828
//my_bigball/del-app/RMCommEXP/RMCommEXP.apk 109829-112195
//my_bigball/del-app/RMCommEXP/lib/arm/libgpuimage-library.so 112198-112199
//my_bigball/del-app/RMCommEXP/lib/arm/libobjectbox.so 112200-112312
//my_bigball/del-app/RMCommEXP/lib/arm/libweibosdkcore.so 112313-112316
//my_bigball/del-app/RMStoreExp/RMStoreExp.apk 112317-120942
//my_bigball/del-app-pre/Drive_del/Drive.apk 120949-127250
//my_bigball/del-app-pre/Duo_del/Duo.apk 127256-136429
//my_bigball/del-app-pre/Facebook/Facebook.apk 136438-152205
//my_bigball/del-app-pre/Google_News/Google_News.apk 152215-155240
//my_bigball/del-app-pre/Google_One/Google_One.apk 155244-157865
//my_bigball/del-app-pre/Google_Podcasts/Google_Podcasts.apk 157869-158499
//my_bigball/del-app-pre/Videos_del/Videos.apk 158500-163020
//my_bigball/del-app-pre/YTMusic_del/YTMusic.apk 163025-169901
//my_bigball/etc/NOTICE.xml.gz 169908
//my_bigball/etc/oplus_channel_map.xml 169909-169910
//my_bigball/etc/oplus_channel_ready_stat_map.xml 169911-169912
//my_bigball/plugin/BatterySecretPlugin/BatterySecretPlugin.apk 169913-169922
//my_bigball/priv-app/CarrierServices/CarrierServices.apk 169923-171030
//my_bigball/priv-app/Facebook-installer/Facebook-installer.apk 171033-171088
//my_bigball/priv-app/Facebook-services/Facebook-services.apk 171089-171511
//my_bigball/priv-app/GoogleDialer/GoogleDialer.apk 171512-180290
//my_bigball/priv-app/GoogleRestore/GoogleRestore.apk 180299-181499
//my_bigball/priv-app/Google_Files/Google_Files.apk 181502-183748
//my_bigball/priv-app/KeKeThemeSpace/KeKeThemeSpace.apk 183751-192995
//my_bigball/priv-app/KeKeUserCenter/KeKeUserCenter.apk 193004-208230
//my_bigball/priv-app/KeKeUserCenter/lib/arm64/libcrypter-lib.so 208243-208267
//my_bigball/priv-app/KeKeUserCenter/lib/arm64/libdns_server_rk.so 208268-208336
//my_bigball/priv-app/KeKeUserCenter/lib/arm64/libffmpeg.so 208337-210087
//my_bigball/priv-app/KeKeUserCenter/lib/arm64/libffmpegJNI.so 210090-210180
//my_bigball/priv-app/KeKeUserCenter/lib/arm64/libopluslog.so 210181-210189
//my_bigball/priv-app/KeKeUserCenter/lib/arm64/librtmp-jni.so 210190-210202
//my_bigball/priv-app/Messages/Messages.apk 210203-223950
//my_bigball/priv-app/OplusCallRecorder/OplusCallRecorder.apk 223964-224492
//my_bigball/priv-app/PlayAutoInstallConfig/PlayAutoInstallConfig.apk 224493
