//my_heytap/apkcerts.txt 1
//my_heytap/app/ARCore/ARCore.apk 2-3
//my_heytap/app/Chrome/Chrome.apk 4-4753
//my_heytap/app/ChromePartnerProvider/ChromePartnerProvider.apk 4759-4918
//my_heytap/app/EmailPartnerProvider/EmailPartnerProvider.apk 4919-5080
//my_heytap/app/Gmail2/Gmail2.apk 5081-17207
//my_heytap/app/GoogleContactsSyncAdapter/GoogleContactsSyncAdapter.apk 17219-17533
//my_heytap/app/GoogleLocationHistory/GoogleLocationHistory.apk 17534-17541
//my_heytap/app/InterconnectCollectKit/InterconnectCollectKit.apk 17542-17605
//my_heytap/app/Maps/Maps.apk 17606-30286
//my_heytap/app/SpeechServicesByGoogle/SpeechServicesByGoogle.apk 30298-40354
//my_heytap/app/TrichromeLibrary/TrichromeLibrary.apk 40363-53776
//my_heytap/app/WebViewGoogle/WebViewGoogle.apk 53787-69120
//my_heytap/app/YouTube/YouTube.apk 69135-81484
//my_heytap/app/talkback/talkback.apk 81495-85375
//my_heytap/del-app/Melody/Melody.apk 85380-91897
//my_heytap/etc/NOTICE.xml.gz 91903-91910
//my_heytap/etc/permissions/privapp-permissions-google-product.xml 91911
//my_heytap/etc/permissions/privapp-permissions-google-system-ext.xml 91912
//my_heytap/etc/permissions/privapp-permissions-oplus.xml 91913
//my_heytap/etc/preferred-apps/google.xml 91914
//my_heytap/etc/sysconfig/google-hiddenapi-package-allowlist.xml 91915
//my_heytap/etc/sysconfig/google.xml 91916
//my_heytap/non_overlay/app/GoogleExtShared/GoogleExtShared.apk 91917-91919
//my_heytap/non_overlay/app/GooglePrintRecommendationService/GooglePrintRecommendationService.apk 91920-91936
//my_heytap/non_overlay/priv-app/GoogleFeedback/GoogleFeedback.apk 91937-92023
//my_heytap/non_overlay/priv-app/GooglePackageInstaller/GooglePackageInstaller.apk 92024-92441
//my_heytap/non_overlay/priv-app/GoogleServicesFramework/GoogleServicesFramework.apk 92443-93365
//my_heytap/non_overlay/priv-app/SetupWizard/SetupWizard.apk 93367-94200
//my_heytap/overlay/GmsConfigOverlayCommonExport/GmsConfigOverlayCommonExport.apk 94203-94205
//my_heytap/overlay/GmsConfigOverlayComms/GmsConfigOverlayComms.apk 94206
//my_heytap/overlay/GmsConfigOverlayGSA/GmsConfigOverlayGSA.apk 94207-94208
//my_heytap/priv-app/AndroidAutoStub/AndroidAutoStub.apk 94209-94706
//my_heytap/priv-app/ConfigUpdater/ConfigUpdater.apk 94707-95518
//my_heytap/priv-app/GmsCore/GmsCore.apk 95519-113066
//my_heytap/priv-app/GmsCore/m/independent/AndroidPlatformServices.apk 113081-114915
//my_heytap/priv-app/GoogleOneTimeInitializer/GoogleOneTimeInitializer.apk 114918-114942
//my_heytap/priv-app/GooglePartnerSetup/GooglePartnerSetup.apk 114943-115040
//my_heytap/priv-app/Phonesky/Phonesky.apk 115041-122856
//my_heytap/priv-app/Velvet/Velvet.apk 122865-153606
//my_heytap/priv-app/Wellbeing/Wellbeing.apk 153638-155690
//my_heytap/product/usr/srec/en-US/CLG.prewalk.fst 155694-156310
//my_heytap/product/usr/srec/en-US/CONTACT.transform.mfar 156311-156314
//my_heytap/product/usr/srec/en-US/TERSE_LSTM_LM.lstm_lm.main_model.uint8.data 156315-156627
//my_heytap/product/usr/srec/en-US/TERSE_LSTM_LM.lstm_lm.self_normalized_model.uint8.data 156628-157189
//my_heytap/product/usr/srec/en-US/TERSE_LSTM_LM.lstm_lm.syms 157190-157324
//my_heytap/product/usr/srec/en-US/c_fst 157325-157352
//my_heytap/product/usr/srec/en-US/config.pumpkin 157354-157375
//my_heytap/product/usr/srec/en-US/dictation.config 157378-157379
//my_heytap/product/usr/srec/en-US/dnn 157380-158089
//my_heytap/product/usr/srec/en-US/embedded_class_denorm.mfar 158090-158182
//my_heytap/product/usr/srec/en-US/embedded_normalizer.mfar 158183-158201
//my_heytap/product/usr/srec/en-US/en-US_confirmation_confirmation-cancellation_TWIDDLER_FST.fst 158203
//my_heytap/product/usr/srec/en-US/en-US_gmm-actions_gmm-nav-actions_TWIDDLER_FST.fst 158204
//my_heytap/product/usr/srec/en-US/endpointer_model 158208-158211
//my_heytap/product/usr/srec/en-US/endpointer_model.mmap 158213-158216
//my_heytap/product/usr/srec/en-US/ep_portable_model.uint8.mmap 158218-158248
//my_heytap/product/usr/srec/en-US/g2p.data 158250-158496
//my_heytap/product/usr/srec/en-US/g2p_fst 158498-159200
//my_heytap/product/usr/srec/en-US/hmm_symbols 159202-159216
//my_heytap/product/usr/srec/en-US/hmmlist 159217-159224
//my_heytap/product/usr/srec/en-US/lexicon.U.fst 159226-159368
//my_heytap/product/usr/srec/en-US/lstm_model.uint8.data 159369-160455
//my_heytap/product/usr/srec/en-US/metadata 160457
//my_heytap/product/usr/srec/en-US/offensive_word_normalizer.mfar 160458-160508
//my_heytap/product/usr/srec/en-US/offline_action_data.pb 160509
//my_heytap/product/usr/srec/en-US/portable_lstm 160510-160631
//my_heytap/product/usr/srec/en-US/prons_exception_dictionary_file.txt 160632-160642
//my_heytap/product/usr/srec/en-US/pumpkin.mmap 160643-162843
//my_heytap/product/usr/srec/en-US/rescoring.fst.compact 162846-164022
//my_heytap/product/usr/srec/en-US/semantics.pumpkin 164024-164034
//my_heytap/product/usr/srec/en-US/verbalizer_terse.mfar 164035-164142
//my_heytap/product/usr/srec/en-US/voice_actions.config 164143-164144
//my_heytap/product/usr/srec/en-US/voice_actions_compiler.config 164145-164146
//my_heytap/product/usr/srec/en-US/wordlist.syms 164147-164287
