//my_product/apkcerts.txt 1-2
//my_product/app/OplusDiracService/OplusDiracService.apk 3-265
//my_product/build.prop 266
//my_product/decouping_wallpaper/common/inlay_wallpaper1.png 267-630
//my_product/decouping_wallpaper/common/inlay_wallpaper10.png 632-946
//my_product/decouping_wallpaper/common/inlay_wallpaper2.png 948-1268
//my_product/decouping_wallpaper/common/inlay_wallpaper3.png 1269-1690
//my_product/decouping_wallpaper/common/inlay_wallpaper4.png 1692-2019
//my_product/decouping_wallpaper/common/inlay_wallpaper5.png 2021-2272
//my_product/decouping_wallpaper/common/inlay_wallpaper6.png 2273-2569
//my_product/decouping_wallpaper/common/inlay_wallpaper7.jpg 2571-2891
//my_product/decouping_wallpaper/common/inlay_wallpaper8.png 2892-3276
//my_product/decouping_wallpaper/common/inlay_wallpaper9.png 3277-3728
//my_product/decouping_wallpaper/common/inlay_wallpaper_id.png 3730-3830
//my_product/decouping_wallpaper/default/default_wallpaper.png 3832-4195
//my_product/decouping_wallpaper/default/default_wallpaper_lock.png 4197-4560
//my_product/decouping_wallpaper/default/preview_0.png 4562-4565
//my_product/decouping_wallpaper/default/preview_0_en.png 4566-4569
//my_product/decouping_wallpaper/default/preview_1.png 4570-4614
//my_product/decouping_wallpaper/default/preview_1_en.png 4615-4650
//my_product/decouping_wallpaper/default/thumb.png 4651-4659
//my_product/decouping_wallpaper/default/thumb_en.png 4660-4667
//my_product/etc/camera/engineer_camera_config 4669
//my_product/etc/extension/sys_osense_decisionmaker_config.xml 4671
//my_product/etc/fusionlight_profile/oplus_fusion_light_args.xml 4672
//my_product/etc/fusionlight_profile/oplus_fusion_light_args_2.xml 4673
//my_product/etc/oplus_vrr_config.json 4674
//my_product/etc/refresh_rate_config.xml 4679-4690
//my_product/etc/sar_config.xml 4692
//my_product/etc/settings/regulatory_image_brazil_anatel_rmx3081.png 4693-4707
//my_product/etc/settings/regulatory_image_brazil_anatel_rmx3191.png 4708-4715
//my_product/etc/settings/regulatory_image_brazil_anatel_rmx3363.png 4716-4730
//my_product/etc/settings/regulatory_image_india_anatel_rmp2107.png 4732-4733
//my_product/etc/settings/regulatory_image_india_anatel_rmp2108.png 4735-4736
//my_product/etc/temperature_profile/sys_thermal_control_config.xml 4738
//my_product/media/bootanimation/bootanimation.zip 4740-5030
//my_product/media/bootanimation/rbootanimation.zip 5031-5247
//my_product/non_overlay/app/OplusCamera/OplusCamera.apk 5248-28022
//my_product/non_overlay/priv-app/DiracAudioControlService/DiracAudioControlService.apk 28039-28112
//my_product/overlay/SystemUIFingerprintRes_CCYH.apk 28113-29211
//my_product/overlay/SystemUIFingerprintRes_JHSY.apk 29212-29505
//my_product/overlay/SystemUIFingerprintRes_JSLZ.apk 29507-30950
//my_product/overlay/SystemUIFingerprintRes_LGSY.apk 30951-31360
//my_product/overlay/SystemUIFingerprintRes_NLGS.apk 31362-31840
//my_product/overlay/SystemUIFingerprintRes_TYJW.apk 31841-32290
//my_product/overlay/SystemUIFingerprintRes_XKLC.apk 32291-32918
//my_product/overlay/android_framework_res_overlay.display.product.216AF.apk 32920-32921
//my_product/overlay/oplus_framework_res_rro_realme.apk 32922-32923
//my_product/product_overlay/framework/com.oplus.camera.unit.sdk.adapter.jar 32924-33110
//my_product/product_overlay/framework/com.oplus.camera.unit.sdk.jar 33111-33369
//my_product/vendor/etc/display_curve_map.xml 33370-33380
//my_product/vendor/etc/multimedia_app_scale_list.xml 33381-33382
//my_product/vendor/etc/multimedia_display_perf_list.xml 33383-33384
