//my_stock/apkcerts.txt 1
//my_stock/app/AfterSalesService/AfterSalesService.apk 2-1032
//my_stock/app/Aod/Aod.apk 1034-7350
//my_stock/app/Aod/lib/arm64/libVFX.so 7355-7848
//my_stock/app/Aod/lib/arm64/libhandpaintedeffects.so 7849-7898
//my_stock/app/Aod/lib/arm64/liboplus_gifdecoder.so 7899-7925
//my_stock/app/Aod/lib/arm64/liboplus_image_process.so 7926-7927
//my_stock/app/Aod/lib/arm64/liboplusos_lunar.so 7928-7930
//my_stock/app/COSA/COSA.apk 7931-19250
//my_stock/app/Calculator2/Calculator2.apk 19258-20573
//my_stock/app/ChildrenSpace/ChildrenSpace.apk 20576-22619
//my_stock/app/Clock/Clock.apk 22622-25083
//my_stock/app/FileEncryption/FileEncryption.apk 25086-25954
//my_stock/app/FileManager/FileManager.apk 25955-29951
//my_stock/app/FloatAssistant/FloatAssistant.apk 29956-33936
//my_stock/app/FocusMode/FocusMode.apk 33941-36358
//my_stock/app/Games/Games.apk 36361-42958
//my_stock/app/HealthCheck/HealthCheck.apk 42965-44206
//my_stock/app/Karaoke/Karaoke.apk 44209-45329
//my_stock/app/KeKePay/KeKePay.apk 45330-47338
//my_stock/app/LocationProxy/LocationProxy.apk 47341-47995
//my_stock/app/Music/Music.apk 47996-51218
//my_stock/app/NewSoundRecorder/NewSoundRecorder.apk 51222-53279
//my_stock/app/NewSoundRecorder/lib/arm64/libSlienceDetect.so 53282-53303
//my_stock/app/NewSoundRecorder/lib/arm64/liblamemp3.so 53304-53345
//my_stock/app/NewSoundRecorder/lib/arm64/libsilenceWrapper.so 53346-53350
//my_stock/app/OpenCapabilityService/OpenCapabilityService.apk 53351-54084
//my_stock/app/OppoCompass2/OppoCompass2.apk 54085-54922
//my_stock/app/OppoOperationManualExp/OppoOperationManualExp.apk 54923-56522
//my_stock/app/OppoWeather2/OppoWeather2.apk 56525-59185
//my_stock/app/OppoWeatherService/OppoWeatherService.apk 59188-60154
//my_stock/app/PhoneManager/PhoneManager.apk 60156-70090
//my_stock/app/PhoneManager/lib/arm64/libads-c.so 70097-70098
//my_stock/app/PhoneManager/lib/arm64/libaecore.so 70099-70130
//my_stock/app/PhoneManager/lib/arm64/libaedroid.so 70131-70153
//my_stock/app/PhoneManager/lib/arm64/libaehelp.so 70154-70185
//my_stock/app/PhoneManager/lib/arm64/libaemobile.so 70186-70228
//my_stock/app/PhoneManager/lib/arm64/libaepack.so 70229-70259
//my_stock/app/PhoneManager/lib/arm64/libaescn.so 70260-70275
//my_stock/app/PhoneManager/lib/arm64/libaevdf.so 70276-70286
//my_stock/app/PhoneManager/lib/arm64/libantivirus.so 70287-70302
//my_stock/app/PhoneManager/lib/arm64/libmavapi.so 70303-70325
//my_stock/app/PhoneManager/lib/arm64/libmaven.so 70326-70327
//my_stock/app/PhoneManager/lib/arm64/libnearmelog.so 70328-70336
//my_stock/app/RomUpdate/RomUpdate.apk 70337-70684
//my_stock/app/SceneMode/SceneMode.apk 70685-72127
//my_stock/app/SecurePay/SecurePay.apk 72130-74778
//my_stock/app/SecurityAnalysis/SecurityAnalysis.apk 74781-76243
//my_stock/app/SmartEngine/SmartEngine.apk 76244-77150
//my_stock/app/SmartSideBar/SmartSideBar.apk 77151-78292
//my_stock/app/VariUIEngine/VariUIEngine.apk 78294-78722
//my_stock/app/Wallpapers/Wallpapers.apk 78723-85154
//my_stock/app/WellbeingAssistant/WellbeingAssistant.apk 85159-86202
//my_stock/app/realmeMovieShot/realmeMovieShot.apk 86204-87249
//my_stock/del-app/BackupAndRestore/BackupAndRestore.apk 87252-90284
//my_stock/etc/NOTICE.xml.gz 90288-90297
//my_stock/etc/Operator_Ringback_Tone_List.xml 90298
//my_stock/etc/config/data_migrate_config.xml 90299-90300
//my_stock/etc/config/package_mapping_config.xml 90301
//my_stock/etc/extension/config_clear_settings_provider_key_settings_app.xml 90314
//my_stock/etc/extension/config_clear_settings_provider_key_third_app.xml 90315
//my_stock/etc/extension/regulatory_info_config.xml 90319
//my_stock/etc/oplus_carrierid_map.xml 90321-90322
//my_stock/etc/permissions/default_grant_permissions_list.xml 90323
//my_stock/etc/permissions/privapp-permissions-oplus.xml 90324
//my_stock/etc/settings/regulatory_image_brazil_anatel_rmx3081.png 90325-90339
//my_stock/etc/settings/regulatory_image_brazil_anatel_rmx3191.png 90341-90348
//my_stock/etc/settings/regulatory_image_brazil_anatel_rmx3363.png 90349-90363
//my_stock/etc/settings/regulatory_image_india_anatel_rmp2107.png 90365-90366
//my_stock/etc/settings/regulatory_image_india_anatel_rmp2108.png 90368-90369
//my_stock/media/theme/allApps.xml 90371-90374
//my_stock/media/theme/uxicons/xhdpi/com.airbnb.android/art_off.png 90375-90377
//my_stock/media/theme/uxicons/xhdpi/com.airbnb.android/mat.png 90379-90381
//my_stock/media/theme/uxicons/xhdpi/com.airbnb.android/recfg.png 90382-90383
//my_stock/media/theme/uxicons/xhdpi/com.android.contacts/dialer_recbg.png 90388
//my_stock/media/theme/uxicons/xhdpi/com.android.contacts/dialer_recfg.png 90390
//my_stock/media/theme/uxicons/xhdpi/com.android.contacts/recbg.png 90393-90397
//my_stock/media/theme/uxicons/xhdpi/com.android.contacts/recfg.png 90399
//my_stock/media/theme/uxicons/xhdpi/com.android.email/recbg.png 90401
//my_stock/media/theme/uxicons/xhdpi/com.android.email/recfg.png 90403
//my_stock/media/theme/uxicons/xhdpi/com.android.fmradio/recbg.png 90405
//my_stock/media/theme/uxicons/xhdpi/com.android.fmradio/recfg.png 90407-90408
//my_stock/media/theme/uxicons/xhdpi/com.android.mms/recfg.png 90410-90411
//my_stock/media/theme/uxicons/xhdpi/com.android.settings/recbg.png 90413
//my_stock/media/theme/uxicons/xhdpi/com.android.settings/recfg.png 90415-90417
//my_stock/media/theme/uxicons/xhdpi/com.android.stk/recbg.png 90419
//my_stock/media/theme/uxicons/xhdpi/com.android.stk/recfg.png 90421
//my_stock/media/theme/uxicons/xhdpi/com.caf.fmradio/recbg.png 90424
//my_stock/media/theme/uxicons/xhdpi/com.caf.fmradio/recfg.png 90426-90427
//my_stock/media/theme/uxicons/xhdpi/com.coloros.alarmclock/recbg.png 90429-90430
//my_stock/media/theme/uxicons/xhdpi/com.coloros.aruler/recfg.png 90432
//my_stock/media/theme/uxicons/xhdpi/com.coloros.backuprestore/recfg.png 90434
//my_stock/media/theme/uxicons/xhdpi/com.coloros.bbs/recbg.png 90438
//my_stock/media/theme/uxicons/xhdpi/com.coloros.calculator/recfg.png 90441-90442
//my_stock/media/theme/uxicons/xhdpi/com.coloros.compass2/recbg.png 90447-90448
//my_stock/media/theme/uxicons/xhdpi/com.coloros.filemanager/recfg.png 90452
//my_stock/media/theme/uxicons/xhdpi/com.coloros.findmyphone/mat.png 90454
//my_stock/media/theme/uxicons/xhdpi/com.coloros.findmyphone/recbg.png 90456-90457
//my_stock/media/theme/uxicons/xhdpi/com.coloros.findmyphone/recfg.png 90458-90459
//my_stock/media/theme/uxicons/xhdpi/com.coloros.findphone.client2/mat.png 90460
//my_stock/media/theme/uxicons/xhdpi/com.coloros.findphone.client2/recbg.png 90462-90463
//my_stock/media/theme/uxicons/xhdpi/com.coloros.findphone.client2/recfg.png 90464-90465
//my_stock/media/theme/uxicons/xhdpi/com.coloros.gallery3d/recbg.png 90467
//my_stock/media/theme/uxicons/xhdpi/com.coloros.gallery3d/recfg.png 90469
//my_stock/media/theme/uxicons/xhdpi/com.coloros.gamespaceui/recfg.png 90472-90473
//my_stock/media/theme/uxicons/xhdpi/com.coloros.note/recbg.png 90476
//my_stock/media/theme/uxicons/xhdpi/com.coloros.note/recfg.png 90477
//my_stock/media/theme/uxicons/xhdpi/com.coloros.onekeylockscreen/recbg.png 90479-90480
//my_stock/media/theme/uxicons/xhdpi/com.coloros.onekeylockscreen/recfg.png 90482-90483
//my_stock/media/theme/uxicons/xhdpi/com.coloros.phonemanager/recfg.png 90486-90487
//my_stock/media/theme/uxicons/xhdpi/com.coloros.soundrecorder/recbg.png 90489
//my_stock/media/theme/uxicons/xhdpi/com.coloros.soundrecorder/recfg.png 90491
//my_stock/media/theme/uxicons/xhdpi/com.coloros.video/recbg.png 90493-90494
//my_stock/media/theme/uxicons/xhdpi/com.coloros.video/recfg.png 90495-90496
//my_stock/media/theme/uxicons/xhdpi/com.coloros.weather2/recbg.png 90498-90499
//my_stock/media/theme/uxicons/xhdpi/com.coloros.weather2/recfg.png 90501-90502
//my_stock/media/theme/uxicons/xhdpi/com.ebay.mobile/art_off.png 90504-90505
//my_stock/media/theme/uxicons/xhdpi/com.ebay.mobile/mat.png 90506-90507
//my_stock/media/theme/uxicons/xhdpi/com.ebay.mobile/recfg.png 90508
//my_stock/media/theme/uxicons/xhdpi/com.facebook.katana/art_off.png 90510
//my_stock/media/theme/uxicons/xhdpi/com.finshell.wallet/recbg.png 90515
//my_stock/media/theme/uxicons/xhdpi/com.finshell.wallet/recfg.png 90516
//my_stock/media/theme/uxicons/xhdpi/com.heytap.browser/mat.png 90518
//my_stock/media/theme/uxicons/xhdpi/com.heytap.browser/peb.png 90520
//my_stock/media/theme/uxicons/xhdpi/com.heytap.browser/recbg.png 90521
//my_stock/media/theme/uxicons/xhdpi/com.heytap.browser/recfg.png 90523-90524
//my_stock/media/theme/uxicons/xhdpi/com.heytap.cloud/recbg.png 90526
//my_stock/media/theme/uxicons/xhdpi/com.heytap.market/recbg.png 90530-90531
//my_stock/media/theme/uxicons/xhdpi/com.heytap.market/recfg.png 90532-90533
//my_stock/media/theme/uxicons/xhdpi/com.heytap.music/recbg.png 90536
//my_stock/media/theme/uxicons/xhdpi/com.heytap.music/recfg.png 90538
//my_stock/media/theme/uxicons/xhdpi/com.heytap.reader/recbg.png 90540
//my_stock/media/theme/uxicons/xhdpi/com.heytap.reader/recfg.png 90541
//my_stock/media/theme/uxicons/xhdpi/com.heytap.smarthome/recfg.png 90544-90545
//my_stock/media/theme/uxicons/xhdpi/com.heytap.speechassist/mat.png 90546-90547
//my_stock/media/theme/uxicons/xhdpi/com.heytap.speechassist/peb.png 90548-90549
//my_stock/media/theme/uxicons/xhdpi/com.heytap.speechassist/recfg.png 90550-90551
//my_stock/media/theme/uxicons/xhdpi/com.instagram.android/art_off.png 90557-90559
//my_stock/media/theme/uxicons/xhdpi/com.instagram.android/mat.png 90561
//my_stock/media/theme/uxicons/xhdpi/com.instagram.android/recbg.png 90562
//my_stock/media/theme/uxicons/xhdpi/com.microsoft.office.outlook/art_off.png 90563-90566
//my_stock/media/theme/uxicons/xhdpi/com.microsoft.office.outlook/mat.png 90567
//my_stock/media/theme/uxicons/xhdpi/com.microsoft.office.outlook/recfg.png 90569
//my_stock/media/theme/uxicons/xhdpi/com.nearme.gamecenter/recfg.png 90572-90574
//my_stock/media/theme/uxicons/xhdpi/com.oplus.camera/recbg.png 90577-90578
//my_stock/media/theme/uxicons/xhdpi/com.oplus.camera/recfg.png 90579-90580
//my_stock/media/theme/uxicons/xhdpi/com.oplus.logkit/recfg.png 90582
//my_stock/media/theme/uxicons/xhdpi/com.oplus.play/recfg.png 90586-90587
//my_stock/media/theme/uxicons/xhdpi/com.oppo.camera/recbg.png 90589-90590
//my_stock/media/theme/uxicons/xhdpi/com.oppo.camera/recfg.png 90591-90592
//my_stock/media/theme/uxicons/xhdpi/com.paypal.android.p2pmobile/art_off.png 90595-90601
//my_stock/media/theme/uxicons/xhdpi/com.paypal.android.p2pmobile/mat.png 90602
//my_stock/media/theme/uxicons/xhdpi/com.paypal.android.p2pmobile/recbg.png 90604-90611
//my_stock/media/theme/uxicons/xhdpi/com.paypal.android.p2pmobile/recfg.png 90613
//my_stock/media/theme/uxicons/xhdpi/com.pinterest/art_off.png 90614
//my_stock/media/theme/uxicons/xhdpi/icons-meterial 90623-90624
//my_stock/media/theme/uxicons/xhdpi/icons-pebble 90625-90628
//my_stock/media/theme/uxicons/xhdpi/icons-rectangle 90629-90630
//my_stock/media/theme/uxicons/xhdpi/in.amazon.mShop.android.shopping/mat.png 90631
//my_stock/media/theme/uxicons/xhdpi/in.amazon.mShop.android.shopping/recbg.png 90633-90634
//my_stock/media/theme/uxicons/xxhdpi/com.airbnb.android/art_off.png 90636-90638
//my_stock/media/theme/uxicons/xxhdpi/com.airbnb.android/mat.png 90640-90642
//my_stock/media/theme/uxicons/xxhdpi/com.airbnb.android/recfg.png 90643-90644
//my_stock/media/theme/uxicons/xxhdpi/com.android.contacts/dialer_peb.png 90648
//my_stock/media/theme/uxicons/xxhdpi/com.android.contacts/dialer_recbg.png 90649-90652
//my_stock/media/theme/uxicons/xxhdpi/com.android.contacts/dialer_recfg.png 90653-90654
//my_stock/media/theme/uxicons/xxhdpi/com.android.contacts/recbg.png 90658-90664
//my_stock/media/theme/uxicons/xxhdpi/com.android.contacts/recfg.png 90665-90666
//my_stock/media/theme/uxicons/xxhdpi/com.android.email/recbg.png 90668-90671
//my_stock/media/theme/uxicons/xxhdpi/com.android.email/recfg.png 90672-90673 90674
//my_stock/media/theme/uxicons/xxhdpi/com.android.fmradio/recbg.png 90676-90679
//my_stock/media/theme/uxicons/xxhdpi/com.android.fmradio/recfg.png 90680-90681
//my_stock/media/theme/uxicons/xxhdpi/com.android.mms/recfg.png 90685-90687
//my_stock/media/theme/uxicons/xxhdpi/com.android.settings/recbg.png 90691-90694
//my_stock/media/theme/uxicons/xxhdpi/com.android.settings/recfg.png 90695-90699
//my_stock/media/theme/uxicons/xxhdpi/com.android.stk/recbg.png 90703-90706
//my_stock/media/theme/uxicons/xxhdpi/com.android.stk/recfg.png 90707-90708
//my_stock/media/theme/uxicons/xxhdpi/com.caf.fmradio/recbg.png 90712-90715
//my_stock/media/theme/uxicons/xxhdpi/com.caf.fmradio/recfg.png 90716-90717
//my_stock/media/theme/uxicons/xxhdpi/com.coloros.alarmclock/recbg.png 90720-90723
//my_stock/media/theme/uxicons/xxhdpi/com.coloros.aruler/recfg.png 90727
//my_stock/media/theme/uxicons/xxhdpi/com.coloros.backuprestore/recfg.png 90729-90731
//my_stock/media/theme/uxicons/xxhdpi/com.coloros.bbs/peb.png 90733
//my_stock/media/theme/uxicons/xxhdpi/com.coloros.calculator/recfg.png 90737-90740
//my_stock/media/theme/uxicons/xxhdpi/com.coloros.compass2/mat.png 90744
//my_stock/media/theme/uxicons/xxhdpi/com.coloros.compass2/peb.png 90745
//my_stock/media/theme/uxicons/xxhdpi/com.coloros.compass2/recbg.png 90746-90749
//my_stock/media/theme/uxicons/xxhdpi/com.coloros.compass2/recfg.png 90751
//my_stock/media/theme/uxicons/xxhdpi/com.coloros.filemanager/recfg.png 90755-90756 90757
//my_stock/media/theme/uxicons/xxhdpi/com.coloros.findmyphone/mat.png 90758
//my_stock/media/theme/uxicons/xxhdpi/com.coloros.findmyphone/peb.png 90760
//my_stock/media/theme/uxicons/xxhdpi/com.coloros.findmyphone/recbg.png 90761
//my_stock/media/theme/uxicons/xxhdpi/com.coloros.findphone.client2/mat.png 90762
//my_stock/media/theme/uxicons/xxhdpi/com.coloros.findphone.client2/peb.png 90764
//my_stock/media/theme/uxicons/xxhdpi/com.coloros.findphone.client2/recbg.png 90765
//my_stock/media/theme/uxicons/xxhdpi/com.coloros.findphone.client2/recfg.png 90767
//my_stock/media/theme/uxicons/xxhdpi/com.coloros.gallery3d/peb.png 90769
//my_stock/media/theme/uxicons/xxhdpi/com.coloros.gallery3d/recbg.png 90770-90773
//my_stock/media/theme/uxicons/xxhdpi/com.coloros.gallery3d/recfg.png 90774-90775
//my_stock/media/theme/uxicons/xxhdpi/com.coloros.gamespaceui/recfg.png 90779-90783
//my_stock/media/theme/uxicons/xxhdpi/com.coloros.onekeylockscreen/peb.png 90788
//my_stock/media/theme/uxicons/xxhdpi/com.coloros.onekeylockscreen/recbg.png 90789-90793
//my_stock/media/theme/uxicons/xxhdpi/com.coloros.onekeylockscreen/recfg.png 90794-90796
//my_stock/media/theme/uxicons/xxhdpi/com.coloros.phonemanager/peb.png 90802
//my_stock/media/theme/uxicons/xxhdpi/com.coloros.phonemanager/recfg.png 90803-90805
//my_stock/media/theme/uxicons/xxhdpi/com.coloros.soundrecorder/peb.png 90806
//my_stock/media/theme/uxicons/xxhdpi/com.coloros.soundrecorder/recbg.png 90807-90808
//my_stock/media/theme/uxicons/xxhdpi/com.coloros.soundrecorder/recfg.png 90810
//my_stock/media/theme/uxicons/xxhdpi/com.coloros.video/recbg.png 90814-90818
//my_stock/media/theme/uxicons/xxhdpi/com.coloros.video/recfg.png 90819-90821
//my_stock/media/theme/uxicons/xxhdpi/com.coloros.weather2/recbg.png 90824-90828
//my_stock/media/theme/uxicons/xxhdpi/com.coloros.weather2/recfg.png 90829-90832
//my_stock/media/theme/uxicons/xxhdpi/com.ebay.mobile/art_off.png 90834-90835
//my_stock/media/theme/uxicons/xxhdpi/com.ebay.mobile/mat.png 90836-90837
//my_stock/media/theme/uxicons/xxhdpi/com.ebay.mobile/recfg.png 90838
//my_stock/media/theme/uxicons/xxhdpi/com.facebook.katana/art_off.png 90839-90841
//my_stock/media/theme/uxicons/xxhdpi/com.facebook.katana/mat.png 90843
//my_stock/media/theme/uxicons/xxhdpi/com.facebook.katana/recbg.png 90845
//my_stock/media/theme/uxicons/xxhdpi/com.finshell.wallet/recbg.png 90848-90849
//my_stock/media/theme/uxicons/xxhdpi/com.finshell.wallet/recfg.png 90851-90852
//my_stock/media/theme/uxicons/xxhdpi/com.heytap.browser/mat.png 90856-90857
//my_stock/media/theme/uxicons/xxhdpi/com.heytap.browser/peb.png 90859
//my_stock/media/theme/uxicons/xxhdpi/com.heytap.browser/recbg.png 90861-90864
//my_stock/media/theme/uxicons/xxhdpi/com.heytap.browser/recfg.png 90865-90868
//my_stock/media/theme/uxicons/xxhdpi/com.heytap.cloud/recbg.png 90870-90872
//my_stock/media/theme/uxicons/xxhdpi/com.heytap.cloud/recfg.png 90873
//my_stock/media/theme/uxicons/xxhdpi/com.heytap.market/recbg.png 90876-90880
//my_stock/media/theme/uxicons/xxhdpi/com.heytap.market/recfg.png 90882-90885
//my_stock/media/theme/uxicons/xxhdpi/com.heytap.music/recbg.png 90887-90889
//my_stock/media/theme/uxicons/xxhdpi/com.heytap.music/recfg.png 90891-90892
//my_stock/media/theme/uxicons/xxhdpi/com.heytap.reader/recbg.png 90894-90895
//my_stock/media/theme/uxicons/xxhdpi/com.heytap.reader/recfg.png 90897-90898
//my_stock/media/theme/uxicons/xxhdpi/com.heytap.smarthome/recfg.png 90901-90903
//my_stock/media/theme/uxicons/xxhdpi/com.heytap.speechassist/mat.png 90904-90907
//my_stock/media/theme/uxicons/xxhdpi/com.heytap.speechassist/peb.png 90909-90911
//my_stock/media/theme/uxicons/xxhdpi/com.heytap.speechassist/recfg.png 90912-90916
//my_stock/media/theme/uxicons/xxhdpi/com.heytap.themestore/mat.png 90918
//my_stock/media/theme/uxicons/xxhdpi/com.heytap.themestore/recbg.png 90920
//my_stock/media/theme/uxicons/xxhdpi/com.instagram.android/art_off.png 90924-90930
//my_stock/media/theme/uxicons/xxhdpi/com.instagram.android/mat.png 90931
//my_stock/media/theme/uxicons/xxhdpi/com.instagram.android/recbg.png 90933-90936
//my_stock/media/theme/uxicons/xxhdpi/com.microsoft.office.outlook/art_off.png 90939-90942
//my_stock/media/theme/uxicons/xxhdpi/com.microsoft.office.outlook/mat.png 90943
//my_stock/media/theme/uxicons/xxhdpi/com.microsoft.office.outlook/recfg.png 90945
//my_stock/media/theme/uxicons/xxhdpi/com.nearme.gamecenter/peb.png 90947
//my_stock/media/theme/uxicons/xxhdpi/com.nearme.gamecenter/recfg.png 90948-90953
//my_stock/media/theme/uxicons/xxhdpi/com.oplus.camera/recbg.png 90957-90960
//my_stock/media/theme/uxicons/xxhdpi/com.oplus.camera/recfg.png 90962-90965
//my_stock/media/theme/uxicons/xxhdpi/com.oplus.logkit/recfg.png 90966-90967
//my_stock/media/theme/uxicons/xxhdpi/com.oplus.play/peb.png 90969
//my_stock/media/theme/uxicons/xxhdpi/com.oplus.play/recfg.png 90970-90972
//my_stock/media/theme/uxicons/xxhdpi/com.oppo.camera/recbg.png 90976-90979
//my_stock/media/theme/uxicons/xxhdpi/com.oppo.camera/recfg.png 90981-90984
//my_stock/media/theme/uxicons/xxhdpi/com.oppo.community/peb.png 90986
//my_stock/media/theme/uxicons/xxhdpi/com.paypal.android.p2pmobile/art_off.png 90988-90994
//my_stock/media/theme/uxicons/xxhdpi/com.paypal.android.p2pmobile/mat.png 90995
//my_stock/media/theme/uxicons/xxhdpi/com.paypal.android.p2pmobile/recbg.png 90997-91004
//my_stock/media/theme/uxicons/xxhdpi/com.paypal.android.p2pmobile/recfg.png 91006
//my_stock/media/theme/uxicons/xxhdpi/com.pinterest/art_off.png 91007-91008
//my_stock/media/theme/uxicons/xxhdpi/com.pinterest/mat.png 91009
//my_stock/media/theme/uxicons/xxhdpi/com.realmecomm.app/peb.png 91012
//my_stock/media/theme/uxicons/xxhdpi/com.realmecomm.app/recfg.png 91013
//my_stock/media/theme/uxicons/xxhdpi/com.snapchat.android/mat.png 91014
//my_stock/media/theme/uxicons/xxhdpi/com.twitter.android/art_off.png 91017
//my_stock/media/theme/uxicons/xxhdpi/icons-meterial 91019-91020
//my_stock/media/theme/uxicons/xxhdpi/icons-pebble 91021-91024
//my_stock/media/theme/uxicons/xxhdpi/icons-rectangle 91025-91026
//my_stock/media/theme/uxicons/xxhdpi/in.amazon.mShop.android.shopping/mat.png 91027-91029
//my_stock/media/theme/uxicons/xxhdpi/in.amazon.mShop.android.shopping/recbg.png 91031-91034
//my_stock/media/theme/uxicons/xxxhdpi/com.airbnb.android/art_off.png 91036-91038
//my_stock/media/theme/uxicons/xxxhdpi/com.airbnb.android/mat.png 91040-91042
//my_stock/media/theme/uxicons/xxxhdpi/com.airbnb.android/recfg.png 91043-91044
//my_stock/media/theme/uxicons/xxxhdpi/com.android.bluetooth/share_blue.png 91046
//my_stock/media/theme/uxicons/xxxhdpi/com.android.contacts/dialer_mat.png 91047
//my_stock/media/theme/uxicons/xxxhdpi/com.android.contacts/dialer_peb.png 91048
//my_stock/media/theme/uxicons/xxxhdpi/com.android.contacts/dialer_recbg.png 91049-91055
//my_stock/media/theme/uxicons/xxxhdpi/com.android.contacts/dialer_recfg.png 91056-91059
//my_stock/media/theme/uxicons/xxxhdpi/com.android.contacts/peb.png 91061
//my_stock/media/theme/uxicons/xxxhdpi/com.android.contacts/recbg.png 91063-91074
//my_stock/media/theme/uxicons/xxxhdpi/com.android.contacts/recfg.png 91075-91077
//my_stock/media/theme/uxicons/xxxhdpi/com.android.email/peb.png 91078
//my_stock/media/theme/uxicons/xxxhdpi/com.android.email/recbg.png 91079-91085
//my_stock/media/theme/uxicons/xxxhdpi/com.android.email/recfg.png 91086-91089
//my_stock/media/theme/uxicons/xxxhdpi/com.android.fmradio/peb.png 91092
//my_stock/media/theme/uxicons/xxxhdpi/com.android.fmradio/recbg.png 91093-91099
//my_stock/media/theme/uxicons/xxxhdpi/com.android.fmradio/recfg.png 91100-91104
//my_stock/media/theme/uxicons/xxxhdpi/com.android.mms/peb.png 91106
//my_stock/media/theme/uxicons/xxxhdpi/com.android.mms/recfg.png 91108-91112
//my_stock/media/theme/uxicons/xxxhdpi/com.android.settings/peb.png 91115
//my_stock/media/theme/uxicons/xxxhdpi/com.android.settings/recbg.png 91116-91122
//my_stock/media/theme/uxicons/xxxhdpi/com.android.settings/recfg.png 91124-91131
//my_stock/media/theme/uxicons/xxxhdpi/com.android.stk/peb.png 91134
//my_stock/media/theme/uxicons/xxxhdpi/com.android.stk/recbg.png 91135-91141
//my_stock/media/theme/uxicons/xxxhdpi/com.android.stk/recfg.png 91142-91145
//my_stock/media/theme/uxicons/xxxhdpi/com.caf.fmradio/peb.png 91147
//my_stock/media/theme/uxicons/xxxhdpi/com.caf.fmradio/recbg.png 91148-91154
//my_stock/media/theme/uxicons/xxxhdpi/com.caf.fmradio/recfg.png 91155-91159
//my_stock/media/theme/uxicons/xxxhdpi/com.coloros.alarmclock/peb.png 91161
//my_stock/media/theme/uxicons/xxxhdpi/com.coloros.alarmclock/recbg.png 91162-91169
//my_stock/media/theme/uxicons/xxxhdpi/com.coloros.aruler/peb.png 91172
//my_stock/media/theme/uxicons/xxxhdpi/com.coloros.aruler/recfg.png 91173-91174
//my_stock/media/theme/uxicons/xxxhdpi/com.coloros.backuprestore/recfg.png 91178-91182
//my_stock/media/theme/uxicons/xxxhdpi/com.coloros.bbs/mat.png 91183
//my_stock/media/theme/uxicons/xxxhdpi/com.coloros.bbs/peb.png 91184
//my_stock/media/theme/uxicons/xxxhdpi/com.coloros.calculator/peb.png 91187
//my_stock/media/theme/uxicons/xxxhdpi/com.coloros.calculator/recfg.png 91189-91194
//my_stock/media/theme/uxicons/xxxhdpi/com.coloros.calendar/peb.png 91196
//my_stock/media/theme/uxicons/xxxhdpi/com.coloros.calendar/recfg.png 91198
//my_stock/media/theme/uxicons/xxxhdpi/com.coloros.compass2/mat.png 91199
//my_stock/media/theme/uxicons/xxxhdpi/com.coloros.compass2/peb.png 91201
//my_stock/media/theme/uxicons/xxxhdpi/com.coloros.compass2/recbg.png 91202-91209
//my_stock/media/theme/uxicons/xxxhdpi/com.coloros.compass2/recfg.png 91210
//my_stock/media/theme/uxicons/xxxhdpi/com.coloros.encryptiont/peb.png 91213
//my_stock/media/theme/uxicons/xxxhdpi/com.coloros.filemanager/peb.png 91215
//my_stock/media/theme/uxicons/xxxhdpi/com.coloros.filemanager/recfg.png 91217-91220
//my_stock/media/theme/uxicons/xxxhdpi/com.coloros.findmyphone/mat.png 91222-91223
//my_stock/media/theme/uxicons/xxxhdpi/com.coloros.findmyphone/peb.png 91224
//my_stock/media/theme/uxicons/xxxhdpi/com.coloros.findmyphone/recfg.png 91226
//my_stock/media/theme/uxicons/xxxhdpi/com.coloros.findphone.client2/mat.png 91228-91229
//my_stock/media/theme/uxicons/xxxhdpi/com.coloros.findphone.client2/peb.png 91230
//my_stock/media/theme/uxicons/xxxhdpi/com.coloros.findphone.client2/recfg.png 91232
//my_stock/media/theme/uxicons/xxxhdpi/com.coloros.gallery3d/peb.png 91235
//my_stock/media/theme/uxicons/xxxhdpi/com.coloros.gallery3d/recbg.png 91236-91242
//my_stock/media/theme/uxicons/xxxhdpi/com.coloros.gallery3d/recfg.png 91244-91247
//my_stock/media/theme/uxicons/xxxhdpi/com.coloros.gamespaceui/peb.png 91250
//my_stock/media/theme/uxicons/xxxhdpi/com.coloros.gamespaceui/recfg.png 91251-91258
//my_stock/media/theme/uxicons/xxxhdpi/com.coloros.note/peb.png 91262
//my_stock/media/theme/uxicons/xxxhdpi/com.coloros.onekeylockscreen/peb.png 91264
//my_stock/media/theme/uxicons/xxxhdpi/com.coloros.onekeylockscreen/recbg.png 91266-91274
//my_stock/media/theme/uxicons/xxxhdpi/com.coloros.onekeylockscreen/recfg.png 91275-91279
//my_stock/media/theme/uxicons/xxxhdpi/com.coloros.operationtips/peb.png 91281
//my_stock/media/theme/uxicons/xxxhdpi/com.coloros.phonemanager/mat.png 91282
//my_stock/media/theme/uxicons/xxxhdpi/com.coloros.phonemanager/peb.png 91283
//my_stock/media/theme/uxicons/xxxhdpi/com.coloros.phonemanager/recfg.png 91285-91289
//my_stock/media/theme/uxicons/xxxhdpi/com.coloros.soundrecorder/peb.png 91290
//my_stock/media/theme/uxicons/xxxhdpi/com.coloros.soundrecorder/recbg.png 91292-91295
//my_stock/media/theme/uxicons/xxxhdpi/com.coloros.soundrecorder/recfg.png 91297-91298
//my_stock/media/theme/uxicons/xxxhdpi/com.coloros.video/mat.png 91300
//my_stock/media/theme/uxicons/xxxhdpi/com.coloros.video/peb.png 91301
//my_stock/media/theme/uxicons/xxxhdpi/com.coloros.video/recbg.png 91302-91309
//my_stock/media/theme/uxicons/xxxhdpi/com.coloros.video/recfg.png 91311-91314
//my_stock/media/theme/uxicons/xxxhdpi/com.coloros.weather2/peb.png 91317
//my_stock/media/theme/uxicons/xxxhdpi/com.coloros.weather2/recbg.png 91318-91325
//my_stock/media/theme/uxicons/xxxhdpi/com.coloros.weather2/recfg.png 91327-91333
//my_stock/media/theme/uxicons/xxxhdpi/com.ebay.mobile/art_off.png 91334-91335
//my_stock/media/theme/uxicons/xxxhdpi/com.ebay.mobile/mat.png 91336-91337
//my_stock/media/theme/uxicons/xxxhdpi/com.ebay.mobile/recfg.png 91338
//my_stock/media/theme/uxicons/xxxhdpi/com.facebook.katana/art_off.png 91340-91347
//my_stock/media/theme/uxicons/xxxhdpi/com.facebook.katana/mat.png 91348
//my_stock/media/theme/uxicons/xxxhdpi/com.facebook.katana/recbg.png 91350-91351
//my_stock/media/theme/uxicons/xxxhdpi/com.finshell.wallet/peb.png 91353
//my_stock/media/theme/uxicons/xxxhdpi/com.finshell.wallet/recbg.png 91354-91357
//my_stock/media/theme/uxicons/xxxhdpi/com.finshell.wallet/recfg.png 91358-91361
//my_stock/media/theme/uxicons/xxxhdpi/com.heytap.book/peb.png 91364
//my_stock/media/theme/uxicons/xxxhdpi/com.heytap.browser/mat.png 91366-91368
//my_stock/media/theme/uxicons/xxxhdpi/com.heytap.browser/peb.png 91370-91371
//my_stock/media/theme/uxicons/xxxhdpi/com.heytap.browser/recbg.png 91372-91378
//my_stock/media/theme/uxicons/xxxhdpi/com.heytap.browser/recfg.png 91379-91384
//my_stock/media/theme/uxicons/xxxhdpi/com.heytap.cloud/recbg.png 91388-91392
//my_stock/media/theme/uxicons/xxxhdpi/com.heytap.cloud/recfg.png 91393-91394
//my_stock/media/theme/uxicons/xxxhdpi/com.heytap.market/peb.png 91396
//my_stock/media/theme/uxicons/xxxhdpi/com.heytap.market/recbg.png 91397-91405
//my_stock/media/theme/uxicons/xxxhdpi/com.heytap.market/recfg.png 91407-91412
//my_stock/media/theme/uxicons/xxxhdpi/com.heytap.music/mat.png 91414
//my_stock/media/theme/uxicons/xxxhdpi/com.heytap.music/peb.png 91415
//my_stock/media/theme/uxicons/xxxhdpi/com.heytap.music/recbg.png 91416-91420
//my_stock/media/theme/uxicons/xxxhdpi/com.heytap.music/recfg.png 91422-91424
//my_stock/media/theme/uxicons/xxxhdpi/com.heytap.reader/peb.png 91426
//my_stock/media/theme/uxicons/xxxhdpi/com.heytap.reader/recfg.png 91427-91429
//my_stock/media/theme/uxicons/xxxhdpi/com.heytap.smarthome/peb.png 91431
//my_stock/media/theme/uxicons/xxxhdpi/com.heytap.smarthome/recfg.png 91432-91436
//my_stock/media/theme/uxicons/xxxhdpi/com.heytap.speechassist/mat.png 91437-91440
//my_stock/media/theme/uxicons/xxxhdpi/com.heytap.speechassist/peb.png 91442-91444
//my_stock/media/theme/uxicons/xxxhdpi/com.heytap.speechassist/recfg.png 91446-91451
//my_stock/media/theme/uxicons/xxxhdpi/com.heytap.themestore/mat.png 91453
//my_stock/media/theme/uxicons/xxxhdpi/com.heytap.themestore/recbg.png 91455-91456
//my_stock/media/theme/uxicons/xxxhdpi/com.heytap.themestore/recfg.png 91457
//my_stock/media/theme/uxicons/xxxhdpi/com.instagram.android/art_off.png 91461-91471
//my_stock/media/theme/uxicons/xxxhdpi/com.instagram.android/mat.png 91473-91474
//my_stock/media/theme/uxicons/xxxhdpi/com.instagram.android/recbg.png 91475-91482
//my_stock/media/theme/uxicons/xxxhdpi/com.microsoft.office.outlook/art_off.png 91485-91488
//my_stock/media/theme/uxicons/xxxhdpi/com.microsoft.office.outlook/mat.png 91489
//my_stock/media/theme/uxicons/xxxhdpi/com.microsoft.office.outlook/recfg.png 91491
//my_stock/media/theme/uxicons/xxxhdpi/com.nearme.gamecenter/mat.png 91492
//my_stock/media/theme/uxicons/xxxhdpi/com.nearme.gamecenter/peb.png 91493
//my_stock/media/theme/uxicons/xxxhdpi/com.nearme.gamecenter/recfg.png 91495-91504
//my_stock/media/theme/uxicons/xxxhdpi/com.oplus.camera/mat.png 91505
//my_stock/media/theme/uxicons/xxxhdpi/com.oplus.camera/peb.png 91507
//my_stock/media/theme/uxicons/xxxhdpi/com.oplus.camera/recbg.png 91508-91515
//my_stock/media/theme/uxicons/xxxhdpi/com.oplus.camera/recfg.png 91517-91522
//my_stock/media/theme/uxicons/xxxhdpi/com.oplus.logkit/recfg.png 91524-91526
//my_stock/media/theme/uxicons/xxxhdpi/com.oplus.play/mat.png 91528
//my_stock/media/theme/uxicons/xxxhdpi/com.oplus.play/peb.png 91529
//my_stock/media/theme/uxicons/xxxhdpi/com.oplus.play/recfg.png 91531-91536
//my_stock/media/theme/uxicons/xxxhdpi/com.oppo.camera/mat.png 91537
//my_stock/media/theme/uxicons/xxxhdpi/com.oppo.camera/peb.png 91538
//my_stock/media/theme/uxicons/xxxhdpi/com.oppo.camera/recbg.png 91540-91547
//my_stock/media/theme/uxicons/xxxhdpi/com.oppo.camera/recfg.png 91548-91553
//my_stock/media/theme/uxicons/xxxhdpi/com.oppo.community/peb.png 91556
//my_stock/media/theme/uxicons/xxxhdpi/com.paypal.android.p2pmobile/art_off.png 91560-91566
//my_stock/media/theme/uxicons/xxxhdpi/com.paypal.android.p2pmobile/mat.png 91568
//my_stock/media/theme/uxicons/xxxhdpi/com.paypal.android.p2pmobile/recbg.png 91569-91576
//my_stock/media/theme/uxicons/xxxhdpi/com.paypal.android.p2pmobile/recfg.png 91578
//my_stock/media/theme/uxicons/xxxhdpi/com.pinterest/art_off.png 91579-91581
//my_stock/media/theme/uxicons/xxxhdpi/com.pinterest/mat.png 91582
//my_stock/media/theme/uxicons/xxxhdpi/com.realmecomm.app/mat.png 91585
//my_stock/media/theme/uxicons/xxxhdpi/com.realmecomm.app/peb.png 91586
//my_stock/media/theme/uxicons/xxxhdpi/com.realmecomm.app/recfg.png 91588
//my_stock/media/theme/uxicons/xxxhdpi/com.snapchat.android/mat.png 91589
//my_stock/media/theme/uxicons/xxxhdpi/com.twitter.android/art_off.png 91593
//my_stock/media/theme/uxicons/xxxhdpi/icons-meterial 91597-91598
//my_stock/media/theme/uxicons/xxxhdpi/icons-pebble 91599-91601
//my_stock/media/theme/uxicons/xxxhdpi/icons-rectangle 91602
//my_stock/media/theme/uxicons/xxxhdpi/in.amazon.mShop.android.shopping/mat.png 91603-91607
//my_stock/media/theme/uxicons/xxxhdpi/in.amazon.mShop.android.shopping/recbg.png 91608-91614
//my_stock/plugin/GamePerformanceOpt/GamePerformanceOpt.apk 91616-91686
//my_stock/plugin/TeleServiceBackupAndRestore/TeleServiceBackupAndRestore.apk 91687-91841
//my_stock/plugin/TeleServiceCarrierConfig/TeleServiceCarrierConfig.apk 91842-91863
//my_stock/priv-app/AccessoryFramework/AccessoryFramework.apk 91864-94674
//my_stock/priv-app/ColorfulEngine/ColorfulEngine.apk 94678-96477
//my_stock/priv-app/Cota/Cota.apk 96480-97710
//my_stock/priv-app/DCS/DCS.apk 97713-97974
//my_stock/priv-app/GlobalSearch/GlobalSearch.apk 97975-100127
//my_stock/priv-app/HeyCast/HeyCast.apk 100130-101694
//my_stock/priv-app/HeySynergy/HeySynergy.apk 101697-102323
//my_stock/priv-app/LockAssistant/LockAssistant.apk 102324-103463
//my_stock/priv-app/MDSService/MDSService.apk 103466-104581
//my_stock/priv-app/ONet/ONet.apk 104583-105535
//my_stock/priv-app/OPSynergy/OPSynergy.apk 105537-108292
//my_stock/priv-app/OShare/OShare.apk 108296-109822
//my_stock/priv-app/Omacp/Omacp.apk 109825-110738
//my_stock/priv-app/OplusScreenRecorder/OplusScreenRecorder.apk 110739-112151
//my_stock/priv-app/OppoBootReg/OppoBootReg.apk 112154-117013
//my_stock/priv-app/OppoGallery2/OppoGallery2.apk 117020-153073
//my_stock/priv-app/SOSHelper/SOSHelper.apk 153100-154802
//my_stock/priv-app/Screenshot/Screenshot.apk 154805-158360
//my_stock/priv-app/VideoGallery/VideoGallery.apk 158364-161427
