//odm/bin/engineer_vendor_shell.sh 1
//odm/bin/hw/camerasloganserver 2
//odm/bin/hw/subsys_daemon 3-20
//odm/bin/hw/vendor-oplus-hardware-engineer@1.0-service 22-45
//odm/bin/hw/vendor-oplus-hardware-transmessage@1.0-service 46-48
//odm/bin/hw/vendor.oplus.hardware.biometrics.face@1.0-service 49-78
//odm/bin/hw/vendor.oplus.hardware.biometrics.fingerprint@2.1-service 79-89
//odm/bin/hw/vendor.oplus.hardware.biometrics.fingerprintpay@1.0-service 90-92
//odm/bin/hw/vendor.oplus.hardware.cammidasservice@1.0-service 93-95
//odm/bin/hw/vendor.oplus.hardware.charger@1.0-service 96-108
//odm/bin/hw/vendor.oplus.hardware.cryptoeng@1.0-service 109-114
//odm/bin/hw/vendor.oplus.hardware.displaypanelfeature@1.0-service 115-122
//odm/bin/hw/vendor.oplus.hardware.fido.fidoca@1.0-service 123-125
//odm/bin/hw/vendor.oplus.hardware.gameopt@1.0-service 126-128
//odm/bin/hw/vendor.oplus.hardware.lmvibrator@1.0-service 129-133
//odm/bin/hw/vendor.oplus.hardware.misc@1.0-service 134-136
//odm/bin/hw/vendor.oplus.hardware.oplusSensor@1.0-service 137-154
//odm/bin/hw/vendor.oplus.hardware.orms.ormsHalService@1.0-service 155-159
//odm/bin/hw/vendor.oplus.hardware.performance@1.0-service 160-177
//odm/bin/hw/vendor.oplus.hardware.rpmh@2.0-service 178-183
//odm/bin/hw/vendor.oplus.hardware.stability.oplus_project@1.0-service 184-188
//odm/bin/hw/vendor.oplus.hardware.thermalmntcfg@1.0-service 189-190
//odm/bin/hw/vendor.oplus.hardware.touch@1.0-service 191-192
//odm/bin/hw/vendor.oplus.hardware.vibrator-service 193-203
//odm/bin/hw/vendor.oplus.hardware.wifi@1.1-service 204-230
//odm/bin/init.vendor.wifi.autochmod.sh 233-234
//odm/bin/iwpriv_vendor 235-302
//odm/bin/mtkftm 303-306
//odm/bin/rpmbengclient_test 307
//odm/etc/Multimedia_Daemon_List.xml 311-314
//odm/etc/NOTICE.xml.gz 315-318
//odm/etc/aac_richtap.config 320-324
//odm/etc/audio/audio_device/audio_device.xml 325
//odm/etc/audio/audio_param/AudioParamOptions.xml 327
//odm/etc/audio/audio_param/AudioParamOptions_vext.xml 328
//odm/etc/audio/audio_param/HpImpedance_AudioParam.xml 329
//odm/etc/audio/audio_param/MicInfo_AudioParam.xml 331
//odm/etc/audio/audio_param/PlaybackACF_AudioParam.xml 333
//odm/etc/audio/audio_param/PlaybackDRC_AudioParam.xml 335
//odm/etc/audio/audio_param/PlaybackHCF_AudioParam.xml 337
//odm/etc/audio/audio_param/PlaybackVolAna_AudioParam.xml 338
//odm/etc/audio/audio_param/PlaybackVolDigi_AudioParam.xml 340
//odm/etc/audio/audio_param/PlaybackVolUI_AudioParam.xml 342
//odm/etc/audio/audio_param/RecordFIR_AudioParam.xml 345
//odm/etc/audio/audio_param/RecordUI_AudioParam.xml 346
//odm/etc/audio/audio_param/RecordVol_AudioParam.xml 350
//odm/etc/audio/audio_param/Record_AudioParam.xml 351
//odm/etc/audio/audio_param/Record_ParamUnitDesc.xml 352
//odm/etc/audio/audio_param/SmartPa_AudioParam.xml 355
//odm/etc/audio/audio_param/SpeechDMNR_AudioParam.xml 356
//odm/etc/audio/audio_param/SpeechDMNR_ParamUnitDesc.xml 357-358
//odm/etc/audio/audio_param/SpeechUI_ParamUnitDesc.xml 361
//odm/etc/audio/audio_param/SpeechVol_AudioParam.xml 363
//odm/etc/audio/audio_param/Speech_AudioParam.xml 365-368
//odm/etc/audio/audio_param/Speech_ParamTreeView.xml 369-370
//odm/etc/audio/audio_param/Speech_ParamUnitDesc.xml 371-373
//odm/etc/audio/audio_param/VoIP_AudioParam.xml 379
//odm/etc/audio/audio_param/VoIP_ParamTreeView.xml 380
//odm/etc/audio/audio_param/VoIP_ParamUnitDesc.xml 381-382
//odm/etc/audio/audio_param/VoIPv2DMNR_AudioParam.xml 383
//odm/etc/audio/audio_param/VoIPv2DMNR_ParamUnitDesc.xml 384-385
//odm/etc/audio/audio_param/VoIPv2UI_AudioParam.xml 386
//odm/etc/audio/audio_param/VoIPv2_AudioParam.xml 388
//odm/etc/audio/audio_param/VoIPv2_ParamTreeView.xml 389-390
//odm/etc/audio/audio_param/VoIPv2_ParamUnitDesc.xml 391-393
//odm/etc/audio/audio_param/VoWDspAec_AudioParam.xml 394
//odm/etc/audio/audio_param/VolumeGainMap_AudioParam.xml 398
//odm/etc/audio/audio_param/VolumeGainMap_ParamUnitDesc.xml 399
//odm/etc/audio/audio_param/Volume_AudioParam.xml 400
//odm/etc/audio/aurisys_config/aurisys_config.xml 402
//odm/etc/audio/test_path/mixer_paths.xml 403
//odm/etc/audio_effects.xml 404
//odm/etc/bin/gauge_authenticate 405-406
//odm/etc/camera/CameraHWConfiguration.config 408-409
//odm/etc/camera/fwk_config.json 410
//odm/etc/camera/oplus_camera_hal_config 411
//odm/etc/dirac/Dirac_Support_Apps.xml 413-416
//odm/etc/dirac/diracmobile.config 417-536
//odm/etc/dirac/diracvdd.bin 537-538
//odm/etc/ecc_list.xml 540-541
//odm/etc/init/init.oplus.reserve.rc 545
//odm/etc/init/vendor.oplus.hardware.orms.ormsHalService@1.0-service.rc 549
//odm/etc/oplus.fstab 645
//odm/etc/orms/orms_core_config.xml 646-670
//odm/etc/power_profile/power_profile.xml 672
//odm/etc/powerhal/power_app_cfg.xml 673
//odm/etc/selinux/precompiled_sepolicy 674-787
//odm/etc/selinux/precompiled_sepolicy_debug 788-904
//odm/etc/temperature_profile/sys_thermal_control_config.xml 907
//odm/etc/tfavib_platform.config 908-909
//odm/firmware/aw8697_About_School_RTP_17.bin 923-924
//odm/firmware/aw8697_About_School_RTP_17_165Hz.bin 925-926
//odm/firmware/aw8697_About_School_RTP_17_175Hz.bin 927-928
//odm/firmware/aw8697_About_School_RTP_17_226Hz.bin 929-934
//odm/firmware/aw8697_About_School_RTP_17_230Hz.bin 935-939
//odm/firmware/aw8697_About_School_RTP_17_234Hz.bin 940-945
//odm/firmware/aw8697_About_School_RTP_17_237Hz.bin 946
//odm/firmware/aw8697_Appear_channel_RTP_123.bin 947
//odm/firmware/aw8697_Appear_channel_RTP_123_165Hz.bin 948
//odm/firmware/aw8697_Appear_channel_RTP_123_175Hz.bin 949
//odm/firmware/aw8697_Appear_channel_RTP_123_226Hz.bin 950
//odm/firmware/aw8697_Appear_channel_RTP_123_230Hz.bin 951
//odm/firmware/aw8697_Appear_channel_RTP_123_234Hz.bin 952
//odm/firmware/aw8697_Appear_channel_RTP_123_237Hz.bin 953
//odm/firmware/aw8697_Bliss_RTP_138.bin 954-955
//odm/firmware/aw8697_Bliss_RTP_138_165Hz.bin 956-957
//odm/firmware/aw8697_Bliss_RTP_138_175Hz.bin 958-959
//odm/firmware/aw8697_Bliss_RTP_138_226Hz.bin 960-966
//odm/firmware/aw8697_Bliss_RTP_138_230Hz.bin 967-972
//odm/firmware/aw8697_Bliss_RTP_138_234Hz.bin 973-979
//odm/firmware/aw8697_Bliss_RTP_138_237Hz.bin 980-995
//odm/firmware/aw8697_Bright_channel_RTP_128.bin 996
//odm/firmware/aw8697_Bright_channel_RTP_128_165Hz.bin 997
//odm/firmware/aw8697_Bright_channel_RTP_128_175Hz.bin 998
//odm/firmware/aw8697_Bright_channel_RTP_128_226Hz.bin 999
//odm/firmware/aw8697_Bright_channel_RTP_128_230Hz.bin 1000
//odm/firmware/aw8697_Bright_channel_RTP_128_234Hz.bin 1001
//odm/firmware/aw8697_Bright_channel_RTP_128_237Hz.bin 1002
//odm/firmware/aw8697_Childhood_RTP_19.bin 1003-1006
//odm/firmware/aw8697_Childhood_RTP_19_165Hz.bin 1007-1010
//odm/firmware/aw8697_Childhood_RTP_19_175Hz.bin 1011-1014
//odm/firmware/aw8697_Childhood_RTP_19_226Hz.bin 1015-1025
//odm/firmware/aw8697_Childhood_RTP_19_230Hz.bin 1026-1036
//odm/firmware/aw8697_Childhood_RTP_19_234Hz.bin 1037-1047
//odm/firmware/aw8697_Childhood_RTP_19_237Hz.bin 1048-1058
//odm/firmware/aw8697_Classical_ring_RTP_135.bin 1059
//odm/firmware/aw8697_Classical_ring_RTP_135_165Hz.bin 1060
//odm/firmware/aw8697_Classical_ring_RTP_135_175Hz.bin 1061
//odm/firmware/aw8697_Classical_ring_RTP_135_226Hz.bin 1062-1063
//odm/firmware/aw8697_Classical_ring_RTP_135_230Hz.bin 1064-1065
//odm/firmware/aw8697_Classical_ring_RTP_135_234Hz.bin 1066-1067
//odm/firmware/aw8697_Classical_ring_RTP_135_237Hz.bin 1068-1069
//odm/firmware/aw8697_Commuting_RTP_20.bin 1070-1074
//odm/firmware/aw8697_Commuting_RTP_20_165Hz.bin 1075-1079
//odm/firmware/aw8697_Commuting_RTP_20_175Hz.bin 1080-1084
//odm/firmware/aw8697_Commuting_RTP_20_226Hz.bin 1085-1096
//odm/firmware/aw8697_Commuting_RTP_20_230Hz.bin 1097-1108
//odm/firmware/aw8697_Commuting_RTP_20_234Hz.bin 1109-1120
//odm/firmware/aw8697_Commuting_RTP_20_237Hz.bin 1121-1134
//odm/firmware/aw8697_Dream_RTP_139.bin 1135-1137
//odm/firmware/aw8697_Dream_RTP_139_165Hz.bin 1138-1140
//odm/firmware/aw8697_Dream_RTP_139_175Hz.bin 1141-1143
//odm/firmware/aw8697_Dream_RTP_139_226Hz.bin 1144-1157
//odm/firmware/aw8697_Dream_RTP_139_230Hz.bin 1158-1167
//odm/firmware/aw8697_Dream_RTP_139_234Hz.bin 1168-1178
//odm/firmware/aw8697_Dream_RTP_139_237Hz.bin 1179-1189
//odm/firmware/aw8697_Firefly_RTP_22.bin 1190
//odm/firmware/aw8697_Firefly_RTP_22_165Hz.bin 1191
//odm/firmware/aw8697_Firefly_RTP_22_175Hz.bin 1192-1193
//odm/firmware/aw8697_Firefly_RTP_22_226Hz.bin 1194-1200
//odm/firmware/aw8697_Firefly_RTP_22_230Hz.bin 1201-1207
//odm/firmware/aw8697_Firefly_RTP_22_234Hz.bin 1208-1214
//odm/firmware/aw8697_Firefly_RTP_22_237Hz.bin 1215-1221
//odm/firmware/aw8697_Fun_channel_RTP_129.bin 1222
//odm/firmware/aw8697_Fun_channel_RTP_129_165Hz.bin 1223
//odm/firmware/aw8697_Fun_channel_RTP_129_175Hz.bin 1224
//odm/firmware/aw8697_Fun_channel_RTP_129_226Hz.bin 1225
//odm/firmware/aw8697_Fun_channel_RTP_129_230Hz.bin 1226
//odm/firmware/aw8697_Fun_channel_RTP_129_234Hz.bin 1227
//odm/firmware/aw8697_Fun_channel_RTP_129_237Hz.bin 1228
//odm/firmware/aw8697_Gaze_RTP_24.bin 1229
//odm/firmware/aw8697_Gaze_RTP_24_165Hz.bin 1230
//odm/firmware/aw8697_Gaze_RTP_24_175Hz.bin 1231
//odm/firmware/aw8697_Gaze_RTP_24_226Hz.bin 1232-1238
//odm/firmware/aw8697_Gaze_RTP_24_230Hz.bin 1239-1244
//odm/firmware/aw8697_Gaze_RTP_24_234Hz.bin 1245-1251
//odm/firmware/aw8697_Gaze_RTP_24_237Hz.bin 1252-1258
//odm/firmware/aw8697_Glittering_channel_RTP_130.bin 1259
//odm/firmware/aw8697_Glittering_channel_RTP_130_165Hz.bin 1260
//odm/firmware/aw8697_Glittering_channel_RTP_130_175Hz.bin 1261
//odm/firmware/aw8697_Glittering_channel_RTP_130_226Hz.bin 1262
//odm/firmware/aw8697_Glittering_channel_RTP_130_230Hz.bin 1263
//odm/firmware/aw8697_Glittering_channel_RTP_130_234Hz.bin 1264
//odm/firmware/aw8697_Glittering_channel_RTP_130_237Hz.bin 1265
//odm/firmware/aw8697_Granules_channel_RTP_9.bin 1266
//odm/firmware/aw8697_Granules_channel_RTP_9_165Hz.bin 1267
//odm/firmware/aw8697_Granules_channel_RTP_9_175Hz.bin 1268
//odm/firmware/aw8697_Granules_channel_RTP_9_226Hz.bin 1269-1270
//odm/firmware/aw8697_Granules_channel_RTP_9_230Hz.bin 1271-1272
//odm/firmware/aw8697_Granules_channel_RTP_9_234Hz.bin 1273-1274
//odm/firmware/aw8697_Granules_channel_RTP_9_237Hz.bin 1275-1276
//odm/firmware/aw8697_Harp_channel_RTP_131.bin 1277
//odm/firmware/aw8697_Harp_channel_RTP_131_165Hz.bin 1278
//odm/firmware/aw8697_Harp_channel_RTP_131_175Hz.bin 1279
//odm/firmware/aw8697_Harp_channel_RTP_131_226Hz.bin 1280
//odm/firmware/aw8697_Harp_channel_RTP_131_230Hz.bin 1281
//odm/firmware/aw8697_Harp_channel_RTP_131_234Hz.bin 1282
//odm/firmware/aw8697_Harp_channel_RTP_131_237Hz.bin 1283
//odm/firmware/aw8697_Hearty_channel_RTP_1.bin 1284-1343
//odm/firmware/aw8697_Impression_channel_RTP_11.bin 1344
//odm/firmware/aw8697_Ingenious_channel_RTP_12.bin 1345
//odm/firmware/aw8697_Ingenious_channel_RTP_12_165Hz.bin 1346
//odm/firmware/aw8697_Ingenious_channel_RTP_12_175Hz.bin 1347
//odm/firmware/aw8697_Ingenious_channel_RTP_12_226Hz.bin 1348
//odm/firmware/aw8697_Ingenious_channel_RTP_12_230Hz.bin 1349
//odm/firmware/aw8697_Ingenious_channel_RTP_12_234Hz.bin 1350
//odm/firmware/aw8697_Ingenious_channel_RTP_12_237Hz.bin 1351
//odm/firmware/aw8697_Instant_channel_RTP_2.bin 1352
//odm/firmware/aw8697_Instant_channel_RTP_2_165Hz.bin 1353
//odm/firmware/aw8697_Instant_channel_RTP_2_175Hz.bin 1354
//odm/firmware/aw8697_Instant_channel_RTP_2_226Hz.bin 1355
//odm/firmware/aw8697_Instant_channel_RTP_2_230Hz.bin 1356
//odm/firmware/aw8697_Instant_channel_RTP_2_234Hz.bin 1357
//odm/firmware/aw8697_Instant_channel_RTP_2_237Hz.bin 1358
//odm/firmware/aw8697_Joy_channel_RTP_13.bin 1359
//odm/firmware/aw8697_Joy_channel_RTP_13_165Hz.bin 1360
//odm/firmware/aw8697_Joy_channel_RTP_13_175Hz.bin 1361
//odm/firmware/aw8697_Joy_channel_RTP_13_226Hz.bin 1362
//odm/firmware/aw8697_Joy_channel_RTP_13_230Hz.bin 1363
//odm/firmware/aw8697_Joy_channel_RTP_13_234Hz.bin 1364
//odm/firmware/aw8697_Joy_channel_RTP_13_237Hz.bin 1365
//odm/firmware/aw8697_Joy_channel_RTP_141.bin 1366-1368
//odm/firmware/aw8697_Joy_channel_RTP_141_165Hz.bin 1369-1371
//odm/firmware/aw8697_Joy_channel_RTP_141_175Hz.bin 1372-1374
//odm/firmware/aw8697_Joy_channel_RTP_141_226Hz.bin 1375-1387
//odm/firmware/aw8697_Joy_channel_RTP_141_230Hz.bin 1388-1397
//odm/firmware/aw8697_Joy_channel_RTP_141_234Hz.bin 1398-1407
//odm/firmware/aw8697_Joy_channel_RTP_141_237Hz.bin 1408-1418
//odm/firmware/aw8697_Lakeside_RTP_25.bin 1419-1420
//odm/firmware/aw8697_Lakeside_RTP_25_165Hz.bin 1421-1422
//odm/firmware/aw8697_Lakeside_RTP_25_175Hz.bin 1423-1424
//odm/firmware/aw8697_Lakeside_RTP_25_226Hz.bin 1425-1432
//odm/firmware/aw8697_Lakeside_RTP_25_230Hz.bin 1433-1440
//odm/firmware/aw8697_Lakeside_RTP_25_234Hz.bin 1441-1448
//odm/firmware/aw8697_Lakeside_RTP_25_237Hz.bin 1449-1456
//odm/firmware/aw8697_Lifestyle_RTP_26.bin 1457-1459
//odm/firmware/aw8697_Long_for_RTP_136.bin 1460-1462
//odm/firmware/aw8697_Long_for_RTP_136_165Hz.bin 1463-1465
//odm/firmware/aw8697_Long_for_RTP_136_175Hz.bin 1466-1468
//odm/firmware/aw8697_Long_for_RTP_136_226Hz.bin 1469-1485
//odm/firmware/aw8697_Long_for_RTP_136_230Hz.bin 1486-1504
//odm/firmware/aw8697_Long_for_RTP_136_234Hz.bin 1505-1522
//odm/firmware/aw8697_Long_for_RTP_136_237Hz.bin 1523-1540
//odm/firmware/aw8697_Memories_RTP_27.bin 1541-1544
//odm/firmware/aw8697_Memories_RTP_27_165Hz.bin 1545-1548
//odm/firmware/aw8697_Memories_RTP_27_175Hz.bin 1549-1552
//odm/firmware/aw8697_Memories_RTP_27_226Hz.bin 1553-1565
//odm/firmware/aw8697_Memories_RTP_27_230Hz.bin 1566-1577
//odm/firmware/aw8697_Memories_RTP_27_234Hz.bin 1578-1590
//odm/firmware/aw8697_Memories_RTP_27_237Hz.bin 1591-1602
//odm/firmware/aw8697_Messy_RTP_28.bin 1603-1605
//odm/firmware/aw8697_Messy_RTP_28_165Hz.bin 1606-1608
//odm/firmware/aw8697_Messy_RTP_28_175Hz.bin 1609-1611
//odm/firmware/aw8697_Messy_RTP_28_226Hz.bin 1612-1619
//odm/firmware/aw8697_Messy_RTP_28_230Hz.bin 1620-1626
//odm/firmware/aw8697_Messy_RTP_28_234Hz.bin 1627-1634
//odm/firmware/aw8697_Messy_RTP_28_237Hz.bin 1635-1642
//odm/firmware/aw8697_Miss_RTP_124.bin 1643-1644
//odm/firmware/aw8697_Miss_RTP_124_165Hz.bin 1645-1646
//odm/firmware/aw8697_Miss_RTP_124_175Hz.bin 1647-1648
//odm/firmware/aw8697_Miss_RTP_124_226Hz.bin 1649-1654
//odm/firmware/aw8697_Miss_RTP_124_230Hz.bin 1655-1661
//odm/firmware/aw8697_Miss_RTP_124_234Hz.bin 1662-1668
//odm/firmware/aw8697_Miss_RTP_124_237Hz.bin 1669-1675
//odm/firmware/aw8697_Music_channel_RTP_125.bin 1676
//odm/firmware/aw8697_Music_channel_RTP_125_165Hz.bin 1677
//odm/firmware/aw8697_Music_channel_RTP_125_175Hz.bin 1678
//odm/firmware/aw8697_Music_channel_RTP_125_226Hz.bin 1679
//odm/firmware/aw8697_Music_channel_RTP_125_230Hz.bin 1680
//odm/firmware/aw8697_Music_channel_RTP_125_234Hz.bin 1681
//odm/firmware/aw8697_Music_channel_RTP_125_237Hz.bin 1682
//odm/firmware/aw8697_Night_RTP_29.bin 1683
//odm/firmware/aw8697_Night_RTP_29_165Hz.bin 1684
//odm/firmware/aw8697_Night_RTP_29_175Hz.bin 1685
//odm/firmware/aw8697_Night_RTP_29_226Hz.bin 1686-1689
//odm/firmware/aw8697_Night_RTP_29_230Hz.bin 1690-1693
//odm/firmware/aw8697_Night_RTP_29_234Hz.bin 1694-1697
//odm/firmware/aw8697_Night_RTP_29_237Hz.bin 1698-1701
//odm/firmware/aw8697_Overtone_channel_RTP_132.bin 1702
//odm/firmware/aw8697_Overtone_channel_RTP_132_165Hz.bin 1703
//odm/firmware/aw8697_Overtone_channel_RTP_132_175Hz.bin 1704
//odm/firmware/aw8697_Overtone_channel_RTP_132_226Hz.bin 1705
//odm/firmware/aw8697_Overtone_channel_RTP_132_230Hz.bin 1706
//odm/firmware/aw8697_Overtone_channel_RTP_132_234Hz.bin 1707
//odm/firmware/aw8697_Overtone_channel_RTP_132_237Hz.bin 1708
//odm/firmware/aw8697_Passionate_Dance_RTP_30.bin 1709-1710
//odm/firmware/aw8697_Passionate_Dance_RTP_30_165Hz.bin 1711-1712
//odm/firmware/aw8697_Passionate_Dance_RTP_30_175Hz.bin 1713-1714
//odm/firmware/aw8697_Passionate_Dance_RTP_30_226Hz.bin 1715-1724
//odm/firmware/aw8697_Passionate_Dance_RTP_30_230Hz.bin 1725-1735
//odm/firmware/aw8697_Passionate_Dance_RTP_30_234Hz.bin 1736-1745
//odm/firmware/aw8697_Passionate_Dance_RTP_30_237Hz.bin 1746-1756
//odm/firmware/aw8697_Percussion_channel_RTP_126.bin 1757
//odm/firmware/aw8697_Percussion_channel_RTP_126_165Hz.bin 1758
//odm/firmware/aw8697_Percussion_channel_RTP_126_175Hz.bin 1759
//odm/firmware/aw8697_Percussion_channel_RTP_126_226Hz.bin 1760
//odm/firmware/aw8697_Percussion_channel_RTP_126_230Hz.bin 1761
//odm/firmware/aw8697_Percussion_channel_RTP_126_234Hz.bin 1762
//odm/firmware/aw8697_Percussion_channel_RTP_126_237Hz.bin 1763
//odm/firmware/aw8697_Playground_RTP_31.bin 1764-1766
//odm/firmware/aw8697_Playground_RTP_31_165Hz.bin 1767-1769
//odm/firmware/aw8697_Playground_RTP_31_175Hz.bin 1770-1772
//odm/firmware/aw8697_Playground_RTP_31_226Hz.bin 1773-1784
//odm/firmware/aw8697_Playground_RTP_31_230Hz.bin 1785-1793
//odm/firmware/aw8697_Playground_RTP_31_234Hz.bin 1794-1803
//odm/firmware/aw8697_Playground_RTP_31_237Hz.bin 1804-1813
//odm/firmware/aw8697_Pure_RTP_49.bin 1814
//odm/firmware/aw8697_Pure_RTP_49_165Hz.bin 1815
//odm/firmware/aw8697_Pure_RTP_49_175Hz.bin 1816
//odm/firmware/aw8697_Pure_RTP_49_226Hz.bin 1817-1822
//odm/firmware/aw8697_Pure_RTP_49_230Hz.bin 1823-1829
//odm/firmware/aw8697_Pure_RTP_49_234Hz.bin 1830-1835
//odm/firmware/aw8697_Pure_RTP_49_237Hz.bin 1836-1841
//odm/firmware/aw8697_Receive_channel_RTP_15.bin 1842
//odm/firmware/aw8697_Receive_channel_RTP_15_165Hz.bin 1843
//odm/firmware/aw8697_Receive_channel_RTP_15_175Hz.bin 1844
//odm/firmware/aw8697_Receive_channel_RTP_15_226Hz.bin 1845-1846
//odm/firmware/aw8697_Receive_channel_RTP_15_230Hz.bin 1847-1848
//odm/firmware/aw8697_Receive_channel_RTP_15_234Hz.bin 1849-1850
//odm/firmware/aw8697_Receive_channel_RTP_15_237Hz.bin 1851-1852
//odm/firmware/aw8697_Relax_RTP_140.bin 1853-1857
//odm/firmware/aw8697_Relax_RTP_140_165Hz.bin 1858-1862
//odm/firmware/aw8697_Relax_RTP_140_175Hz.bin 1863-1866
//odm/firmware/aw8697_Relax_RTP_140_226Hz.bin 1867-1883
//odm/firmware/aw8697_Relax_RTP_140_230Hz.bin 1884-1896
//odm/firmware/aw8697_Relax_RTP_140_234Hz.bin 1897-1910
//odm/firmware/aw8697_Relax_RTP_140_237Hz.bin 1911-1926
//odm/firmware/aw8697_Relax_RTP_32.bin 1927
//odm/firmware/aw8697_Relax_RTP_32_165Hz.bin 1928
//odm/firmware/aw8697_Relax_RTP_32_175Hz.bin 1929
//odm/firmware/aw8697_Relax_RTP_32_226Hz.bin 1930-1932
//odm/firmware/aw8697_Relax_RTP_32_230Hz.bin 1933-1935
//odm/firmware/aw8697_Relax_RTP_32_234Hz.bin 1936-1938
//odm/firmware/aw8697_Relax_RTP_32_237Hz.bin 1939-1941
//odm/firmware/aw8697_Reminiscence_RTP_33.bin 1942
//odm/firmware/aw8697_Ripple_channel_RTP_127.bin 1943
//odm/firmware/aw8697_Ripple_channel_RTP_127_165Hz.bin 1944
//odm/firmware/aw8697_Ripple_channel_RTP_127_175Hz.bin 1945
//odm/firmware/aw8697_Ripple_channel_RTP_127_226Hz.bin 1946
//odm/firmware/aw8697_Ripple_channel_RTP_127_230Hz.bin 1947
//odm/firmware/aw8697_Ripple_channel_RTP_127_234Hz.bin 1948
//odm/firmware/aw8697_Ripple_channel_RTP_127_237Hz.bin 1949
//odm/firmware/aw8697_Romantic_RTP_137.bin 1950-1952
//odm/firmware/aw8697_Romantic_RTP_137_165Hz.bin 1953-1955
//odm/firmware/aw8697_Romantic_RTP_137_175Hz.bin 1956-1958
//odm/firmware/aw8697_Romantic_RTP_137_226Hz.bin 1959-1973
//odm/firmware/aw8697_Romantic_RTP_137_230Hz.bin 1974-1987
//odm/firmware/aw8697_Romantic_RTP_137_234Hz.bin 1988-2002
//odm/firmware/aw8697_Romantic_RTP_137_237Hz.bin 2003-2018
//odm/firmware/aw8697_Scenic_RTP_121.bin 2019-2020
//odm/firmware/aw8697_Scenic_RTP_121_165Hz.bin 2021-2022
//odm/firmware/aw8697_Scenic_RTP_121_175Hz.bin 2023-2024
//odm/firmware/aw8697_Scenic_RTP_121_226Hz.bin 2025-2026
//odm/firmware/aw8697_Scenic_RTP_121_230Hz.bin 2027-2028
//odm/firmware/aw8697_Scenic_RTP_121_234Hz.bin 2029-2030
//odm/firmware/aw8697_Scenic_RTP_121_237Hz.bin 2031-2032
//odm/firmware/aw8697_Seine_past_RTP_134.bin 2033-2034
//odm/firmware/aw8697_Seine_past_RTP_134_165Hz.bin 2035-2036
//odm/firmware/aw8697_Seine_past_RTP_134_175Hz.bin 2038-2039
//odm/firmware/aw8697_Seine_past_RTP_134_226Hz.bin 2040-2053
//odm/firmware/aw8697_Seine_past_RTP_134_230Hz.bin 2054-2065
//odm/firmware/aw8697_Seine_past_RTP_134_234Hz.bin 2066-2079
//odm/firmware/aw8697_Seine_past_RTP_134_237Hz.bin 2080-2093
//odm/firmware/aw8697_Silence_From_Afar_RTP_34.bin 2094-2099
//odm/firmware/aw8697_Silence_From_Afar_RTP_34_165Hz.bin 2100-2105
//odm/firmware/aw8697_Silence_From_Afar_RTP_34_175Hz.bin 2106-2111
//odm/firmware/aw8697_Silence_From_Afar_RTP_34_226Hz.bin 2112-2127
//odm/firmware/aw8697_Silence_From_Afar_RTP_34_230Hz.bin 2128-2144
//odm/firmware/aw8697_Silence_From_Afar_RTP_34_234Hz.bin 2146-2161
//odm/firmware/aw8697_Silence_From_Afar_RTP_34_237Hz.bin 2162-2177
//odm/firmware/aw8697_Silence_RTP_35.bin 2178-2179
//odm/firmware/aw8697_Silence_RTP_35_165Hz.bin 2180-2181
//odm/firmware/aw8697_Silence_RTP_35_175Hz.bin 2182-2183
//odm/firmware/aw8697_Silence_RTP_35_226Hz.bin 2184-2195
//odm/firmware/aw8697_Silence_RTP_35_230Hz.bin 2196-2206
//odm/firmware/aw8697_Silence_RTP_35_234Hz.bin 2207-2218
//odm/firmware/aw8697_Silence_RTP_35_237Hz.bin 2219-2233
//odm/firmware/aw8697_Simple_channel_RTP_133.bin 2235
//odm/firmware/aw8697_Simple_channel_RTP_133_165Hz.bin 2236
//odm/firmware/aw8697_Simple_channel_RTP_133_175Hz.bin 2237
//odm/firmware/aw8697_Simple_channel_RTP_133_226Hz.bin 2238
//odm/firmware/aw8697_Simple_channel_RTP_133_230Hz.bin 2239
//odm/firmware/aw8697_Simple_channel_RTP_133_234Hz.bin 2240
//odm/firmware/aw8697_Simple_channel_RTP_133_237Hz.bin 2241
//odm/firmware/aw8697_Splash_channel_RTP_16.bin 2242
//odm/firmware/aw8697_Splash_channel_RTP_16_165Hz.bin 2243
//odm/firmware/aw8697_Splash_channel_RTP_16_175Hz.bin 2244
//odm/firmware/aw8697_Splash_channel_RTP_16_226Hz.bin 2245
//odm/firmware/aw8697_Splash_channel_RTP_16_230Hz.bin 2246
//odm/firmware/aw8697_Splash_channel_RTP_16_234Hz.bin 2247
//odm/firmware/aw8697_Splash_channel_RTP_16_237Hz.bin 2248-2249
//odm/firmware/aw8697_Stars_RTP_36.bin 2250-2252
//odm/firmware/aw8697_Stars_RTP_36_165Hz.bin 2253-2255
//odm/firmware/aw8697_Stars_RTP_36_175Hz.bin 2256-2258
//odm/firmware/aw8697_Stars_RTP_36_226Hz.bin 2259-2274
//odm/firmware/aw8697_Stars_RTP_36_230Hz.bin 2275-2289
//odm/firmware/aw8697_Stars_RTP_36_234Hz.bin 2290-2302
//odm/firmware/aw8697_Stars_RTP_36_237Hz.bin 2303-2317
//odm/firmware/aw8697_Summer_RTP_37.bin 2318-2320
//odm/firmware/aw8697_Summer_RTP_37_165Hz.bin 2321-2323
//odm/firmware/aw8697_Summer_RTP_37_175Hz.bin 2324-2326
//odm/firmware/aw8697_Summer_RTP_37_226Hz.bin 2328-2337
//odm/firmware/aw8697_Summer_RTP_37_230Hz.bin 2338-2348
//odm/firmware/aw8697_Summer_RTP_37_234Hz.bin 2349-2358
//odm/firmware/aw8697_Summer_RTP_37_237Hz.bin 2359-2368
//odm/firmware/aw8697_Toys_RTP_38.bin 2369-2370
//odm/firmware/aw8697_Toys_RTP_38_165Hz.bin 2371-2372
//odm/firmware/aw8697_Toys_RTP_38_175Hz.bin 2373-2374
//odm/firmware/aw8697_Toys_RTP_38_226Hz.bin 2375-2385
//odm/firmware/aw8697_Toys_RTP_38_230Hz.bin 2386-2398
//odm/firmware/aw8697_Toys_RTP_38_234Hz.bin 2399-2409
//odm/firmware/aw8697_Toys_RTP_38_237Hz.bin 2410-2423
//odm/firmware/aw8697_Vision_RTP_40.bin 2424-2427
//odm/firmware/aw8697_Vision_RTP_40_170.bin 2429-2430
//odm/firmware/aw8697_breath_simulation_RTP_118.bin 2431-2432
//odm/firmware/aw8697_breath_simulation_RTP_118_165Hz.bin 2433-2434
//odm/firmware/aw8697_breath_simulation_RTP_118_175Hz.bin 2435-2436
//odm/firmware/aw8697_breath_simulation_RTP_118_226Hz.bin 2437-2438
//odm/firmware/aw8697_breath_simulation_RTP_118_230Hz.bin 2439-2440
//odm/firmware/aw8697_breath_simulation_RTP_118_234Hz.bin 2441-2442
//odm/firmware/aw8697_breath_simulation_RTP_118_237Hz.bin 2443-2444
//odm/firmware/aw8697_charging_simulation_RTP_108.bin 2445
//odm/firmware/aw8697_charging_simulation_RTP_108_165Hz.bin 2446
//odm/firmware/aw8697_charging_simulation_RTP_108_175Hz.bin 2447
//odm/firmware/aw8697_charging_simulation_RTP_108_226Hz.bin 2448
//odm/firmware/aw8697_charging_simulation_RTP_108_230Hz.bin 2449
//odm/firmware/aw8697_charging_simulation_RTP_108_234Hz.bin 2450
//odm/firmware/aw8697_charging_simulation_RTP_108_237Hz.bin 2451
//odm/firmware/aw8697_clock_channel_RTP_43.bin 2452
//odm/firmware/aw8697_clock_channel_RTP_43_165Hz.bin 2453
//odm/firmware/aw8697_clock_channel_RTP_43_175Hz.bin 2454
//odm/firmware/aw8697_clock_channel_RTP_43_226Hz.bin 2455-2456
//odm/firmware/aw8697_clock_channel_RTP_43_230Hz.bin 2457
//odm/firmware/aw8697_clock_channel_RTP_43_234Hz.bin 2458-2459
//odm/firmware/aw8697_clock_channel_RTP_43_237Hz.bin 2460-2461
//odm/firmware/aw8697_cut_channel_RTP_42.bin 2462
//odm/firmware/aw8697_cut_channel_RTP_42_165Hz.bin 2463
//odm/firmware/aw8697_cut_channel_RTP_42_175Hz.bin 2464
//odm/firmware/aw8697_cut_channel_RTP_42_226Hz.bin 2465-2466
//odm/firmware/aw8697_cut_channel_RTP_42_230Hz.bin 2467-2468
//odm/firmware/aw8697_cut_channel_RTP_42_234Hz.bin 2469-2470
//odm/firmware/aw8697_cut_channel_RTP_42_237Hz.bin 2471-2472
//odm/firmware/aw8697_fingerprint_effect1_RTP_110.bin 2479
//odm/firmware/aw8697_fingerprint_effect1_RTP_110_165Hz.bin 2480
//odm/firmware/aw8697_fingerprint_effect1_RTP_110_175Hz.bin 2481
//odm/firmware/aw8697_fingerprint_effect1_RTP_110_226Hz.bin 2482
//odm/firmware/aw8697_fingerprint_effect1_RTP_110_230Hz.bin 2483
//odm/firmware/aw8697_fingerprint_effect1_RTP_110_234Hz.bin 2484
//odm/firmware/aw8697_fingerprint_effect1_RTP_110_237Hz.bin 2485
//odm/firmware/aw8697_fingerprint_effect2_RTP_111.bin 2486
//odm/firmware/aw8697_fingerprint_effect2_RTP_111_165Hz.bin 2487
//odm/firmware/aw8697_fingerprint_effect2_RTP_111_175Hz.bin 2488
//odm/firmware/aw8697_fingerprint_effect2_RTP_111_226Hz.bin 2489
//odm/firmware/aw8697_fingerprint_effect2_RTP_111_230Hz.bin 2490
//odm/firmware/aw8697_fingerprint_effect2_RTP_111_234Hz.bin 2491
//odm/firmware/aw8697_fingerprint_effect2_RTP_111_237Hz.bin 2492
//odm/firmware/aw8697_fingerprint_effect3_RTP_112.bin 2493
//odm/firmware/aw8697_fingerprint_effect3_RTP_112_165Hz.bin 2494
//odm/firmware/aw8697_fingerprint_effect3_RTP_112_175Hz.bin 2495
//odm/firmware/aw8697_fingerprint_effect3_RTP_112_226Hz.bin 2496
//odm/firmware/aw8697_fingerprint_effect3_RTP_112_230Hz.bin 2497
//odm/firmware/aw8697_fingerprint_effect3_RTP_112_234Hz.bin 2498
//odm/firmware/aw8697_fingerprint_effect3_RTP_112_237Hz.bin 2499
//odm/firmware/aw8697_fingerprint_effect4_RTP_113.bin 2500
//odm/firmware/aw8697_fingerprint_effect4_RTP_113_165Hz.bin 2501
//odm/firmware/aw8697_fingerprint_effect4_RTP_113_175Hz.bin 2502
//odm/firmware/aw8697_fingerprint_effect4_RTP_113_226Hz.bin 2503
//odm/firmware/aw8697_fingerprint_effect4_RTP_113_230Hz.bin 2504
//odm/firmware/aw8697_fingerprint_effect4_RTP_113_234Hz.bin 2505
//odm/firmware/aw8697_fingerprint_effect4_RTP_113_237Hz.bin 2506
//odm/firmware/aw8697_fingerprint_effect5_RTP_114.bin 2507
//odm/firmware/aw8697_fingerprint_effect5_RTP_114_165Hz.bin 2508
//odm/firmware/aw8697_fingerprint_effect5_RTP_114_175Hz.bin 2509
//odm/firmware/aw8697_fingerprint_effect5_RTP_114_226Hz.bin 2510
//odm/firmware/aw8697_fingerprint_effect5_RTP_114_230Hz.bin 2511
//odm/firmware/aw8697_fingerprint_effect5_RTP_114_234Hz.bin 2512
//odm/firmware/aw8697_fingerprint_effect5_RTP_114_237Hz.bin 2513
//odm/firmware/aw8697_fingerprint_effect6_RTP_115.bin 2514
//odm/firmware/aw8697_fingerprint_effect6_RTP_115_165Hz.bin 2515
//odm/firmware/aw8697_fingerprint_effect6_RTP_115_175Hz.bin 2516
//odm/firmware/aw8697_fingerprint_effect6_RTP_115_226Hz.bin 2517
//odm/firmware/aw8697_fingerprint_effect6_RTP_115_230Hz.bin 2518
//odm/firmware/aw8697_fingerprint_effect6_RTP_115_234Hz.bin 2519
//odm/firmware/aw8697_fingerprint_effect6_RTP_115_237Hz.bin 2520
//odm/firmware/aw8697_fingerprint_effect7_RTP_116.bin 2521
//odm/firmware/aw8697_fingerprint_effect7_RTP_116_165Hz.bin 2522
//odm/firmware/aw8697_fingerprint_effect7_RTP_116_175Hz.bin 2523
//odm/firmware/aw8697_fingerprint_effect7_RTP_116_226Hz.bin 2524
//odm/firmware/aw8697_fingerprint_effect7_RTP_116_230Hz.bin 2525
//odm/firmware/aw8697_fingerprint_effect7_RTP_116_234Hz.bin 2526
//odm/firmware/aw8697_fingerprint_effect7_RTP_116_237Hz.bin 2527
//odm/firmware/aw8697_fingerprint_effect8_RTP_117.bin 2528
//odm/firmware/aw8697_fingerprint_effect8_RTP_117_165Hz.bin 2529
//odm/firmware/aw8697_fingerprint_effect8_RTP_117_175Hz.bin 2530
//odm/firmware/aw8697_fingerprint_effect8_RTP_117_226Hz.bin 2531
//odm/firmware/aw8697_fingerprint_effect8_RTP_117_230Hz.bin 2532
//odm/firmware/aw8697_fingerprint_effect8_RTP_117_234Hz.bin 2533
//odm/firmware/aw8697_fingerprint_effect8_RTP_117_237Hz.bin 2534
//odm/firmware/aw8697_haptic.bin 2535
//odm/firmware/aw8697_haptic_170.bin 2536
//odm/firmware/aw8697_haptic_235.bin 2537
//odm/firmware/aw8697_haptic_235_19161.bin 2538
//odm/firmware/aw8697_high_temp_high_humidity_channel_RTP_51_160Hz.bin 2539
//odm/firmware/aw8697_high_temp_high_humidity_channel_RTP_51_162Hz.bin 2540
//odm/firmware/aw8697_high_temp_high_humidity_channel_RTP_51_164Hz.bin 2541
//odm/firmware/aw8697_high_temp_high_humidity_channel_RTP_51_166Hz.bin 2542
//odm/firmware/aw8697_high_temp_high_humidity_channel_RTP_51_168Hz.bin 2543
//odm/firmware/aw8697_high_temp_high_humidity_channel_RTP_51_170Hz.bin 2544
//odm/firmware/aw8697_high_temp_high_humidity_channel_RTP_51_172Hz.bin 2545
//odm/firmware/aw8697_high_temp_high_humidity_channel_RTP_51_174Hz.bin 2546
//odm/firmware/aw8697_high_temp_high_humidity_channel_RTP_51_176Hz.bin 2547
//odm/firmware/aw8697_high_temp_high_humidity_channel_RTP_51_178Hz.bin 2548
//odm/firmware/aw8697_high_temp_high_humidity_channel_RTP_51_180Hz.bin 2549
//odm/firmware/aw8697_high_temp_high_humidity_channel_RTP_51_225Hz.bin 2550-2551
//odm/firmware/aw8697_high_temp_high_humidity_channel_RTP_51_226Hz.bin 2552-2553
//odm/firmware/aw8697_high_temp_high_humidity_channel_RTP_51_227Hz.bin 2554-2555
//odm/firmware/aw8697_high_temp_high_humidity_channel_RTP_51_228Hz.bin 2556
//odm/firmware/aw8697_high_temp_high_humidity_channel_RTP_51_229Hz.bin 2557
//odm/firmware/aw8697_high_temp_high_humidity_channel_RTP_51_230Hz.bin 2558
//odm/firmware/aw8697_high_temp_high_humidity_channel_RTP_51_231Hz.bin 2560
//odm/firmware/aw8697_high_temp_high_humidity_channel_RTP_51_232Hz.bin 2561
//odm/firmware/aw8697_high_temp_high_humidity_channel_RTP_51_233Hz.bin 2562-2564
//odm/firmware/aw8697_high_temp_high_humidity_channel_RTP_51_234Hz.bin 2565-2567
//odm/firmware/aw8697_high_temp_high_humidity_channel_RTP_51_235Hz.bin 2568-2570
//odm/firmware/aw8697_honor_five_kill_RTP_64.bin 2578
//odm/firmware/aw8697_honor_five_kill_RTP_64_165Hz.bin 2579
//odm/firmware/aw8697_honor_five_kill_RTP_64_175Hz.bin 2580
//odm/firmware/aw8697_honor_five_kill_RTP_64_226Hz.bin 2581-2582
//odm/firmware/aw8697_honor_five_kill_RTP_64_230Hz.bin 2583-2584
//odm/firmware/aw8697_honor_five_kill_RTP_64_234Hz.bin 2585-2586
//odm/firmware/aw8697_honor_five_kill_RTP_64_237Hz.bin 2587-2588
//odm/firmware/aw8697_honor_four_continu_kill_RTP_66.bin 2589
//odm/firmware/aw8697_honor_four_continu_kill_RTP_66_165Hz.bin 2590
//odm/firmware/aw8697_honor_four_continu_kill_RTP_66_175Hz.bin 2591
//odm/firmware/aw8697_honor_four_continu_kill_RTP_66_226Hz.bin 2592
//odm/firmware/aw8697_honor_four_continu_kill_RTP_66_230Hz.bin 2593
//odm/firmware/aw8697_honor_four_continu_kill_RTP_66_234Hz.bin 2594
//odm/firmware/aw8697_honor_four_continu_kill_RTP_66_237Hz.bin 2595
//odm/firmware/aw8697_honor_four_kill_RTP_63.bin 2596
//odm/firmware/aw8697_honor_four_kill_RTP_63_165Hz.bin 2597
//odm/firmware/aw8697_honor_four_kill_RTP_63_175Hz.bin 2598
//odm/firmware/aw8697_honor_four_kill_RTP_63_226Hz.bin 2599
//odm/firmware/aw8697_honor_four_kill_RTP_63_230Hz.bin 2600
//odm/firmware/aw8697_honor_four_kill_RTP_63_234Hz.bin 2601
//odm/firmware/aw8697_honor_four_kill_RTP_63_237Hz.bin 2602
//odm/firmware/aw8697_honor_lengendary_RTP_69.bin 2603-2604
//odm/firmware/aw8697_honor_lengendary_RTP_69_165Hz.bin 2605-2606
//odm/firmware/aw8697_honor_lengendary_RTP_69_175Hz.bin 2607-2608
//odm/firmware/aw8697_honor_lengendary_RTP_69_226Hz.bin 2609-2610
//odm/firmware/aw8697_honor_lengendary_RTP_69_230Hz.bin 2611
//odm/firmware/aw8697_honor_lengendary_RTP_69_234Hz.bin 2612-2613
//odm/firmware/aw8697_honor_lengendary_RTP_69_237Hz.bin 2614-2615
//odm/firmware/aw8697_honor_thousands_kill_RTP_68.bin 2616
//odm/firmware/aw8697_honor_thousands_kill_RTP_68_165Hz.bin 2617
//odm/firmware/aw8697_honor_thousands_kill_RTP_68_175Hz.bin 2618
//odm/firmware/aw8697_honor_thousands_kill_RTP_68_226Hz.bin 2619-2620
//odm/firmware/aw8697_honor_thousands_kill_RTP_68_230Hz.bin 2621
//odm/firmware/aw8697_honor_thousands_kill_RTP_68_234Hz.bin 2622-2623
//odm/firmware/aw8697_honor_thousands_kill_RTP_68_237Hz.bin 2624-2625
//odm/firmware/aw8697_honor_three_continu_kill_RTP_65.bin 2626
//odm/firmware/aw8697_honor_three_continu_kill_RTP_65_165Hz.bin 2627
//odm/firmware/aw8697_honor_three_continu_kill_RTP_65_175Hz.bin 2628
//odm/firmware/aw8697_honor_three_continu_kill_RTP_65_226Hz.bin 2629
//odm/firmware/aw8697_honor_three_continu_kill_RTP_65_230Hz.bin 2630
//odm/firmware/aw8697_honor_three_continu_kill_RTP_65_234Hz.bin 2631
//odm/firmware/aw8697_honor_three_continu_kill_RTP_65_237Hz.bin 2632
//odm/firmware/aw8697_honor_three_kill_RTP_62.bin 2634
//odm/firmware/aw8697_honor_three_kill_RTP_62_165Hz.bin 2635
//odm/firmware/aw8697_honor_three_kill_RTP_62_175Hz.bin 2636
//odm/firmware/aw8697_honor_three_kill_RTP_62_226Hz.bin 2637
//odm/firmware/aw8697_honor_three_kill_RTP_62_230Hz.bin 2638
//odm/firmware/aw8697_honor_three_kill_RTP_62_234Hz.bin 2639
//odm/firmware/aw8697_honor_three_kill_RTP_62_237Hz.bin 2640
//odm/firmware/aw8697_honor_unstoppable_RTP_67.bin 2647
//odm/firmware/aw8697_honor_unstoppable_RTP_67_165Hz.bin 2648
//odm/firmware/aw8697_honor_unstoppable_RTP_67_175Hz.bin 2649
//odm/firmware/aw8697_honor_unstoppable_RTP_67_226Hz.bin 2650
//odm/firmware/aw8697_honor_unstoppable_RTP_67_230Hz.bin 2651
//odm/firmware/aw8697_honor_unstoppable_RTP_67_234Hz.bin 2652
//odm/firmware/aw8697_honor_unstoppable_RTP_67_237Hz.bin 2653
//odm/firmware/aw8697_kill_program_RTP_47_226Hz.bin 2656
//odm/firmware/aw8697_kill_program_RTP_47_230Hz.bin 2657
//odm/firmware/aw8697_kill_program_RTP_47_234Hz.bin 2658
//odm/firmware/aw8697_kill_program_RTP_47_237Hz.bin 2659
//odm/firmware/aw8697_listen_pop_53.bin 2660
//odm/firmware/aw8697_listen_pop_53_235Hz.bin 2661
//odm/firmware/aw8697_long_sound_channel_RTP_44.bin 2662
//odm/firmware/aw8697_long_sound_channel_RTP_44_165Hz.bin 2663
//odm/firmware/aw8697_long_sound_channel_RTP_44_175Hz.bin 2664
//odm/firmware/aw8697_long_sound_channel_RTP_44_226Hz.bin 2665
//odm/firmware/aw8697_long_sound_channel_RTP_44_230Hz.bin 2666
//odm/firmware/aw8697_long_sound_channel_RTP_44_234Hz.bin 2667
//odm/firmware/aw8697_long_sound_channel_RTP_44_237Hz.bin 2668-2672
//odm/firmware/aw8697_nfc_10_RTP_55.bin 2673
//odm/firmware/aw8697_nfc_10_RTP_55_165Hz.bin 2674
//odm/firmware/aw8697_nfc_10_RTP_55_175Hz.bin 2675
//odm/firmware/aw8697_nfc_10_RTP_55_226Hz.bin 2676-2677
//odm/firmware/aw8697_nfc_10_RTP_55_230Hz.bin 2678-2679
//odm/firmware/aw8697_nfc_10_RTP_55_234Hz.bin 2680-2681
//odm/firmware/aw8697_nfc_10_RTP_55_237Hz.bin 2682-2683
//odm/firmware/aw8697_old_steady_test_RTP_52_160Hz.bin 2684
//odm/firmware/aw8697_old_steady_test_RTP_52_162Hz.bin 2685
//odm/firmware/aw8697_old_steady_test_RTP_52_164Hz.bin 2686
//odm/firmware/aw8697_old_steady_test_RTP_52_166Hz.bin 2687
//odm/firmware/aw8697_old_steady_test_RTP_52_168Hz.bin 2688
//odm/firmware/aw8697_old_steady_test_RTP_52_170Hz.bin 2689
//odm/firmware/aw8697_old_steady_test_RTP_52_172Hz.bin 2690
//odm/firmware/aw8697_old_steady_test_RTP_52_174Hz.bin 2691
//odm/firmware/aw8697_old_steady_test_RTP_52_176Hz.bin 2692
//odm/firmware/aw8697_old_steady_test_RTP_52_178Hz.bin 2693
//odm/firmware/aw8697_old_steady_test_RTP_52_180Hz.bin 2694
//odm/firmware/aw8697_old_steady_test_RTP_52_225Hz.bin 2695
//odm/firmware/aw8697_old_steady_test_RTP_52_226Hz.bin 2696
//odm/firmware/aw8697_old_steady_test_RTP_52_227Hz.bin 2697
//odm/firmware/aw8697_old_steady_test_RTP_52_228Hz.bin 2698
//odm/firmware/aw8697_old_steady_test_RTP_52_229Hz.bin 2699
//odm/firmware/aw8697_old_steady_test_RTP_52_230Hz.bin 2700
//odm/firmware/aw8697_old_steady_test_RTP_52_231Hz.bin 2701
//odm/firmware/aw8697_old_steady_test_RTP_52_232Hz.bin 2702
//odm/firmware/aw8697_old_steady_test_RTP_52_233Hz.bin 2703
//odm/firmware/aw8697_old_steady_test_RTP_52_234Hz.bin 2704
//odm/firmware/aw8697_old_steady_test_RTP_52_235Hz.bin 2705
//odm/firmware/aw8697_rtp.bin 2706
//odm/firmware/aw8697_rtp_lighthouse.bin 2707-2766
//odm/firmware/aw8697_short_channel_RTP_45.bin 2768
//odm/firmware/aw8697_short_channel_RTP_45_165Hz.bin 2769
//odm/firmware/aw8697_short_channel_RTP_45_175Hz.bin 2770
//odm/firmware/aw8697_short_channel_RTP_45_226Hz.bin 2771-2776
//odm/firmware/aw8697_short_channel_RTP_45_230Hz.bin 2777
//odm/firmware/aw8697_short_channel_RTP_45_234Hz.bin 2778
//odm/firmware/aw8697_short_channel_RTP_45_237Hz.bin 2779-2784
//odm/firmware/aw8697_soldier_fifth_kill_RTP_104.bin 2785
//odm/firmware/aw8697_soldier_fifth_kill_RTP_104_165Hz.bin 2786
//odm/firmware/aw8697_soldier_fifth_kill_RTP_104_175Hz.bin 2787
//odm/firmware/aw8697_soldier_fifth_kill_RTP_104_226Hz.bin 2788
//odm/firmware/aw8697_soldier_fifth_kill_RTP_104_230Hz.bin 2789
//odm/firmware/aw8697_soldier_fifth_kill_RTP_104_234Hz.bin 2790
//odm/firmware/aw8697_soldier_fifth_kill_RTP_104_237Hz.bin 2791
//odm/firmware/aw8697_soldier_first_kill_RTP_100.bin 2792
//odm/firmware/aw8697_soldier_first_kill_RTP_100_165Hz.bin 2793
//odm/firmware/aw8697_soldier_first_kill_RTP_100_175Hz.bin 2794
//odm/firmware/aw8697_soldier_first_kill_RTP_100_226Hz.bin 2795
//odm/firmware/aw8697_soldier_first_kill_RTP_100_230Hz.bin 2796
//odm/firmware/aw8697_soldier_first_kill_RTP_100_234Hz.bin 2797
//odm/firmware/aw8697_soldier_first_kill_RTP_100_237Hz.bin 2798
//odm/firmware/aw8697_soldier_fourth_kill_RTP_103.bin 2799
//odm/firmware/aw8697_soldier_fourth_kill_RTP_103_165Hz.bin 2800
//odm/firmware/aw8697_soldier_fourth_kill_RTP_103_175Hz.bin 2801
//odm/firmware/aw8697_soldier_fourth_kill_RTP_103_226Hz.bin 2802
//odm/firmware/aw8697_soldier_fourth_kill_RTP_103_230Hz.bin 2803
//odm/firmware/aw8697_soldier_fourth_kill_RTP_103_234Hz.bin 2804
//odm/firmware/aw8697_soldier_fourth_kill_RTP_103_237Hz.bin 2805
//odm/firmware/aw8697_soldier_second_kill_RTP_101.bin 2806
//odm/firmware/aw8697_soldier_second_kill_RTP_101_165Hz.bin 2807
//odm/firmware/aw8697_soldier_second_kill_RTP_101_175Hz.bin 2808
//odm/firmware/aw8697_soldier_second_kill_RTP_101_226Hz.bin 2809
//odm/firmware/aw8697_soldier_second_kill_RTP_101_230Hz.bin 2810
//odm/firmware/aw8697_soldier_second_kill_RTP_101_234Hz.bin 2811
//odm/firmware/aw8697_soldier_second_kill_RTP_101_237Hz.bin 2812
//odm/firmware/aw8697_soldier_third_kill_RTP_102.bin 2813
//odm/firmware/aw8697_soldier_third_kill_RTP_102_165Hz.bin 2814
//odm/firmware/aw8697_soldier_third_kill_RTP_102_175Hz.bin 2815
//odm/firmware/aw8697_soldier_third_kill_RTP_102_226Hz.bin 2816
//odm/firmware/aw8697_soldier_third_kill_RTP_102_230Hz.bin 2817
//odm/firmware/aw8697_soldier_third_kill_RTP_102_234Hz.bin 2818
//odm/firmware/aw8697_soldier_third_kill_RTP_102_237Hz.bin 2819
//odm/firmware/aw8697_two_error_remaind_RTP_46.bin 2827
//odm/firmware/aw8697_two_error_remaind_RTP_46_165Hz.bin 2828
//odm/firmware/aw8697_two_error_remaind_RTP_46_175Hz.bin 2829
//odm/firmware/aw8697_two_error_remaind_RTP_46_226Hz.bin 2830
//odm/firmware/aw8697_two_error_remaind_RTP_46_230Hz.bin 2831
//odm/firmware/aw8697_two_error_remaind_RTP_46_234Hz.bin 2832
//odm/firmware/aw8697_two_error_remaind_RTP_46_237Hz.bin 2833
//odm/firmware/aw8697_vibrator_remain_12_RTP_56.bin 2834
//odm/firmware/aw8697_vibrator_remain_12_RTP_56_165Hz.bin 2835
//odm/firmware/aw8697_vibrator_remain_12_RTP_56_175Hz.bin 2836
//odm/firmware/aw8697_vibrator_remain_12_RTP_56_226Hz.bin 2837
//odm/firmware/aw8697_vibrator_remain_12_RTP_56_230Hz.bin 2838
//odm/firmware/aw8697_vibrator_remain_12_RTP_56_234Hz.bin 2839
//odm/firmware/aw8697_vibrator_remain_12_RTP_56_237Hz.bin 2840
//odm/firmware/aw8697_voice_level_bar_edge_RTP_106.bin 2848
//odm/firmware/aw8697_voice_level_bar_edge_RTP_106_165Hz.bin 2849
//odm/firmware/aw8697_voice_level_bar_edge_RTP_106_175Hz.bin 2850
//odm/firmware/aw8697_voice_level_bar_edge_RTP_106_226Hz.bin 2851
//odm/firmware/aw8697_voice_level_bar_edge_RTP_106_230Hz.bin 2852
//odm/firmware/aw8697_voice_level_bar_edge_RTP_106_234Hz.bin 2853
//odm/firmware/aw8697_voice_level_bar_edge_RTP_106_237Hz.bin 2854
//odm/firmware/aw8697_waltz_channel_RTP_41.bin 2855
//odm/firmware/aw8697_waltz_channel_RTP_41_165Hz.bin 2856
//odm/firmware/aw8697_waltz_channel_RTP_41_175Hz.bin 2857
//odm/firmware/aw8697_waltz_channel_RTP_41_226Hz.bin 2858
//odm/firmware/aw8697_waltz_channel_RTP_41_230Hz.bin 2859
//odm/firmware/aw8697_waltz_channel_RTP_41_234Hz.bin 2860
//odm/firmware/aw8697_waltz_channel_RTP_41_237Hz.bin 2861-2862
//odm/firmware/aw8697_weather_cloudy_RTP_143.bin 2863-2866
//odm/firmware/aw8697_weather_cloudy_RTP_143_165Hz.bin 2867-2870
//odm/firmware/aw8697_weather_cloudy_RTP_143_175Hz.bin 2871-2873
//odm/firmware/aw8697_weather_cloudy_RTP_143_226Hz.bin 2874-2875
//odm/firmware/aw8697_weather_cloudy_RTP_143_230Hz.bin 2876-2877
//odm/firmware/aw8697_weather_cloudy_RTP_143_234Hz.bin 2878-2879
//odm/firmware/aw8697_weather_cloudy_RTP_143_237Hz.bin 2880-2881
//odm/firmware/aw8697_weather_default_RTP_145.bin 2882-2883
//odm/firmware/aw8697_weather_default_RTP_145_165Hz.bin 2884-2885
//odm/firmware/aw8697_weather_default_RTP_145_175Hz.bin 2886-2887
//odm/firmware/aw8697_weather_default_RTP_145_226Hz.bin 2888-2902
//odm/firmware/aw8697_weather_default_RTP_145_230Hz.bin 2903-2916
//odm/firmware/aw8697_weather_default_RTP_145_234Hz.bin 2917-2931
//odm/firmware/aw8697_weather_default_RTP_145_237Hz.bin 2932-2946
//odm/firmware/aw8697_weather_rain_RTP_149.bin 2947-2949
//odm/firmware/aw8697_weather_rain_RTP_149_165Hz.bin 2950-2953
//odm/firmware/aw8697_weather_rain_RTP_149_175Hz.bin 2954-2956
//odm/firmware/aw8697_weather_rain_RTP_149_226Hz.bin 2957-2966
//odm/firmware/aw8697_weather_rain_RTP_149_230Hz.bin 2967-2975
//odm/firmware/aw8697_weather_rain_RTP_149_234Hz.bin 2976-2985
//odm/firmware/aw8697_weather_rain_RTP_149_237Hz.bin 2986-2994
//odm/firmware/aw8697_weather_smog_RTP_147.bin 2995-2997
//odm/firmware/aw8697_weather_smog_RTP_147_165Hz.bin 2998-3000
//odm/firmware/aw8697_weather_smog_RTP_147_175Hz.bin 3001-3003
//odm/firmware/aw8697_weather_smog_RTP_147_226Hz.bin 3004-3012
//odm/firmware/aw8697_weather_smog_RTP_147_230Hz.bin 3013-3020
//odm/firmware/aw8697_weather_smog_RTP_147_234Hz.bin 3021-3029
//odm/firmware/aw8697_weather_smog_RTP_147_237Hz.bin 3030-3038
//odm/firmware/aw8697_weather_snow_RTP_148.bin 3039-3041
//odm/firmware/aw8697_weather_snow_RTP_148_165Hz.bin 3042-3044
//odm/firmware/aw8697_weather_snow_RTP_148_175Hz.bin 3045-3047
//odm/firmware/aw8697_weather_snow_RTP_148_226Hz.bin 3048-3055
//odm/firmware/aw8697_weather_snow_RTP_148_230Hz.bin 3056-3063
//odm/firmware/aw8697_weather_snow_RTP_148_234Hz.bin 3064-3071
//odm/firmware/aw8697_weather_snow_RTP_148_237Hz.bin 3072-3079
//odm/firmware/aw8697_weather_sunny_RTP_146.bin 3080-3082
//odm/firmware/aw8697_weather_sunny_RTP_146_165Hz.bin 3083-3086
//odm/firmware/aw8697_weather_sunny_RTP_146_175Hz.bin 3087-3089
//odm/firmware/aw8697_weather_sunny_RTP_146_226Hz.bin 3090-3098
//odm/firmware/aw8697_weather_sunny_RTP_146_230Hz.bin 3099-3107
//odm/firmware/aw8697_weather_sunny_RTP_146_234Hz.bin 3108-3116
//odm/firmware/aw8697_weather_sunny_RTP_146_237Hz.bin 3117-3125
//odm/firmware/aw8697_weather_thunderstorm_RTP_144.bin 3126-3131
//odm/firmware/aw8697_weather_thunderstorm_RTP_144_165Hz.bin 3132-3137
//odm/firmware/aw8697_weather_thunderstorm_RTP_144_175Hz.bin 3138-3143
//odm/firmware/aw8697_weather_thunderstorm_RTP_144_226Hz.bin 3144-3149
//odm/firmware/aw8697_weather_thunderstorm_RTP_144_230Hz.bin 3150-3154
//odm/firmware/aw8697_weather_thunderstorm_RTP_144_234Hz.bin 3155-3159
//odm/firmware/aw8697_weather_thunderstorm_RTP_144_237Hz.bin 3160-3163
//odm/firmware/aw8697_weather_wind_RTP_142.bin 3164-3166
//odm/firmware/aw8697_weather_wind_RTP_142_165Hz.bin 3167-3169
//odm/firmware/aw8697_weather_wind_RTP_142_175Hz.bin 3170-3172
//odm/firmware/aw8697_weather_wind_RTP_142_226Hz.bin 3173-3179
//odm/firmware/aw8697_weather_wind_RTP_142_230Hz.bin 3180-3185
//odm/firmware/aw8697_weather_wind_RTP_142_234Hz.bin 3186-3192
//odm/firmware/aw8697_weather_wind_RTP_142_237Hz.bin 3193-3199
//odm/firmware/barca_alarm_ring_RTP_120.bin 3201-3203
//odm/firmware/barca_incoming_ring_RTP_121.bin 3204-3206
//odm/firmware/barca_notice_ring_RTP_122.bin 3207
//odm/firmware/fastchg/20181/oplus_vooc_fw_op10.bin 3208-3210
//odm/firmware/fastchg/20355/oplus_vooc_fw_op10.bin 3211-3213
//odm/firmware/fastchg/20761/oplus_vooc_fw_op10.bin 3214-3216
//odm/firmware/lighthouse.mp3 3217-3443
//odm/firmware/tfa/tfa/common/tfa98xx.cnt 3445
//odm/firmware/tfa98xx/tfa98xx_About_School_RTP_17_226Hz.bin 3453-3466
//odm/firmware/tfa98xx/tfa98xx_About_School_RTP_17_230Hz.bin 3467-3479
//odm/firmware/tfa98xx/tfa98xx_About_School_RTP_17_234Hz.bin 3480-3493
//odm/firmware/tfa98xx/tfa98xx_About_School_RTP_17_237Hz.bin 3494-3496
//odm/firmware/tfa98xx/tfa98xx_Appear_channel_RTP_coloros7_123_226Hz.bin 3497
//odm/firmware/tfa98xx/tfa98xx_Appear_channel_RTP_coloros7_123_230Hz.bin 3498
//odm/firmware/tfa98xx/tfa98xx_Appear_channel_RTP_coloros7_123_234Hz.bin 3499
//odm/firmware/tfa98xx/tfa98xx_Appear_channel_RTP_coloros7_123_237Hz.bin 3500
//odm/firmware/tfa98xx/tfa98xx_Artist_Alarm_RTP_153_226Hz.bin 3501-3515
//odm/firmware/tfa98xx/tfa98xx_Artist_Alarm_RTP_153_230Hz.bin 3517-3540
//odm/firmware/tfa98xx/tfa98xx_Artist_Alarm_RTP_153_234Hz.bin 3541-3556
//odm/firmware/tfa98xx/tfa98xx_Artist_Alarm_RTP_153_237Hz.bin 3557-3572
//odm/firmware/tfa98xx/tfa98xx_Artist_Notification_RTP_150_226Hz.bin 3573-3574
//odm/firmware/tfa98xx/tfa98xx_Artist_Notification_RTP_150_230Hz.bin 3575-3576
//odm/firmware/tfa98xx/tfa98xx_Artist_Notification_RTP_150_234Hz.bin 3577-3578
//odm/firmware/tfa98xx/tfa98xx_Artist_Notification_RTP_150_237Hz.bin 3579-3580
//odm/firmware/tfa98xx/tfa98xx_Artist_Ringtong_RTP_151_226Hz.bin 3581-3611
//odm/firmware/tfa98xx/tfa98xx_Artist_Ringtong_RTP_151_230Hz.bin 3613-3638
//odm/firmware/tfa98xx/tfa98xx_Artist_Ringtong_RTP_151_234Hz.bin 3639-3669
//odm/firmware/tfa98xx/tfa98xx_Artist_Ringtong_RTP_151_237Hz.bin 3670-3699
//odm/firmware/tfa98xx/tfa98xx_Artist_Text_RTP_152_226Hz.bin 3701-3702
//odm/firmware/tfa98xx/tfa98xx_Artist_Text_RTP_152_230Hz.bin 3703-3704
//odm/firmware/tfa98xx/tfa98xx_Artist_Text_RTP_152_234Hz.bin 3705-3706
//odm/firmware/tfa98xx/tfa98xx_Artist_Text_RTP_152_237Hz.bin 3707-3708
//odm/firmware/tfa98xx/tfa98xx_Bliss_RTP_coloros7_138_226Hz.bin 3709-3733
//odm/firmware/tfa98xx/tfa98xx_Bliss_RTP_coloros7_138_230Hz.bin 3734-3757
//odm/firmware/tfa98xx/tfa98xx_Bliss_RTP_coloros7_138_234Hz.bin 3758-3782
//odm/firmware/tfa98xx/tfa98xx_Bliss_RTP_coloros7_138_237Hz.bin 3784-3820
//odm/firmware/tfa98xx/tfa98xx_Bright_channel_RTP_coloros7_128_226Hz.bin 3821
//odm/firmware/tfa98xx/tfa98xx_Bright_channel_RTP_coloros7_128_230Hz.bin 3822
//odm/firmware/tfa98xx/tfa98xx_Bright_channel_RTP_coloros7_128_234Hz.bin 3823
//odm/firmware/tfa98xx/tfa98xx_Bright_channel_RTP_coloros7_128_237Hz.bin 3824
//odm/firmware/tfa98xx/tfa98xx_Childhood_RTP_19_226Hz.bin 3825-3851
//odm/firmware/tfa98xx/tfa98xx_Childhood_RTP_19_230Hz.bin 3852-3881
//odm/firmware/tfa98xx/tfa98xx_Childhood_RTP_19_234Hz.bin 3883-3909
//odm/firmware/tfa98xx/tfa98xx_Childhood_RTP_19_237Hz.bin 3910-3933
//odm/firmware/tfa98xx/tfa98xx_Classical_ring_RTP_coloros7_135_226Hz.bin 3934-3937
//odm/firmware/tfa98xx/tfa98xx_Classical_ring_RTP_coloros7_135_230Hz.bin 3938-3941
//odm/firmware/tfa98xx/tfa98xx_Classical_ring_RTP_coloros7_135_234Hz.bin 3942-3945
//odm/firmware/tfa98xx/tfa98xx_Classical_ring_RTP_coloros7_135_237Hz.bin 3946-3948
//odm/firmware/tfa98xx/tfa98xx_Commuting_RTP_20_226Hz.bin 3949-3978
//odm/firmware/tfa98xx/tfa98xx_Commuting_RTP_20_230Hz.bin 3980-4012
//odm/firmware/tfa98xx/tfa98xx_Commuting_RTP_20_234Hz.bin 4013-4043
//odm/firmware/tfa98xx/tfa98xx_Commuting_RTP_20_237Hz.bin 4044-4074
//odm/firmware/tfa98xx/tfa98xx_Dream_RTP_coloros7_139_226Hz.bin 4076-4104
//odm/firmware/tfa98xx/tfa98xx_Dream_RTP_coloros7_139_230Hz.bin 4105-4126
//odm/firmware/tfa98xx/tfa98xx_Dream_RTP_coloros7_139_234Hz.bin 4127-4149
//odm/firmware/tfa98xx/tfa98xx_Dream_RTP_coloros7_139_237Hz.bin 4151-4173
//odm/firmware/tfa98xx/tfa98xx_Firefly_RTP_22_226Hz.bin 4174-4189
//odm/firmware/tfa98xx/tfa98xx_Firefly_RTP_22_230Hz.bin 4190-4207
//odm/firmware/tfa98xx/tfa98xx_Firefly_RTP_22_234Hz.bin 4208-4224
//odm/firmware/tfa98xx/tfa98xx_Firefly_RTP_22_237Hz.bin 4225-4240
//odm/firmware/tfa98xx/tfa98xx_Fun_channel_RTP_coloros7_129_226Hz.bin 4241
//odm/firmware/tfa98xx/tfa98xx_Fun_channel_RTP_coloros7_129_230Hz.bin 4242-4243
//odm/firmware/tfa98xx/tfa98xx_Fun_channel_RTP_coloros7_129_234Hz.bin 4244
//odm/firmware/tfa98xx/tfa98xx_Fun_channel_RTP_coloros7_129_237Hz.bin 4245-4246
//odm/firmware/tfa98xx/tfa98xx_Gaze_RTP_24_226Hz.bin 4247-4262
//odm/firmware/tfa98xx/tfa98xx_Gaze_RTP_24_230Hz.bin 4264-4278
//odm/firmware/tfa98xx/tfa98xx_Gaze_RTP_24_234Hz.bin 4279-4294
//odm/firmware/tfa98xx/tfa98xx_Gaze_RTP_24_237Hz.bin 4295-4309
//odm/firmware/tfa98xx/tfa98xx_Glittering_channel_RTP_coloros7_130_226Hz.bin 4310-4311
//odm/firmware/tfa98xx/tfa98xx_Glittering_channel_RTP_coloros7_130_230Hz.bin 4312-4313
//odm/firmware/tfa98xx/tfa98xx_Glittering_channel_RTP_coloros7_130_234Hz.bin 4314-4315
//odm/firmware/tfa98xx/tfa98xx_Glittering_channel_RTP_coloros7_130_237Hz.bin 4316-4317
//odm/firmware/tfa98xx/tfa98xx_Granules_channel_RTP_9_226Hz.bin 4318-4320
//odm/firmware/tfa98xx/tfa98xx_Granules_channel_RTP_9_230Hz.bin 4321-4323
//odm/firmware/tfa98xx/tfa98xx_Granules_channel_RTP_9_234Hz.bin 4324-4326
//odm/firmware/tfa98xx/tfa98xx_Granules_channel_RTP_9_237Hz.bin 4327-4329
//odm/firmware/tfa98xx/tfa98xx_Harp_channel_RTP_coloros7_131_226Hz.bin 4330
//odm/firmware/tfa98xx/tfa98xx_Harp_channel_RTP_coloros7_131_230Hz.bin 4331
//odm/firmware/tfa98xx/tfa98xx_Harp_channel_RTP_coloros7_131_234Hz.bin 4332
//odm/firmware/tfa98xx/tfa98xx_Harp_channel_RTP_coloros7_131_237Hz.bin 4334
//odm/firmware/tfa98xx/tfa98xx_Ingenious_channel_RTP_12_226Hz.bin 4335-4336
//odm/firmware/tfa98xx/tfa98xx_Ingenious_channel_RTP_12_230Hz.bin 4337-4338
//odm/firmware/tfa98xx/tfa98xx_Ingenious_channel_RTP_12_234Hz.bin 4339-4340
//odm/firmware/tfa98xx/tfa98xx_Ingenious_channel_RTP_12_237Hz.bin 4341-4342
//odm/firmware/tfa98xx/tfa98xx_Instant_channel_RTP_2_226Hz.bin 4343-4344
//odm/firmware/tfa98xx/tfa98xx_Instant_channel_RTP_2_230Hz.bin 4345-4346
//odm/firmware/tfa98xx/tfa98xx_Instant_channel_RTP_2_234Hz.bin 4347-4348
//odm/firmware/tfa98xx/tfa98xx_Instant_channel_RTP_2_237Hz.bin 4349-4350
//odm/firmware/tfa98xx/tfa98xx_Joy_channel_RTP_13_226Hz.bin 4351-4352
//odm/firmware/tfa98xx/tfa98xx_Joy_channel_RTP_13_230Hz.bin 4353-4354
//odm/firmware/tfa98xx/tfa98xx_Joy_channel_RTP_13_234Hz.bin 4355-4356
//odm/firmware/tfa98xx/tfa98xx_Joy_channel_RTP_13_237Hz.bin 4357-4358
//odm/firmware/tfa98xx/tfa98xx_Joy_channel_RTP_coloros7_141_226Hz.bin 4359-4386
//odm/firmware/tfa98xx/tfa98xx_Joy_channel_RTP_coloros7_141_230Hz.bin 4387-4408
//odm/firmware/tfa98xx/tfa98xx_Joy_channel_RTP_coloros7_141_234Hz.bin 4410-4432
//odm/firmware/tfa98xx/tfa98xx_Joy_channel_RTP_coloros7_141_237Hz.bin 4433-4455
//odm/firmware/tfa98xx/tfa98xx_Lakeside_RTP_25_226Hz.bin 4456-4472
//odm/firmware/tfa98xx/tfa98xx_Lakeside_RTP_25_230Hz.bin 4473-4492
//odm/firmware/tfa98xx/tfa98xx_Lakeside_RTP_25_234Hz.bin 4493-4510
//odm/firmware/tfa98xx/tfa98xx_Lakeside_RTP_25_237Hz.bin 4512-4529
//odm/firmware/tfa98xx/tfa98xx_Long_for_RTP_coloros7_136_226Hz.bin 4530-4568
//odm/firmware/tfa98xx/tfa98xx_Long_for_RTP_coloros7_136_230Hz.bin 4569-4611
//odm/firmware/tfa98xx/tfa98xx_Long_for_RTP_coloros7_136_234Hz.bin 4613-4652
//odm/firmware/tfa98xx/tfa98xx_Long_for_RTP_coloros7_136_237Hz.bin 4653-4689
//odm/firmware/tfa98xx/tfa98xx_Memories_RTP_27_226Hz.bin 4691-4718
//odm/firmware/tfa98xx/tfa98xx_Memories_RTP_27_230Hz.bin 4719-4745
//odm/firmware/tfa98xx/tfa98xx_Memories_RTP_27_234Hz.bin 4746-4773
//odm/firmware/tfa98xx/tfa98xx_Memories_RTP_27_237Hz.bin 4774-4800
//odm/firmware/tfa98xx/tfa98xx_Messy_RTP_28_226Hz.bin 4802-4825
//odm/firmware/tfa98xx/tfa98xx_Messy_RTP_28_230Hz.bin 4826-4848
//odm/firmware/tfa98xx/tfa98xx_Messy_RTP_28_234Hz.bin 4849-4872
//odm/firmware/tfa98xx/tfa98xx_Messy_RTP_28_237Hz.bin 4873-4892
//odm/firmware/tfa98xx/tfa98xx_Miss_RTP_coloros7_124_226Hz.bin 4893-4907
//odm/firmware/tfa98xx/tfa98xx_Miss_RTP_coloros7_124_230Hz.bin 4909-4923
//odm/firmware/tfa98xx/tfa98xx_Miss_RTP_coloros7_124_234Hz.bin 4924-4938
//odm/firmware/tfa98xx/tfa98xx_Miss_RTP_coloros7_124_237Hz.bin 4939-4952
//odm/firmware/tfa98xx/tfa98xx_Music_channel_RTP_coloros7_125_226Hz.bin 4953
//odm/firmware/tfa98xx/tfa98xx_Music_channel_RTP_coloros7_125_230Hz.bin 4954
//odm/firmware/tfa98xx/tfa98xx_Music_channel_RTP_coloros7_125_234Hz.bin 4955
//odm/firmware/tfa98xx/tfa98xx_Music_channel_RTP_coloros7_125_237Hz.bin 4956
//odm/firmware/tfa98xx/tfa98xx_Night_RTP_29_226Hz.bin 4957-4969
//odm/firmware/tfa98xx/tfa98xx_Night_RTP_29_230Hz.bin 4970-4984
//odm/firmware/tfa98xx/tfa98xx_Night_RTP_29_234Hz.bin 4985-4998
//odm/firmware/tfa98xx/tfa98xx_Night_RTP_29_237Hz.bin 5000-5010
//odm/firmware/tfa98xx/tfa98xx_Overtone_channel_RTP_coloros7_132_226Hz.bin 5011
//odm/firmware/tfa98xx/tfa98xx_Overtone_channel_RTP_coloros7_132_230Hz.bin 5012
//odm/firmware/tfa98xx/tfa98xx_Overtone_channel_RTP_coloros7_132_234Hz.bin 5013
//odm/firmware/tfa98xx/tfa98xx_Overtone_channel_RTP_coloros7_132_237Hz.bin 5014
//odm/firmware/tfa98xx/tfa98xx_Passionate_Dance_RTP_30_226Hz.bin 5015-5037
//odm/firmware/tfa98xx/tfa98xx_Passionate_Dance_RTP_30_230Hz.bin 5038-5063
//odm/firmware/tfa98xx/tfa98xx_Passionate_Dance_RTP_30_234Hz.bin 5064-5086
//odm/firmware/tfa98xx/tfa98xx_Passionate_Dance_RTP_30_237Hz.bin 5088-5111
//odm/firmware/tfa98xx/tfa98xx_Percussion_channel_RTP_coloros7_126_226Hz.bin 5112
//odm/firmware/tfa98xx/tfa98xx_Percussion_channel_RTP_coloros7_126_230Hz.bin 5113
//odm/firmware/tfa98xx/tfa98xx_Percussion_channel_RTP_coloros7_126_234Hz.bin 5114
//odm/firmware/tfa98xx/tfa98xx_Percussion_channel_RTP_coloros7_126_237Hz.bin 5115
//odm/firmware/tfa98xx/tfa98xx_Playground_RTP_31_226Hz.bin 5116-5140
//odm/firmware/tfa98xx/tfa98xx_Playground_RTP_31_230Hz.bin 5141-5161
//odm/firmware/tfa98xx/tfa98xx_Playground_RTP_31_234Hz.bin 5162-5182
//odm/firmware/tfa98xx/tfa98xx_Playground_RTP_31_237Hz.bin 5184-5204
//odm/firmware/tfa98xx/tfa98xx_Pure_RTP_49_226Hz.bin 5205-5217
//odm/firmware/tfa98xx/tfa98xx_Pure_RTP_49_230Hz.bin 5218-5232
//odm/firmware/tfa98xx/tfa98xx_Pure_RTP_49_234Hz.bin 5233-5245
//odm/firmware/tfa98xx/tfa98xx_Pure_RTP_49_237Hz.bin 5246-5257
//odm/firmware/tfa98xx/tfa98xx_Receive_channel_RTP_15_226Hz.bin 5258-5260
//odm/firmware/tfa98xx/tfa98xx_Receive_channel_RTP_15_230Hz.bin 5261-5263
//odm/firmware/tfa98xx/tfa98xx_Receive_channel_RTP_15_234Hz.bin 5265-5267
//odm/firmware/tfa98xx/tfa98xx_Receive_channel_RTP_15_237Hz.bin 5268-5270
//odm/firmware/tfa98xx/tfa98xx_Relax_RTP_32_226Hz.bin 5271-5279
//odm/firmware/tfa98xx/tfa98xx_Relax_RTP_32_230Hz.bin 5280-5288
//odm/firmware/tfa98xx/tfa98xx_Relax_RTP_32_234Hz.bin 5289-5297
//odm/firmware/tfa98xx/tfa98xx_Relax_RTP_32_237Hz.bin 5298-5304
//odm/firmware/tfa98xx/tfa98xx_Relax_RTP_coloros7_140_226Hz.bin 5305-5346
//odm/firmware/tfa98xx/tfa98xx_Relax_RTP_coloros7_140_230Hz.bin 5348-5382
//odm/firmware/tfa98xx/tfa98xx_Relax_RTP_coloros7_140_234Hz.bin 5383-5418
//odm/firmware/tfa98xx/tfa98xx_Relax_RTP_coloros7_140_237Hz.bin 5420-5455
//odm/firmware/tfa98xx/tfa98xx_Ripple_channel_RTP_coloros7_127_226Hz.bin 5456-5457
//odm/firmware/tfa98xx/tfa98xx_Ripple_channel_RTP_coloros7_127_230Hz.bin 5458-5459
//odm/firmware/tfa98xx/tfa98xx_Ripple_channel_RTP_coloros7_127_234Hz.bin 5460-5461
//odm/firmware/tfa98xx/tfa98xx_Ripple_channel_RTP_coloros7_127_237Hz.bin 5462-5463
//odm/firmware/tfa98xx/tfa98xx_Romantic_RTP_coloros7_137_226Hz.bin 5464-5500
//odm/firmware/tfa98xx/tfa98xx_Romantic_RTP_coloros7_137_230Hz.bin 5501-5537
//odm/firmware/tfa98xx/tfa98xx_Romantic_RTP_coloros7_137_234Hz.bin 5539-5575
//odm/firmware/tfa98xx/tfa98xx_Romantic_RTP_coloros7_137_237Hz.bin 5576-5611
//odm/firmware/tfa98xx/tfa98xx_Scenic_RTP_121_226Hz.bin 5612-5631
//odm/firmware/tfa98xx/tfa98xx_Scenic_RTP_121_230Hz.bin 5633-5654
//odm/firmware/tfa98xx/tfa98xx_Scenic_RTP_121_234Hz.bin 5655-5675
//odm/firmware/tfa98xx/tfa98xx_Scenic_RTP_121_237Hz.bin 5677-5685
//odm/firmware/tfa98xx/tfa98xx_Seine_past_RTP_coloros7_134_226Hz.bin 5686-5720
//odm/firmware/tfa98xx/tfa98xx_Seine_past_RTP_coloros7_134_230Hz.bin 5722-5756
//odm/firmware/tfa98xx/tfa98xx_Seine_past_RTP_coloros7_134_234Hz.bin 5757-5791
//odm/firmware/tfa98xx/tfa98xx_Seine_past_RTP_coloros7_134_237Hz.bin 5792-5823
//odm/firmware/tfa98xx/tfa98xx_Silence_From_Afar_RTP_34_226Hz.bin 5825-5859
//odm/firmware/tfa98xx/tfa98xx_Silence_From_Afar_RTP_34_230Hz.bin 5860-5897
//odm/firmware/tfa98xx/tfa98xx_Silence_From_Afar_RTP_34_234Hz.bin 5898-5932
//odm/firmware/tfa98xx/tfa98xx_Silence_From_Afar_RTP_34_237Hz.bin 5934-5967
//odm/firmware/tfa98xx/tfa98xx_Silence_RTP_35_226Hz.bin 5968-6002
//odm/firmware/tfa98xx/tfa98xx_Silence_RTP_35_230Hz.bin 6003-6038
//odm/firmware/tfa98xx/tfa98xx_Silence_RTP_35_234Hz.bin 6040-6075
//odm/firmware/tfa98xx/tfa98xx_Silence_RTP_35_237Hz.bin 6076-6112
//odm/firmware/tfa98xx/tfa98xx_Simple_channel_RTP_coloros7_133_226Hz.bin 6113
//odm/firmware/tfa98xx/tfa98xx_Simple_channel_RTP_coloros7_133_230Hz.bin 6114
//odm/firmware/tfa98xx/tfa98xx_Simple_channel_RTP_coloros7_133_234Hz.bin 6115
//odm/firmware/tfa98xx/tfa98xx_Simple_channel_RTP_coloros7_133_237Hz.bin 6116
//odm/firmware/tfa98xx/tfa98xx_Splash_channel_RTP_16_226Hz.bin 6117-6118
//odm/firmware/tfa98xx/tfa98xx_Splash_channel_RTP_16_230Hz.bin 6119-6120
//odm/firmware/tfa98xx/tfa98xx_Splash_channel_RTP_16_234Hz.bin 6121-6122
//odm/firmware/tfa98xx/tfa98xx_Splash_channel_RTP_16_237Hz.bin 6123-6125
//odm/firmware/tfa98xx/tfa98xx_Stars_RTP_36_226Hz.bin 6126-6163
//odm/firmware/tfa98xx/tfa98xx_Stars_RTP_36_230Hz.bin 6165-6204
//odm/firmware/tfa98xx/tfa98xx_Stars_RTP_36_234Hz.bin 6205-6237
//odm/firmware/tfa98xx/tfa98xx_Stars_RTP_36_237Hz.bin 6238-6270
//odm/firmware/tfa98xx/tfa98xx_Summer_RTP_37_226Hz.bin 6272-6294
//odm/firmware/tfa98xx/tfa98xx_Summer_RTP_37_230Hz.bin 6295-6319
//odm/firmware/tfa98xx/tfa98xx_Summer_RTP_37_234Hz.bin 6320-6342
//odm/firmware/tfa98xx/tfa98xx_Summer_RTP_37_237Hz.bin 6343-6364
//odm/firmware/tfa98xx/tfa98xx_Toys_RTP_38_226Hz.bin 6365-6392
//odm/firmware/tfa98xx/tfa98xx_Toys_RTP_38_230Hz.bin 6393-6426
//odm/firmware/tfa98xx/tfa98xx_Toys_RTP_38_234Hz.bin 6428-6456
//odm/firmware/tfa98xx/tfa98xx_Toys_RTP_38_237Hz.bin 6457-6486
//odm/firmware/tfa98xx/tfa98xx_Vision_RTP_40.bin 6487-6499
//odm/firmware/tfa98xx/tfa98xx_clock_channel_RTP_43_226Hz.bin 6501-6504
//odm/firmware/tfa98xx/tfa98xx_clock_channel_RTP_43_230Hz.bin 6505-6507
//odm/firmware/tfa98xx/tfa98xx_clock_channel_RTP_43_234Hz.bin 6508-6511
//odm/firmware/tfa98xx/tfa98xx_clock_channel_RTP_43_237Hz.bin 6512-6515
//odm/firmware/tfa98xx/tfa98xx_cut_channel_RTP_42_226Hz.bin 6516-6519
//odm/firmware/tfa98xx/tfa98xx_cut_channel_RTP_42_230Hz.bin 6520-6523
//odm/firmware/tfa98xx/tfa98xx_cut_channel_RTP_42_234Hz.bin 6524-6527
//odm/firmware/tfa98xx/tfa98xx_cut_channel_RTP_42_237Hz.bin 6528-6531
//odm/firmware/tfa98xx/tfa98xx_desk_7_RTP_54_226Hz.bin 6532
//odm/firmware/tfa98xx/tfa98xx_desk_7_RTP_54_230Hz.bin 6533
//odm/firmware/tfa98xx/tfa98xx_desk_7_RTP_54_234Hz.bin 6534
//odm/firmware/tfa98xx/tfa98xx_desk_7_RTP_54_237Hz.bin 6535
//odm/firmware/tfa98xx/tfa98xx_fingerprint_effect1_RTP_110_226Hz.bin 6536-6537
//odm/firmware/tfa98xx/tfa98xx_fingerprint_effect1_RTP_110_230Hz.bin 6538-6539
//odm/firmware/tfa98xx/tfa98xx_fingerprint_effect1_RTP_110_234Hz.bin 6540-6541
//odm/firmware/tfa98xx/tfa98xx_fingerprint_effect1_RTP_110_237Hz.bin 6542-6543
//odm/firmware/tfa98xx/tfa98xx_high_temp_high_humidity_channel_RTP_51_160Hz.bin 6544
//odm/firmware/tfa98xx/tfa98xx_high_temp_high_humidity_channel_RTP_51_162Hz.bin 6545
//odm/firmware/tfa98xx/tfa98xx_high_temp_high_humidity_channel_RTP_51_164Hz.bin 6546
//odm/firmware/tfa98xx/tfa98xx_high_temp_high_humidity_channel_RTP_51_166Hz.bin 6547
//odm/firmware/tfa98xx/tfa98xx_high_temp_high_humidity_channel_RTP_51_168Hz.bin 6549
//odm/firmware/tfa98xx/tfa98xx_high_temp_high_humidity_channel_RTP_51_170Hz.bin 6550
//odm/firmware/tfa98xx/tfa98xx_high_temp_high_humidity_channel_RTP_51_172Hz.bin 6551
//odm/firmware/tfa98xx/tfa98xx_high_temp_high_humidity_channel_RTP_51_174Hz.bin 6552
//odm/firmware/tfa98xx/tfa98xx_high_temp_high_humidity_channel_RTP_51_176Hz.bin 6553
//odm/firmware/tfa98xx/tfa98xx_high_temp_high_humidity_channel_RTP_51_178Hz.bin 6554
//odm/firmware/tfa98xx/tfa98xx_high_temp_high_humidity_channel_RTP_51_180Hz.bin 6555
//odm/firmware/tfa98xx/tfa98xx_high_temp_high_humidity_channel_RTP_51_225Hz.bin 6556-6559
//odm/firmware/tfa98xx/tfa98xx_high_temp_high_humidity_channel_RTP_51_226Hz.bin 6560-6563
//odm/firmware/tfa98xx/tfa98xx_high_temp_high_humidity_channel_RTP_51_227Hz.bin 6564-6567
//odm/firmware/tfa98xx/tfa98xx_high_temp_high_humidity_channel_RTP_51_228Hz.bin 6568-6569
//odm/firmware/tfa98xx/tfa98xx_high_temp_high_humidity_channel_RTP_51_229Hz.bin 6570-6571
//odm/firmware/tfa98xx/tfa98xx_high_temp_high_humidity_channel_RTP_51_230Hz.bin 6572-6573
//odm/firmware/tfa98xx/tfa98xx_high_temp_high_humidity_channel_RTP_51_231Hz.bin 6574-6575
//odm/firmware/tfa98xx/tfa98xx_high_temp_high_humidity_channel_RTP_51_232Hz.bin 6576-6577
//odm/firmware/tfa98xx/tfa98xx_high_temp_high_humidity_channel_RTP_51_233Hz.bin 6578-6581
//odm/firmware/tfa98xx/tfa98xx_high_temp_high_humidity_channel_RTP_51_234Hz.bin 6582-6585
//odm/firmware/tfa98xx/tfa98xx_high_temp_high_humidity_channel_RTP_51_235Hz.bin 6586-6589
//odm/firmware/tfa98xx/tfa98xx_honor_fisrt_kill_RTP_60_226Hz.bin 6590
//odm/firmware/tfa98xx/tfa98xx_honor_fisrt_kill_RTP_60_230Hz.bin 6591
//odm/firmware/tfa98xx/tfa98xx_honor_fisrt_kill_RTP_60_234Hz.bin 6592
//odm/firmware/tfa98xx/tfa98xx_honor_fisrt_kill_RTP_60_237Hz.bin 6593
//odm/firmware/tfa98xx/tfa98xx_honor_five_kill_RTP_64_226Hz.bin 6594-6596
//odm/firmware/tfa98xx/tfa98xx_honor_five_kill_RTP_64_230Hz.bin 6597-6599
//odm/firmware/tfa98xx/tfa98xx_honor_five_kill_RTP_64_234Hz.bin 6600-6601
//odm/firmware/tfa98xx/tfa98xx_honor_five_kill_RTP_64_237Hz.bin 6602-6604
//odm/firmware/tfa98xx/tfa98xx_honor_four_continu_kill_RTP_66_226Hz.bin 6606-6607
//odm/firmware/tfa98xx/tfa98xx_honor_four_continu_kill_RTP_66_230Hz.bin 6608-6609
//odm/firmware/tfa98xx/tfa98xx_honor_four_continu_kill_RTP_66_234Hz.bin 6610-6611
//odm/firmware/tfa98xx/tfa98xx_honor_four_continu_kill_RTP_66_237Hz.bin 6612-6613
//odm/firmware/tfa98xx/tfa98xx_honor_four_kill_RTP_63_226Hz.bin 6614
//odm/firmware/tfa98xx/tfa98xx_honor_four_kill_RTP_63_230Hz.bin 6615-6616
//odm/firmware/tfa98xx/tfa98xx_honor_four_kill_RTP_63_234Hz.bin 6617-6618
//odm/firmware/tfa98xx/tfa98xx_honor_four_kill_RTP_63_237Hz.bin 6619-6620
//odm/firmware/tfa98xx/tfa98xx_honor_lengendary_RTP_69_226Hz.bin 6621-6622
//odm/firmware/tfa98xx/tfa98xx_honor_lengendary_RTP_69_230Hz.bin 6623-6624
//odm/firmware/tfa98xx/tfa98xx_honor_lengendary_RTP_69_234Hz.bin 6625-6627
//odm/firmware/tfa98xx/tfa98xx_honor_lengendary_RTP_69_237Hz.bin 6628-6629
//odm/firmware/tfa98xx/tfa98xx_honor_thousands_kill_RTP_68_226Hz.bin 6630-6631
//odm/firmware/tfa98xx/tfa98xx_honor_thousands_kill_RTP_68_230Hz.bin 6632-6633
//odm/firmware/tfa98xx/tfa98xx_honor_thousands_kill_RTP_68_234Hz.bin 6634-6635
//odm/firmware/tfa98xx/tfa98xx_honor_thousands_kill_RTP_68_237Hz.bin 6636-6638
//odm/firmware/tfa98xx/tfa98xx_honor_three_continu_kill_RTP_65_226Hz.bin 6639-6640
//odm/firmware/tfa98xx/tfa98xx_honor_three_continu_kill_RTP_65_230Hz.bin 6641
//odm/firmware/tfa98xx/tfa98xx_honor_three_continu_kill_RTP_65_234Hz.bin 6642-6643
//odm/firmware/tfa98xx/tfa98xx_honor_three_continu_kill_RTP_65_237Hz.bin 6644-6645
//odm/firmware/tfa98xx/tfa98xx_honor_three_kill_RTP_62_226Hz.bin 6646-6647
//odm/firmware/tfa98xx/tfa98xx_honor_three_kill_RTP_62_230Hz.bin 6648
//odm/firmware/tfa98xx/tfa98xx_honor_three_kill_RTP_62_234Hz.bin 6649-6650
//odm/firmware/tfa98xx/tfa98xx_honor_three_kill_RTP_62_237Hz.bin 6651-6652
//odm/firmware/tfa98xx/tfa98xx_honor_two_kill_RTP_61_226Hz.bin 6653
//odm/firmware/tfa98xx/tfa98xx_honor_two_kill_RTP_61_230Hz.bin 6654
//odm/firmware/tfa98xx/tfa98xx_honor_two_kill_RTP_61_234Hz.bin 6655
//odm/firmware/tfa98xx/tfa98xx_honor_two_kill_RTP_61_237Hz.bin 6656
//odm/firmware/tfa98xx/tfa98xx_honor_unstoppable_RTP_67_226Hz.bin 6657
//odm/firmware/tfa98xx/tfa98xx_honor_unstoppable_RTP_67_230Hz.bin 6658
//odm/firmware/tfa98xx/tfa98xx_honor_unstoppable_RTP_67_234Hz.bin 6659
//odm/firmware/tfa98xx/tfa98xx_honor_unstoppable_RTP_67_237Hz.bin 6660-6661
//odm/firmware/tfa98xx/tfa98xx_kill_program_RTP_47_226Hz.bin 6662
//odm/firmware/tfa98xx/tfa98xx_kill_program_RTP_47_230Hz.bin 6663
//odm/firmware/tfa98xx/tfa98xx_kill_program_RTP_47_234Hz.bin 6664
//odm/firmware/tfa98xx/tfa98xx_kill_program_RTP_47_237Hz.bin 6665
//odm/firmware/tfa98xx/tfa98xx_listen_pop_53_235Hz.bin 6666
//odm/firmware/tfa98xx/tfa98xx_long_sound_channel_RTP_44_226Hz.bin 6668-6670
//odm/firmware/tfa98xx/tfa98xx_long_sound_channel_RTP_44_230Hz.bin 6671-6673
//odm/firmware/tfa98xx/tfa98xx_long_sound_channel_RTP_44_234Hz.bin 6674-6676
//odm/firmware/tfa98xx/tfa98xx_long_sound_channel_RTP_44_237Hz.bin 6677-6685
//odm/firmware/tfa98xx/tfa98xx_nfc_10_RTP_55_226Hz.bin 6686-6687
//odm/firmware/tfa98xx/tfa98xx_nfc_10_RTP_55_230Hz.bin 6688-6689
//odm/firmware/tfa98xx/tfa98xx_nfc_10_RTP_55_234Hz.bin 6690-6691
//odm/firmware/tfa98xx/tfa98xx_nfc_10_RTP_55_237Hz.bin 6692-6693
//odm/firmware/tfa98xx/tfa98xx_old_steady_test_RTP_52_160Hz.bin 6694
//odm/firmware/tfa98xx/tfa98xx_old_steady_test_RTP_52_162Hz.bin 6695
//odm/firmware/tfa98xx/tfa98xx_old_steady_test_RTP_52_164Hz.bin 6696
//odm/firmware/tfa98xx/tfa98xx_old_steady_test_RTP_52_166Hz.bin 6697
//odm/firmware/tfa98xx/tfa98xx_old_steady_test_RTP_52_168Hz.bin 6698
//odm/firmware/tfa98xx/tfa98xx_old_steady_test_RTP_52_170Hz.bin 6699
//odm/firmware/tfa98xx/tfa98xx_old_steady_test_RTP_52_172Hz.bin 6700
//odm/firmware/tfa98xx/tfa98xx_old_steady_test_RTP_52_174Hz.bin 6701
//odm/firmware/tfa98xx/tfa98xx_old_steady_test_RTP_52_176Hz.bin 6702
//odm/firmware/tfa98xx/tfa98xx_old_steady_test_RTP_52_178Hz.bin 6704
//odm/firmware/tfa98xx/tfa98xx_old_steady_test_RTP_52_180Hz.bin 6705
//odm/firmware/tfa98xx/tfa98xx_old_steady_test_RTP_52_225Hz.bin 6706
//odm/firmware/tfa98xx/tfa98xx_old_steady_test_RTP_52_226Hz.bin 6707
//odm/firmware/tfa98xx/tfa98xx_old_steady_test_RTP_52_227Hz.bin 6708
//odm/firmware/tfa98xx/tfa98xx_old_steady_test_RTP_52_228Hz.bin 6709
//odm/firmware/tfa98xx/tfa98xx_old_steady_test_RTP_52_229Hz.bin 6710
//odm/firmware/tfa98xx/tfa98xx_old_steady_test_RTP_52_230Hz.bin 6711
//odm/firmware/tfa98xx/tfa98xx_old_steady_test_RTP_52_231Hz.bin 6712
//odm/firmware/tfa98xx/tfa98xx_old_steady_test_RTP_52_232Hz.bin 6713
//odm/firmware/tfa98xx/tfa98xx_old_steady_test_RTP_52_233Hz.bin 6714
//odm/firmware/tfa98xx/tfa98xx_old_steady_test_RTP_52_234Hz.bin 6715
//odm/firmware/tfa98xx/tfa98xx_old_steady_test_RTP_52_235Hz.bin 6716
//odm/firmware/tfa98xx/tfa98xx_realme_its_realme_RTP_161_235Hz.bin 6717-6728
//odm/firmware/tfa98xx/tfa98xx_realme_jingle_RTP_163_235Hz.bin 6730-6732
//odm/firmware/tfa98xx/tfa98xx_realme_tune_RTP_162_235Hz.bin 6733-6748
//odm/firmware/tfa98xx/tfa98xx_short_channel_RTP_45_226Hz.bin 6749-6758
//odm/firmware/tfa98xx/tfa98xx_short_channel_RTP_45_230Hz.bin 6759-6760
//odm/firmware/tfa98xx/tfa98xx_short_channel_RTP_45_234Hz.bin 6761
//odm/firmware/tfa98xx/tfa98xx_short_channel_RTP_45_237Hz.bin 6762-6771
//odm/firmware/tfa98xx/tfa98xx_soldier_fifth_kill_RTP_104_226Hz.bin 6772-6773
//odm/firmware/tfa98xx/tfa98xx_soldier_fifth_kill_RTP_104_230Hz.bin 6774-6775
//odm/firmware/tfa98xx/tfa98xx_soldier_fifth_kill_RTP_104_234Hz.bin 6776-6777
//odm/firmware/tfa98xx/tfa98xx_soldier_fifth_kill_RTP_104_237Hz.bin 6778-6779
//odm/firmware/tfa98xx/tfa98xx_soldier_first_kill_RTP_100_226Hz.bin 6780
//odm/firmware/tfa98xx/tfa98xx_soldier_first_kill_RTP_100_230Hz.bin 6781
//odm/firmware/tfa98xx/tfa98xx_soldier_first_kill_RTP_100_234Hz.bin 6782
//odm/firmware/tfa98xx/tfa98xx_soldier_first_kill_RTP_100_237Hz.bin 6783
//odm/firmware/tfa98xx/tfa98xx_soldier_fourth_kill_RTP_103_226Hz.bin 6784-6785
//odm/firmware/tfa98xx/tfa98xx_soldier_fourth_kill_RTP_103_230Hz.bin 6786-6787
//odm/firmware/tfa98xx/tfa98xx_soldier_fourth_kill_RTP_103_234Hz.bin 6788-6789
//odm/firmware/tfa98xx/tfa98xx_soldier_fourth_kill_RTP_103_237Hz.bin 6790-6791
//odm/firmware/tfa98xx/tfa98xx_soldier_second_kill_RTP_101_226Hz.bin 6793
//odm/firmware/tfa98xx/tfa98xx_soldier_second_kill_RTP_101_230Hz.bin 6794
//odm/firmware/tfa98xx/tfa98xx_soldier_second_kill_RTP_101_234Hz.bin 6795
//odm/firmware/tfa98xx/tfa98xx_soldier_second_kill_RTP_101_237Hz.bin 6796
//odm/firmware/tfa98xx/tfa98xx_soldier_third_kill_RTP_102_226Hz.bin 6797-6798
//odm/firmware/tfa98xx/tfa98xx_soldier_third_kill_RTP_102_230Hz.bin 6799-6800
//odm/firmware/tfa98xx/tfa98xx_soldier_third_kill_RTP_102_234Hz.bin 6801-6802
//odm/firmware/tfa98xx/tfa98xx_soldier_third_kill_RTP_102_237Hz.bin 6803-6804
//odm/firmware/tfa98xx/tfa98xx_telcel_customize_RTP_119_230Hz.bin 6805-6817
//odm/firmware/tfa98xx/tfa98xx_two_error_remaind_RTP_46_226Hz.bin 6818
//odm/firmware/tfa98xx/tfa98xx_two_error_remaind_RTP_46_230Hz.bin 6819
//odm/firmware/tfa98xx/tfa98xx_two_error_remaind_RTP_46_234Hz.bin 6820
//odm/firmware/tfa98xx/tfa98xx_two_error_remaind_RTP_46_237Hz.bin 6821
//odm/firmware/tfa98xx/tfa98xx_vibrator_remain_12_RTP_56_226Hz.bin 6823
//odm/firmware/tfa98xx/tfa98xx_vibrator_remain_12_RTP_56_230Hz.bin 6824
//odm/firmware/tfa98xx/tfa98xx_vibrator_remain_12_RTP_56_234Hz.bin 6825
//odm/firmware/tfa98xx/tfa98xx_vibrator_remain_12_RTP_56_237Hz.bin 6826
//odm/firmware/tfa98xx/tfa98xx_waltz_channel_RTP_41_226Hz.bin 6827-6828
//odm/firmware/tfa98xx/tfa98xx_waltz_channel_RTP_41_230Hz.bin 6829-6830
//odm/firmware/tfa98xx/tfa98xx_waltz_channel_RTP_41_234Hz.bin 6831-6832
//odm/firmware/tfa98xx/tfa98xx_waltz_channel_RTP_41_237Hz.bin 6833-6836
//odm/firmware/tfa98xx/tfa98xx_weather_cloudy_RTP_coloros7_143_226Hz.bin 6837-6845
//odm/firmware/tfa98xx/tfa98xx_weather_cloudy_RTP_coloros7_143_230Hz.bin 6846-6854
//odm/firmware/tfa98xx/tfa98xx_weather_cloudy_RTP_coloros7_143_234Hz.bin 6855-6863
//odm/firmware/tfa98xx/tfa98xx_weather_cloudy_RTP_coloros7_143_237Hz.bin 6865-6872
//odm/firmware/tfa98xx/tfa98xx_weather_default_RTP_coloros7_145_226Hz.bin 6873-6906
//odm/firmware/tfa98xx/tfa98xx_weather_default_RTP_coloros7_145_230Hz.bin 6907-6940
//odm/firmware/tfa98xx/tfa98xx_weather_default_RTP_coloros7_145_234Hz.bin 6942-6976
//odm/firmware/tfa98xx/tfa98xx_weather_default_RTP_coloros7_145_237Hz.bin 6977-7008
//odm/firmware/tfa98xx/tfa98xx_weather_rain_RTP_coloros7_149_226Hz.bin 7010-7028
//odm/firmware/tfa98xx/tfa98xx_weather_rain_RTP_coloros7_149_230Hz.bin 7029-7047
//odm/firmware/tfa98xx/tfa98xx_weather_rain_RTP_coloros7_149_234Hz.bin 7048-7066
//odm/firmware/tfa98xx/tfa98xx_weather_rain_RTP_coloros7_149_237Hz.bin 7067-7085
//odm/firmware/tfa98xx/tfa98xx_weather_smog_RTP_coloros7_147_226Hz.bin 7086-7105
//odm/firmware/tfa98xx/tfa98xx_weather_smog_RTP_coloros7_147_230Hz.bin 7107-7126
//odm/firmware/tfa98xx/tfa98xx_weather_smog_RTP_coloros7_147_234Hz.bin 7127-7146
//odm/firmware/tfa98xx/tfa98xx_weather_smog_RTP_coloros7_147_237Hz.bin 7147-7165
//odm/firmware/tfa98xx/tfa98xx_weather_snow_RTP_coloros7_148_226Hz.bin 7166-7183
//odm/firmware/tfa98xx/tfa98xx_weather_snow_RTP_coloros7_148_230Hz.bin 7185-7203
//odm/firmware/tfa98xx/tfa98xx_weather_snow_RTP_coloros7_148_234Hz.bin 7204-7221
//odm/firmware/tfa98xx/tfa98xx_weather_snow_RTP_coloros7_148_237Hz.bin 7222-7238
//odm/firmware/tfa98xx/tfa98xx_weather_sunny_RTP_coloros7_146_226Hz.bin 7239-7258
//odm/firmware/tfa98xx/tfa98xx_weather_sunny_RTP_coloros7_146_230Hz.bin 7260-7278
//odm/firmware/tfa98xx/tfa98xx_weather_sunny_RTP_coloros7_146_234Hz.bin 7279-7298
//odm/firmware/tfa98xx/tfa98xx_weather_sunny_RTP_coloros7_146_237Hz.bin 7299-7318
//odm/firmware/tfa98xx/tfa98xx_weather_thunderstorm_RTP_coloros7_144_226Hz.bin 7320-7335
//odm/firmware/tfa98xx/tfa98xx_weather_thunderstorm_RTP_coloros7_144_230Hz.bin 7336-7350
//odm/firmware/tfa98xx/tfa98xx_weather_thunderstorm_RTP_coloros7_144_234Hz.bin 7351-7366
//odm/firmware/tfa98xx/tfa98xx_weather_thunderstorm_RTP_coloros7_144_237Hz.bin 7367-7380
//odm/firmware/tfa98xx/tfa98xx_weather_wind_RTP_coloros7_142_226Hz.bin 7381-7398
//odm/firmware/tfa98xx/tfa98xx_weather_wind_RTP_coloros7_142_230Hz.bin 7400-7416
//odm/firmware/tfa98xx/tfa98xx_weather_wind_RTP_coloros7_142_234Hz.bin 7417-7434
//odm/firmware/tfa98xx/tfa98xx_weather_wind_RTP_coloros7_142_237Hz.bin 7435-7451
//odm/firmware/tp/19357/FW_GT9886_SAMSUNG.img 7452-7473
//odm/firmware/tp/19357/FW_GT9886_SAMSUNG_FAE.img 7474-7495
//odm/firmware/tp/19357/LIMIT_GT9886_SAMSUNG.img 7496
//odm/firmware/tp/20015/FW_NF_ILI9882N_CDOT.bin 7497-7543
//odm/firmware/tp/20015/FW_NF_ILI9882N_CDOT_FAE.bin 7544-7590
//odm/firmware/tp/20015/FW_NF_ILI9882N_HLT.bin 7591-7638
//odm/firmware/tp/20015/FW_NF_ILI9882N_HLT_FAE.bin 7639-7686
//odm/firmware/tp/20015/FW_NF_ILI9882N_INX.bin 7687-7734
//odm/firmware/tp/20015/FW_NF_ILI9882N_INX_FAE.bin 7736-7783
//odm/firmware/tp/20015/FW_NF_NT36525B_INX.bin 7784-7800
//odm/firmware/tp/20015/FW_NF_NT36525B_INX_FAE.bin 7801-7817
//odm/firmware/tp/20015/FW_NF_NT36525B_INX_TEST.bin 7818-7830
//odm/firmware/tp/20015/LIMIT_NF_ILI9882N_CDOT.ini 7831-7832
//odm/firmware/tp/20015/LIMIT_NF_ILI9882N_HLT.ini 7833-7834
//odm/firmware/tp/20015/LIMIT_NF_ILI9882N_INX.ini 7835-7836
//odm/firmware/tp/20015/LIMIT_NF_NT36525B_INX.img 7837-7838
//odm/firmware/tp/20181/FW_FT3518_SAMSUNG.img 7839-7852
//odm/firmware/tp/20181/FW_FT3518_SAMSUNG_FAE.img 7853-7866
//odm/firmware/tp/20181/LIMIT_FT3518_SAMSUNG.img 7867-7869
//odm/firmware/tp/20609/FW_NF_NT36672C_TIANMA.bin 7870-7888
//odm/firmware/tp/20609/FW_NF_NT36672C_TIANMA_FAE.bin 7889-7907
//odm/firmware/tp/20609/FW_NF_NT36672C_TIANMA_TEST.bin 7908-7926
//odm/firmware/tp/20609/LIMIT_NF_NT36672C_TIANMA.img 7927-7928
//odm/firmware/tp/20761/FW_NF_ILI7807S_HLT.bin 7929-7977
//odm/firmware/tp/20761/FW_NF_ILI7807S_HLT_FAE.bin 7978-8026
//odm/firmware/tp/20761/FW_NF_ILI9882N_TRULY.bin 8027-8073
//odm/firmware/tp/20761/FW_NF_ILI9882N_TRULY_FAE.bin 8074-8120
//odm/firmware/tp/20761/LIMIT_NF_ILI7807S_HLT.ini 8121-8123
//odm/firmware/tp/20761/LIMIT_NF_ILI9882N_TRULY.ini 8125-8126
//odm/firmware/tp/2162D/FW_FT3518_SAMSUNG.img 8127-8140
//odm/firmware/tp/2162D/FW_FT3518_SAMSUNG_FAE.img 8141-8154
//odm/firmware/tp/2162D/LIMIT_FT3518_SAMSUNG.img 8155-8157
//odm/firmware/tp/2162E/FW_FT3518_SAMSUNG.img 8158-8171
//odm/firmware/tp/2162E/FW_FT3518_SAMSUNG_FAE.img 8172-8185
//odm/firmware/tp/2162E/LIMIT_FT3518_SAMSUNG.img 8186-8188
//odm/firmware/tp/2167A/FW_NF_ILI7807S_HLT.bin 8189-8237
//odm/firmware/tp/2167A/FW_NF_ILI7807S_HLT_FAE.bin 8238-8286
//odm/firmware/tp/2167A/FW_NF_ILI9882N_TRULY.bin 8287-8333
//odm/firmware/tp/2167A/FW_NF_ILI9882N_TRULY_FAE.bin 8334-8380
//odm/firmware/tp/2167A/FW_NF_NT36525B_HLTB8.bin 8381-8397
//odm/firmware/tp/2167A/FW_NF_NT36525B_HLTB8_FAE.bin 8398-8414
//odm/firmware/tp/2167A/FW_NF_NT36525B_HLTB8_TEST.bin 8415-8427
//odm/firmware/tp/2167A/LIMIT_NF_ILI7807S_HLT.ini 8428-8430
//odm/firmware/tp/2167A/LIMIT_NF_ILI9882N_TRULY.ini 8431-8432
//odm/firmware/tp/2167A/LIMIT_NF_NT36525B_HLTB8.img 8433-8434
//odm/firmware/tp/2169E/FW_FT3518_SAMSUNG.img 8435-8448
//odm/firmware/tp/2169E/FW_FT3518_SAMSUNG_FAE.img 8449-8462
//odm/firmware/tp/2169E/LIMIT_FT3518_SAMSUNG.img 8464
//odm/firmware/tp/2169F/FW_FT3518_SAMSUNG.img 8465-8478
//odm/firmware/tp/2169F/FW_FT3518_SAMSUNG_FAE.img 8479-8492
//odm/firmware/tp/2169F/LIMIT_FT3518_SAMSUNG.img 8493-8495
//odm/firmware/tp/216CA/FW_FT3518_SAMSUNG.img 8496-8509
//odm/firmware/tp/216CA/FW_FT3518_SAMSUNG_FAE.img 8510-8523
//odm/firmware/tp/216CA/LIMIT_FT3518_SAMSUNG.img 8524
//odm/firmware/tp/21711/FW_FT3518_SAMSUNG.img 8525-8538
//odm/firmware/tp/21711/FW_FT3518_SAMSUNG_FAE.img 8539-8552
//odm/firmware/tp/21711/LIMIT_FT3518_SAMSUNG.img 8553-8555
//odm/firmware/tp/21712/FW_FT3518_SAMSUNG.img 8556-8569
//odm/firmware/tp/21712/FW_FT3518_SAMSUNG_FAE.img 8570-8583
//odm/firmware/tp/21712/LIMIT_FT3518_SAMSUNG.img 8584-8586
//odm/framework/vendor.oplus.hardware.appradio-V1.0-java.jar 8587-8590
//odm/framework/vendor.oplus.hardware.biometrics.fingerprintpay-V1.0-java.jar 8592-8593
//odm/framework/vendor.oplus.hardware.charger-V1.0-java.jar 8595-8597
//odm/framework/vendor.oplus.hardware.cryptoeng-V1.0-java.jar 8598-8599
//odm/framework/vendor.oplus.hardware.engineer-V1.0-java.jar 8600-8602
//odm/framework/vendor.oplus.hardware.fido.fidoca-V1.0-java.jar 8604-8605
//odm/framework/vendor.oplus.hardware.gameopt-V1.0-java.jar 8606-8607
//odm/framework/vendor.oplus.hardware.ims-V1.0-java.jar 8609-8611
//odm/framework/vendor.oplus.hardware.lmvibrator-V1.0-java.jar 8613-8614
//odm/framework/vendor.oplus.hardware.misc-V1.0-java.jar 8615-8616
//odm/framework/vendor.oplus.hardware.oplusSensor-V1.0-java.jar 8617-8618
//odm/framework/vendor.oplus.hardware.orms-V1.0-java.jar 8620-8621
//odm/framework/vendor.oplus.hardware.orms.ormsHalService-V1.0-java.jar 8622-8623
//odm/framework/vendor.oplus.hardware.performance-V1.0-java.jar 8625-8628
//odm/framework/vendor.oplus.hardware.radio-V1.0-java.jar 8630-8636
//odm/framework/vendor.oplus.hardware.stability.oplus_project-V1.0-java.jar 8638-8639
//odm/framework/vendor.oplus.hardware.thermalmntcfg-V1.0-java.jar 8641-8642
//odm/framework/vendor.oplus.hardware.touch-V1.0-java.jar 8643-8644
//odm/framework/vendor.oplus.hardware.transmessage-V1.0-java.jar 8645-8646
//odm/framework/vendor.oplus.hardware.wifi-V1.1-java.jar 8647-8650
//odm/lib/anc.capacitive.hal.so 8653-8672
//odm/lib/anc.hal.so 8673-8691
//odm/lib/android.hardware.biometrics.common-V1-ndk_platform.so 8692-8695
//odm/lib/android.hardware.biometrics.face-V1-ndk_platform.so 8696-8704
//odm/lib/android.hardware.biometrics.fingerprint@2.1.so 8705-8716
//odm/lib/android.hardware.biometrics.fingerprint@2.2.so 8717-8727
//odm/lib/android.hardware.biometrics.fingerprint@2.3.so 8728-8735
//odm/lib/android.hardware.common-V2-ndk_platform.so 8736-8737
//odm/lib/android.hardware.keymaster-V3-ndk_platform.so 8738
//odm/lib/hw/fingerprint.goodix_G2.default.so 8739
//odm/lib/hw/fingerprint.goodix_G3.default.so 8741
//odm/lib/hw/fingerprint.goodix_G5.default.so 8743
//odm/lib/hw/fingerprint.goodix_G6.default.so 8745
//odm/lib/hw/fingerprint.goodix_G7.default.so 8747
//odm/lib/hw/fingerprint.silead.default.so 8749-8750
//odm/lib/hw/vendor.oplus.hardware.camera.slogan@1.0-impl.so 8751-8752
//odm/lib/hw/vendor.oplus.hardware.gameopt@1.0-impl.so 8753-8755
//odm/lib/hw/vendor.oplus.hardware.orms.ormsHalService@1.0-impl.so 8756-8761
//odm/lib/libDiracAPI_SHARED.so 8762-9114
//odm/lib/libRbsFlow.so 9115-9140
//odm/lib/libRbsFlow_cap.so 9141-9156
//odm/lib/lib_cryptoeng_api.so 9157
//odm/lib/libaacvibrator.so 9158-9171
//odm/lib/libavcodec.so 9172-10799
//odm/lib/libavformat.so 10802-10993
//odm/lib/libavutil.so 10994-11059
//odm/lib/libbsproxy.so 11060-11063
//odm/lib/libcamera_core_hwi.so 11064-11114
//odm/lib/libdav1d.so.4 11115-11230
//odm/lib/libdiracapwrapper.so 11231-11257
//odm/lib/libdpservice.so 11258-11261
//odm/lib/libffmpeg_omx.so 11262-11268
//odm/lib/libffmpeg_utils.so 11269-11271
//odm/lib/libfido_factory.so 11272-11273
//odm/lib/libgf_hal_G2.so 11274-11936
//odm/lib/libgf_hal_G3.so 11937-12613
//odm/lib/libgf_hal_G5.so 12615-12640
//odm/lib/libgf_hal_G6.so 12641-12670
//odm/lib/libgf_hal_G7.so 12671-12740
//odm/lib/libmindroid-app.so 12741-12742
//odm/lib/libmindroid-framework.so 12743-12877
//odm/lib/libmtk-subsys-service.so 12878-12879
//odm/lib/libmxmafa.so 12880-12894
//odm/lib/libocam_common.so 12895-12898
//odm/lib/liboplus_platform_hwi.so 12899-12906
//odm/lib/libormshalclient.so 12907-12909
//odm/lib/librpmbengclient.so 12910
//odm/lib/libsl_fp_impl.so 12911-12944
//odm/lib/libsubsys-service.so 12945-12948
//odm/lib/libswresample.so 12949-12961
//odm/lib/libswscale.so 12962-13016
//odm/lib/libtfavib.so 13017-13034
//odm/lib/libtrustonic_keybox_ca.so 13035
//odm/lib/soundfx/awinic.haptic.effect.so 13037-13042
//odm/lib/soundfx/libdirac.so 13043-13055
//odm/lib/soundfx/libdiraceffect.so 13056-13167
//odm/lib/soundfx/libhaptic_effect.so 13168-13187
//odm/lib/vendor.aac.hardware.richtap.vibrator-V1-ndk_platform.so 13188-13192
//odm/lib/vendor.oplus.hardware.appradio@1.0.so 13193-13207
//odm/lib/vendor.oplus.hardware.biometrics.fingerprint@2.1.so 13208-13219
//odm/lib/vendor.oplus.hardware.biometrics.fingerprintpay@1.0.so 13220-13231
//odm/lib/vendor.oplus.hardware.camera.slogan@1.0.so 13232-13238
//odm/lib/vendor.oplus.hardware.cammidasservice@1.0.so 13239-13245
//odm/lib/vendor.oplus.hardware.charger@1.0.so 13246-13265
//odm/lib/vendor.oplus.hardware.commondcs@1.0.so 13266-13272
//odm/lib/vendor.oplus.hardware.cryptoeng@1.0.so 13273-13279
//odm/lib/vendor.oplus.hardware.displaypanelfeature@1.0.so 13281-13287
//odm/lib/vendor.oplus.hardware.engcamera@1.0.so 13288-13298
//odm/lib/vendor.oplus.hardware.engineer@1.0.so 13299-13316
//odm/lib/vendor.oplus.hardware.fido.fidoca@1.0.so 13317-13323
//odm/lib/vendor.oplus.hardware.gameopt@1.0.so 13324-13334
//odm/lib/vendor.oplus.hardware.ims@1.0.so 13335-13347
//odm/lib/vendor.oplus.hardware.lmvibrator@1.0.so 13348-13355
//odm/lib/vendor.oplus.hardware.misc@1.0.so 13356-13363
//odm/lib/vendor.oplus.hardware.oplusSensor@1.0.so 13364-13372
//odm/lib/vendor.oplus.hardware.orms.ormsHalService@1.0.so 13373-13384
//odm/lib/vendor.oplus.hardware.orms@1.0.so 13385-13392
//odm/lib/vendor.oplus.hardware.performance@1.0.so 13393-13423
//odm/lib/vendor.oplus.hardware.radio@1.0.so 13424-13456
//odm/lib/vendor.oplus.hardware.rpmh@2.0.so 13457-13463
//odm/lib/vendor.oplus.hardware.stability.oplus_project@1.0.so 13464-13476
//odm/lib/vendor.oplus.hardware.subsys@1.0.so 13477-13488
//odm/lib/vendor.oplus.hardware.thermalmntcfg@1.0.so 13489-13495
//odm/lib/vendor.oplus.hardware.touch@1.0.so 13496-13502
//odm/lib/vendor.oplus.hardware.transmessage@1.0.so 13503-13510
//odm/lib/vendor.oplus.hardware.vibrator-V1-ndk_platform.so 13511-13514
//odm/lib/vendor.oplus.hardware.wifi@1.1.so 13515-13530
//odm/lib64/anc.capacitive.hal.so 13532-13553
//odm/lib64/anc.hal.so 13554-13574
//odm/lib64/android.hardware.biometrics.common-V1-ndk_platform.so 13575-13578
//odm/lib64/android.hardware.biometrics.face-V1-ndk_platform.so 13579-13587
//odm/lib64/android.hardware.biometrics.fingerprint@2.1.so 13588-13601
//odm/lib64/android.hardware.biometrics.fingerprint@2.2.so 13602-13613
//odm/lib64/android.hardware.biometrics.fingerprint@2.3.so 13614-13622
//odm/lib64/android.hardware.common-V2-ndk_platform.so 13623-13624
//odm/lib64/android.hardware.keymaster-V3-ndk_platform.so 13625-13626
//odm/lib64/hw/fingerprint.focaltech.default.so 13628-13669
//odm/lib64/hw/fingerprint.goodix_G2.default.so 13670-13671
//odm/lib64/hw/fingerprint.goodix_G3.default.so 13672-13673
//odm/lib64/hw/fingerprint.goodix_G5.default.so 13674-13675
//odm/lib64/hw/fingerprint.goodix_G6.default.so 13676-13677
//odm/lib64/hw/fingerprint.goodix_G7.default.so 13678-13679
//odm/lib64/hw/fingerprint.silead.default.so 13680-13681
//odm/lib64/hw/fpsensor_fingerprint.default.so 13682-13710
//odm/lib64/hw/sidefp_fingerprint.default.so 13711-13745
//odm/lib64/hw/vendor.oplus.hardware.camera.slogan@1.0-impl.so 13746-13747
//odm/lib64/hw/vendor.oplus.hardware.gameopt@1.0-impl.so 13748-13750
//odm/lib64/hw/vendor.oplus.hardware.orms.ormsHalService@1.0-impl.so 13751-13756
//odm/lib64/libCipCommon.so 13757-13758
//odm/lib64/libCipParamProcess.so 13759-13780
//odm/lib64/libCipParameter0.so 13781-13865
//odm/lib64/libCipParameter1.so 13868-13953
//odm/lib64/libCipParameter2.so 13956-13993
//odm/lib64/libCipParameter3.so 13995-14094
//odm/lib64/libCipParameter4.so 14097-14236
//odm/lib64/libCipParameter5.so 14240-14296
//odm/lib64/libCipParameter6.so 14297-14409
//odm/lib64/libCipParameter7.so 14412-14448
//odm/lib64/libCipo_awb.so 14449-14880
//odm/lib64/libRbsFlow.so 14882-14908
//odm/lib64/libRbsFlow_cap.so 14909-14924
//odm/lib64/libTeeClient.so 14925-14959
//odm/lib64/lib_cryptoeng_api.so 14960
//odm/lib64/libaacvibrator.so 14961-14976
//odm/lib64/libarcsoft_dualcam_wt_calibration.so 14977-14978
//odm/lib64/libarcsoft_dualcam_wt_verification.so 14979-14980
//odm/lib64/libavcodec.so 14981-16502
//odm/lib64/libavformat.so 16505-16684
//odm/lib64/libavutil.so 16685-16743
//odm/lib64/libbsproxy.so 16744-16747
//odm/lib64/libcalibverifyW_T.so 16748-17162
//odm/lib64/libcamera_core_hwi.so 17163-17218
//odm/lib64/libdav1d.so.4 17219-17333
//odm/lib64/libdpservice.so 17334-17337
//odm/lib64/libegis_hal.so 17338-17341
//odm/lib64/libffmpeg_utils.so 17342-17344
//odm/lib64/libfido_factory.so 17345-17346
//odm/lib64/libgf_hal_G2.so 17347-18013
//odm/lib64/libgf_hal_G3.so 18014-18695
//odm/lib64/libgf_hal_G5.so 18696-18723
//odm/lib64/libgf_hal_G6.so 18724-18756
//odm/lib64/libgf_hal_G7.so 18757-18833
//odm/lib64/libhwm-oplus.so 18834-18841
//odm/lib64/libmindroid-app.so 18842-18843
//odm/lib64/libmindroid-framework.so 18844-18998
//odm/lib64/libmmc.so 18999-19014
//odm/lib64/libmtk-subsys-service.so 19015-19016
//odm/lib64/libmxmafa.so 19017-19038
//odm/lib64/libocam_common.so 19039-19042
//odm/lib64/liboplus_platform_hwi.so 19043-19051
//odm/lib64/libormshalclient.so 19052-19054
//odm/lib64/librpmbengclient.so 19055-19056
//odm/lib64/libskhynix_q2b_shared.so 19057-19079
//odm/lib64/libsl_fp_impl.so 19080-19120
//odm/lib64/libstfaceunlockppl.so 19121-32031
//odm/lib64/libsubsys-service.so 32040-32044
//odm/lib64/libswresample.so 32045-32056
//odm/lib64/libswscale.so 32057-32111
//odm/lib64/libtfavib.so 32112-32130
//odm/lib64/libtrustonic_keybox_ca.so 32131-32132
//odm/lib64/oplus.sensors.ssc.so 32133-32140
//odm/lib64/vendor.aac.hardware.richtap.vibrator-V1-ndk_platform.so 32141-32145
//odm/lib64/vendor.oplus.hardware.appradio@1.0.so 32146-32162
//odm/lib64/vendor.oplus.hardware.biometrics.fingerprint@2.1.so 32163-32175
//odm/lib64/vendor.oplus.hardware.biometrics.fingerprintpay@1.0.so 32176-32188
//odm/lib64/vendor.oplus.hardware.camera.slogan@1.0.so 32189-32196
//odm/lib64/vendor.oplus.hardware.cammidasservice@1.0.so 32197-32204
//odm/lib64/vendor.oplus.hardware.charger@1.0.so 32205-32225
//odm/lib64/vendor.oplus.hardware.commondcs@1.0.so 32226-32232
//odm/lib64/vendor.oplus.hardware.cryptoeng@1.0.so 32233-32239
//odm/lib64/vendor.oplus.hardware.displaypanelfeature@1.0.so 32240-32247
//odm/lib64/vendor.oplus.hardware.engcamera@1.0.so 32248-32259
//odm/lib64/vendor.oplus.hardware.engineer@1.0.so 32260-32278
//odm/lib64/vendor.oplus.hardware.fido.fidoca@1.0.so 32280-32287
//odm/lib64/vendor.oplus.hardware.gameopt@1.0.so 32288-32299
//odm/lib64/vendor.oplus.hardware.ims@1.0.so 32300-32313
//odm/lib64/vendor.oplus.hardware.lmvibrator@1.0.so 32314-32322
//odm/lib64/vendor.oplus.hardware.misc@1.0.so 32323-32331
//odm/lib64/vendor.oplus.hardware.oplusSensor@1.0.so 32332-32340
//odm/lib64/vendor.oplus.hardware.orms.ormsHalService@1.0.so 32341-32353
//odm/lib64/vendor.oplus.hardware.orms@1.0.so 32354-32361
//odm/lib64/vendor.oplus.hardware.performance@1.0.so 32362-32394
//odm/lib64/vendor.oplus.hardware.radio@1.0.so 32395-32431
//odm/lib64/vendor.oplus.hardware.rpmh@2.0.so 32432-32439
//odm/lib64/vendor.oplus.hardware.stability.oplus_project@1.0.so 32440-32453
//odm/lib64/vendor.oplus.hardware.subsys@1.0.so 32454-32466
//odm/lib64/vendor.oplus.hardware.thermalmntcfg@1.0.so 32467-32474
//odm/lib64/vendor.oplus.hardware.touch@1.0.so 32475-32482
//odm/lib64/vendor.oplus.hardware.transmessage@1.0.so 32483-32491
//odm/lib64/vendor.oplus.hardware.vibrator-V1-ndk_platform.so 32492-32495
//odm/lib64/vendor.oplus.hardware.wifi@1.1.so 32496-32512
//odm/overlay/CarrierConfigOverlay.216AF.apk 32513-32517
//odm/vendor/app/mcRegistry/030c0000000000000000000000000000.drbin 32519-32520
//odm/vendor/app/mcRegistry/030c0000000000000000000000000000.tlbin 32521-32522
//odm/vendor/app/mcRegistry/030f0000000000000000000000000000.drbin 32523-32524
//odm/vendor/app/mcRegistry/030f0000000000000000000000000000.tlbin 32525-32526
//odm/vendor/app/mcRegistry/04320000000000000000000000000000.tlbin 32527-32532
//odm/vendor/app/mcRegistry/05220000000000000000000000000000.tlbin 32533-32640
//odm/vendor/app/mcRegistry/070f0000000000000000000000000a0a.tlbin 32641-32656
//odm/vendor/app/mcRegistry/08010203000000000000000000000000.tabin 32657-32663
//odm/vendor/app/mcRegistry/08080000000000000000000000000000.tlbin 32664-33054
//odm/vendor/app/mcRegistry/09060000000000000000000000000000.tabin 33055-33079
//odm/vendor/app/mcRegistry/09070000000000000000000000000000.drbin 33080
//odm/vendor/app/mcRegistry/09080000000000000000000000000000.tlbin 33082-33100
//odm/vendor/app/mcRegistry/511ead0a000000000000000000000000.tabin 33101-33373
