/product/app/com.google.android.modulemetadata/com.google.android.modulemetadata.apk 18-24
/product/app/com.google.mainline.telemetry/com.google.mainline.telemetry.apk 26-31
/product/bin/init.oplus.nandswap.sh 33-35
/product/bin/nandswap_tool 36-38
/product/etc/NOTICE.xml.gz 40-52
/product/etc/build.prop 53
/product/etc/init/init.oplus.nandswap.rc 55-56
/product/etc/permissions/com.android.imsserviceentitlement.xml 58
/product/etc/permissions/fingerprint_auth_prompt_skip_list.xml 59
/product/etc/permissions/privapp-permissions-oplus.xml 60-69
/product/etc/permissions/product-permissions-mediatek.xml 70
/product/etc/security/avb/system_other.avbpubkey 73
/product/etc/security/fsverity/gms_fsverity_cert.der 75
/product/etc/security/fsverity/play_store_fsi_cert.der 76
/product/etc/selinux/product_sepolicy_and_mapping_debug.sha256 78
/product/etc/sysconfig/GoogleCellBroadcast_config.xml 80
/product/etc/sysconfig/google-rollback-package-whitelist.xml 81
/product/etc/sysconfig/google-staged-installer-whitelist.xml 82
/product/etc/sysconfig/google.xml 83
/product/etc/sysconfig/preinstalled-packages-platform-handheld-product.xml 84
/product/etc/sysconfig/preinstalled-packages-platform-overlays.xml 85-87
/product/framework/com.google.android.dialer.support.jar 89
/product/lib64/libjni_latinime.so 92-343
/product/media/audio/ui/Camera_Timer.ogg 347-349
/product/media/audio/ui/Camera_Timer_2sec.ogg 350-367
/product/media/audio/ui/Dock.ogg 368-369
/product/media/audio/ui/Effect_Tick.ogg 370-371
/product/media/audio/ui/InCallNotification.ogg 372-373
/product/media/audio/ui/KeypressDelete.ogg 374-375
/product/media/audio/ui/KeypressInvalid.ogg 376-377
/product/media/audio/ui/KeypressReturn.ogg 378-379
/product/media/audio/ui/KeypressSpacebar.ogg 380-381
/product/media/audio/ui/KeypressStandard.ogg 382-383
/product/media/audio/ui/Lock.ogg 384-385
/product/media/audio/ui/LowBattery.ogg 386-388
/product/media/audio/ui/Screenshots.ogg 389-391
/product/media/audio/ui/Undock.ogg 392-397
/product/media/audio/ui/Unlock.ogg 398-399
/product/media/audio/ui/VideoRecord.ogg 400-403
/product/media/audio/ui/camera_click.ogg 404-406
/product/media/audio/ui/camera_click_start.ogg 407-409
/product/media/audio/ui/camera_click_stop.ogg 410-412
/product/media/audio/ui/camera_focus.ogg 413-414
/product/media/audio/ui/camera_shutter.ogg 415-418
/product/media/audio/ui/charging.ogg 419-421
/product/overlay/DisplayCutoutEmulationCorner/DisplayCutoutEmulationCornerOverlay.apk 424-430
/product/overlay/DisplayCutoutEmulationDouble/DisplayCutoutEmulationDoubleOverlay.apk 432-438
/product/overlay/DisplayCutoutEmulationHole/DisplayCutoutEmulationHoleOverlay.apk 440-446
/product/overlay/DisplayCutoutEmulationTall/DisplayCutoutEmulationTallOverlay.apk 448-454
/product/overlay/DisplayCutoutEmulationWaterfall/DisplayCutoutEmulationWaterfallOverlay.apk 456-462
/product/overlay/FontNotoSerifSource/FontNotoSerifSourceOverlay.apk 464-466
/product/overlay/GoogleDocumentsUIOverlay.apk 467-469
/product/overlay/GoogleExtServicesConfigOverlay.apk 470-472
/product/overlay/GooglePermissionControllerFrameworkOverlay.apk 473-475
/product/overlay/GooglePermissionControllerOverlay.apk 476-478
/product/overlay/ModuleMetadataGoogleOverlay.apk 479-481
/product/overlay/NavigationBarMode3Button/NavigationBarMode3ButtonOverlay.apk 483-485
/product/overlay/NavigationBarModeGestural/NavigationBarModeGesturalOverlay.apk 487-490
/product/overlay/NavigationBarModeGesturalExtraWideBack/NavigationBarModeGesturalOverlayExtraWideBack.apk 492-495
/product/overlay/NavigationBarModeGesturalNarrowBack/NavigationBarModeGesturalOverlayNarrowBack.apk 497-500
/product/overlay/NavigationBarModeGesturalWideBack/NavigationBarModeGesturalOverlayWideBack.apk 502-505
/product/overlay/OneHandedModeGestural/OneHandedModeGesturalOverlay.apk 507-509
/product/overlay/OplusCarrierConfig.apk 510-540
/product/overlay/framework-res__auto_generated_rro_product.apk 541-568
