/system_ext/apex/com.android.vndk.v30.apex 1-28018
/system_ext/app/Athena/Athena.apk 28019-28854
/system_ext/app/Athena/oat/arm/Athena.odex 28856-28860
/system_ext/app/Athena/oat/arm/Athena.vdex 28861-28873
/system_ext/app/Athena/oat/arm64/Athena.odex 28874-28878
/system_ext/app/Athena/oat/arm64/Athena.vdex 28879-28891
/system_ext/app/BTtestmode/BTtestmode.apk 28892-28903
/system_ext/app/Battery/Battery.apk 28905-30848
/system_ext/app/Battery/oat/arm64/Battery.odex 30851-30857
/system_ext/app/Battery/oat/arm64/Battery.vdex 30858-30880
/system_ext/app/CertInstaller/CertInstaller.apk 30881-31595
/system_ext/app/CertInstaller/oat/arm64/CertInstaller.odex 31596-31598
/system_ext/app/CertInstaller/oat/arm64/CertInstaller.vdex 31599-31607
/system_ext/app/CrashBox/CrashBox.apk 31609-32043
/system_ext/app/CrashBox/oat/arm64/CrashBox.odex 32044-32047
/system_ext/app/CrashBox/oat/arm64/CrashBox.vdex 32048-32057
/system_ext/app/DebugLoggerUI/DebugLoggerUI.apk 32058-32158
/system_ext/app/DebugLoggerUI/oat/arm64/DebugLoggerUI.odex 32159
/system_ext/app/DebugLoggerUI/oat/arm64/DebugLoggerUI.vdex 32160 32161
/system_ext/app/FidoAsm/FidoAsm.apk 32162-32210
/system_ext/app/FidoAsm/oat/arm64/FidoAsm.odex 32211
/system_ext/app/FidoAsm/oat/arm64/FidoAsm.vdex 32212
/system_ext/app/HTMLViewer/HTMLViewer.apk 32214-33382
/system_ext/app/HTMLViewer/oat/arm64/HTMLViewer.odex 33385-33389
/system_ext/app/HTMLViewer/oat/arm64/HTMLViewer.vdex 33390-33405
/system_ext/app/HealthService/HealthService.apk 33406-33512
/system_ext/app/HealthService/oat/arm/HealthService.odex 33513-33514
/system_ext/app/HealthService/oat/arm/HealthService.vdex 33515-33517
/system_ext/app/HealthService/oat/arm64/HealthService.odex 33518-33519
/system_ext/app/HealthService/oat/arm64/HealthService.vdex 33520-33522
/system_ext/app/KeyChain/KeyChain.apk 33523-33548
/system_ext/app/KeyChain/oat/arm64/KeyChain.odex 33549
/system_ext/app/LFEHer/LFEHer.apk 33550-33607
/system_ext/app/LFEHer/oat/arm64/LFEHer.odex 33608
/system_ext/app/LFEHer/oat/arm64/LFEHer.vdex 33609
/system_ext/app/LogKit/LogKit.apk 33611-35435
/system_ext/app/LogKit/oat/arm64/LogKit.odex 35438-35445
/system_ext/app/LogKit/oat/arm64/LogKit.vdex 35446-35468
/system_ext/app/MCS/MCS.apk 35469-37368
/system_ext/app/NetworkHealthService/NetworkHealthService.apk 37371-37486
/system_ext/app/NetworkHealthService/oat/arm64/NetworkHealthService.odex 37487
/system_ext/app/NetworkHealthService/oat/arm64/NetworkHealthService.vdex 37488-37489
/system_ext/app/NfcNci/NfcNci.apk 37490-39167
/system_ext/app/NfcNci/oat/arm64/NfcNci.odex 39170-39176
/system_ext/app/NfcNci/oat/arm64/NfcNci.vdex 39177-39199
/system_ext/app/NotificationCenter/NotificationCenter.apk 39200-41232
/system_ext/app/NotificationCenter/oat/arm64/NotificationCenter.odex 41236-41244
/system_ext/app/NotificationCenter/oat/arm64/NotificationCenter.vdex 41245-41272
/system_ext/app/OTA/OTA.apk 41273-43306
/system_ext/app/OplusAtlasService/OplusAtlasService.apk 43309-43374
/system_ext/app/OplusAtlasService/oat/arm64/OplusAtlasService.odex 43375
/system_ext/app/OplusAtlasService/oat/arm64/OplusAtlasService.vdex 43376
/system_ext/app/OplusEngineerCamera/OplusEngineerCamera.apk 43377-49066
/system_ext/app/OplusEngineerCamera/oat/arm64/OplusEngineerCamera.odex 49073-49080
/system_ext/app/OplusEngineerCamera/oat/arm64/OplusEngineerCamera.vdex 49081-49103
/system_ext/app/OplusEngineerMode/OplusEngineerMode.apk 49104-55192
/system_ext/app/OplusEngineerMode/oat/arm64/OplusEngineerMode.odex 55197-55204
/system_ext/app/OplusEngineerMode/oat/arm64/OplusEngineerMode.vdex 55205-55229
/system_ext/app/OplusEngineerNetwork/OplusEngineerNetwork.apk 55230-55922
/system_ext/app/OplusEngineerNetwork/oat/arm64/OplusEngineerNetwork.odex 55923-55926
/system_ext/app/OplusEngineerNetwork/oat/arm64/OplusEngineerNetwork.vdex 55927-55938
/system_ext/app/OplusExServiceUI/OplusExServiceUI.apk 55939-57603
/system_ext/app/OplusExServiceUI/oat/arm64/OplusExServiceUI.odex 57606-57609
/system_ext/app/OplusExServiceUI/oat/arm64/OplusExServiceUI.vdex 57610-57621
/system_ext/app/OplusEyeProtect/OplusEyeProtect.apk 57622-58404
/system_ext/app/OplusEyeProtect/oat/arm64/OplusEyeProtect.odex 58405-58408
/system_ext/app/OplusEyeProtect/oat/arm64/OplusEyeProtect.vdex 58409-58418
/system_ext/app/OplusLocationService/OplusLocationService.apk 58419-58443
/system_ext/app/OplusLocationService/oat/arm64/OplusLocationService.odex 58444
/system_ext/app/OplusMultiApp/OplusMultiApp.apk 58445-59426
/system_ext/app/OplusMultiApp/oat/arm64/OplusMultiApp.odex 59428-59432
/system_ext/app/OplusMultiApp/oat/arm64/OplusMultiApp.vdex 59433-59446
/system_ext/app/OplusQualityProtect/OplusQualityProtect.apk 59447-59495
/system_ext/app/OplusQualityProtect/oat/arm64/OplusQualityProtect.odex 59497
/system_ext/app/OplusQualityProtect/oat/arm64/OplusQualityProtect.vdex 59498
/system_ext/app/OppoGestureUI/OppoGestureUI.apk 59499-62812
/system_ext/app/OppoGestureUI/oat/arm64/OppoGestureUI.odex 62816-62820
/system_ext/app/OppoGestureUI/oat/arm64/OppoGestureUI.vdex 62821-62835
/system_ext/app/PostmanService/PostmanService.apk 62836-65238
/system_ext/app/PostmanService/oat/arm64/PostmanService.odex 65242-65251
/system_ext/app/PostmanService/oat/arm64/PostmanService.vdex 65252-65281
/system_ext/app/PowerMonitor/PowerMonitor.apk 65282-65519
/system_ext/app/PowerMonitor/oat/arm64/PowerMonitor.odex 65520-65521
/system_ext/app/PowerMonitor/oat/arm64/PowerMonitor.vdex 65522-65526
/system_ext/app/PrintSpooler/PrintSpooler.apk 65527-66742
/system_ext/app/PrintSpooler/oat/arm64/PrintSpooler.odex 66745-66748
/system_ext/app/PrintSpooler/oat/arm64/PrintSpooler.vdex 66749-66761
/system_ext/app/SAUHelper/SAUHelper.apk 66762-66768
/system_ext/app/SAUHelper/oat/arm64/SAUHelper.odex 66769
/system_ext/app/SafeCenter/SafeCenter.apk 66770-69761
/system_ext/app/SafeCenter/oat/arm64/SafeCenter.odex 69765-69771
/system_ext/app/SafeCenter/oat/arm64/SafeCenter.vdex 69772-69792
/system_ext/app/SecureElement/SecureElement.apk 69793-69834
/system_ext/app/SecureElement/oat/arm64/SecureElement.odex 69835
/system_ext/app/SecureElement/oat/arm64/SecureElement.vdex 69836
/system_ext/app/SecurityPermission/SecurityPermission.apk 69837-71258
/system_ext/app/SecurityPermission/oat/arm64/SecurityPermission.odex 71261-71266
/system_ext/app/SecurityPermission/oat/arm64/SecurityPermission.vdex 71267-71283
/system_ext/app/Shelper/Shelper.apk 71284-71686
/system_ext/app/Shelper/oat/arm64/Shelper.odex 71687-71688
/system_ext/app/Shelper/oat/arm64/Shelper.vdex 71689-71693
/system_ext/app/SoterService/SoterService.apk 71694-71776
/system_ext/app/SoterService/oat/arm64/SoterService.odex 71777-71778
/system_ext/app/SoterService/oat/arm64/SoterService.vdex 71779-71781
/system_ext/app/Stk/Stk.apk 71782-72877
/system_ext/app/Stk/oat/arm64/Stk.odex 72880-72884
/system_ext/app/Stk/oat/arm64/Stk.vdex 72885-72900
/system_ext/app/SubsystemApp/SubsystemApp.apk 72901-72902
/system_ext/app/SubsystemApp/oat/arm64/SubsystemApp.odex 72903
/system_ext/app/SystemAppUpdateService/SystemAppUpdateService.apk 72904-74066
/system_ext/app/SystemAppUpdateService/oat/arm64/SystemAppUpdateService.odex 74069-74074
/system_ext/app/SystemAppUpdateService/oat/arm64/SystemAppUpdateService.vdex 74075-74092
/system_ext/app/TeeService/TeeService.apk 74093-74110
/system_ext/app/UAFClient/UAFClient.apk 74111-74178
/system_ext/app/UXDesign/UXDesign.apk 74179-76425
/system_ext/app/UXDesign/oat/arm64/UXDesign.odex 76428-76435
/system_ext/app/UXDesign/oat/arm64/UXDesign.vdex 76436-76460
/system_ext/app/WallpaperChooser/WallpaperChooser.apk 76461-84595
/system_ext/app/WallpaperChooser/oat/arm64/WallpaperChooser.odex 84601-84610
/system_ext/app/WallpaperChooser/oat/arm64/WallpaperChooser.vdex 84611-84640
/system_ext/app/WifiBackupAndRestore/WifiBackupAndRestore.apk 84641-84750
/system_ext/app/WifiBackupAndRestore/oat/arm64/WifiBackupAndRestore.odex 84751
/system_ext/app/WifiBackupAndRestore/oat/arm64/WifiBackupAndRestore.vdex 84752-84753
/system_ext/bin/CLGen 84754-84757
/system_ext/bin/aee 84758-84760
/system_ext/bin/aee_aed 84761-84798
/system_ext/bin/aee_aed64 84799-84835
/system_ext/bin/aee_aed64_v2 84836-84875
/system_ext/bin/aee_core_forwarder 84876-84878
/system_ext/bin/aee_core_forwarder_v2 84879-84881
/system_ext/bin/aee_dumpstate 84882-84894
/system_ext/bin/aee_dumpstate_v2 84895-84908
/system_ext/bin/aee_v2 84909-84911
/system_ext/bin/aeedb 84912-84913
/system_ext/bin/aeedb_v2 84914-84915
/system_ext/bin/asserttip 84916-85918
/system_ext/bin/atlasservice 85920
/system_ext/bin/autochmod.sh 85922-85927
/system_ext/bin/bspFwUpdate 85928-85931
/system_ext/bin/bsp_kevent 85932-85934
/system_ext/bin/common_dcs 85935
/system_ext/bin/criticallog 85936-85943
/system_ext/bin/datafree 85944-85945
/system_ext/bin/debuglog_atomic.sh 85946
/system_ext/bin/debuglog_common.sh 85947-85948
/system_ext/bin/emdlogger1 85951-85996
/system_ext/bin/emdlogger2 85997-86042
/system_ext/bin/emdlogger3 86043-86075
/system_ext/bin/emdlogger5 86076-86121
/system_ext/bin/extractCurrentUefiLog 86122-86123
/system_ext/bin/fsck_exfat 86125-86129
/system_ext/bin/hans 86130-86133
/system_ext/bin/hapticscreencap 86134-86136
/system_ext/bin/hephaestus 86137-86138
/system_ext/bin/horae 86139-86175
/system_ext/bin/init.sys.oplus.bt.debug.sh 86176
/system_ext/bin/init.sys.oplus.wifi.RusUpgrade.sh 86177-86178
/system_ext/bin/init.sys.oplus.wifi.debug.sh 86179
/system_ext/bin/iopgp 86180-86273
/system_ext/bin/iopgp.cmd.compiler 86274-86487
/system_ext/bin/mdlogger 86488-86504
/system_ext/bin/midasd 86505-86508
/system_ext/bin/mkexfat 86510-86514
/system_ext/bin/mkntfs 86515-86527
/system_ext/bin/mlogd 86528-86529
/system_ext/bin/mmlistservice 86530
/system_ext/bin/ntfs-3g 86531-86588
/system_ext/bin/ntfsfix 86589-86616
/system_ext/bin/oifaceoplusonly 86617-86728
/system_ext/bin/oldc 86729
/system_ext/bin/onbootlog 86730-86732
/system_ext/bin/oplus_app_data 86733-86736
/system_ext/bin/oplus_fulldump 86737
/system_ext/bin/oplus_kevent 86738-86742
/system_ext/bin/oplus_log_olc.sh 86743
/system_ext/bin/oplus_theia 86744-86748
/system_ext/bin/osvelte 86749-86756
/system_ext/bin/phoenix_log_manager 86757-86759
/system_ext/bin/phoenix_log_native_helper.sh 86760-86761
/system_ext/bin/resize_ext4 86763
/system_ext/bin/rtt 86764
/system_ext/bin/rtt_v2 86765
/system_ext/bin/shutdown_log_back 86766-86768
/system_ext/bin/shutdown_log_native_helper.sh 86769
/system_ext/bin/trace 86770-86902
/system_ext/bin/transfer_log.sh 86903-86905
/system_ext/etc/Multimedia_Daemon_List.xml 86907-86909
/system_ext/etc/NOTICE.xml.gz 86910-86939
/system_ext/etc/app_launch_opt_list.xml 86941-86943
/system_ext/etc/audio_policy_configuration.xml 86944
/system_ext/etc/audio_policy_configuration_bluetooth_legacy_hal.xml 86945
/system_ext/etc/audio_policy_engine_default_stream_volumes.xml 86947
/system_ext/etc/audio_policy_engine_product_strategies.xml 86948
/system_ext/etc/audio_policy_engine_stream_volumes.xml 86949
/system_ext/etc/audio_policy_volumes.xml 86950
/system_ext/etc/build.prop 86952
/system_ext/etc/connectivity_ssv.xml 86953
/system_ext/etc/criticallog_config.xml 86954-86955
/system_ext/etc/data_normalization_configs.xml 86956
/system_ext/etc/default_volume_tables.xml 86957
/system_ext/etc/engineermode/engineer_order_list.xml 86959
/system_ext/etc/engineermode/sys_secrecy_switch_list.xml 86960
/system_ext/etc/fonts_base.xml 86961-86962
/system_ext/etc/hidden_api_exemptions 86974-86975
/system_ext/etc/horae/horae_MT6765.conf 86977-86978
/system_ext/etc/horae/horae_MT6779.conf 86981-86983
/system_ext/etc/horae/horae_MT6785.conf 86985
/system_ext/etc/horae/horae_MT6833.conf 86986-86994
/system_ext/etc/horae/horae_MT6853.conf 86996-86999
/system_ext/etc/horae/horae_MT6877.conf 87002-87004
/system_ext/etc/horae/horae_MT6885.conf 87005-87006
/system_ext/etc/horae/horae_MT6891.conf 87008-87013
/system_ext/etc/horae/horae_MT6895.conf 87014-87016
/system_ext/etc/horae/horae_SM4350.conf 87019-87021
/system_ext/etc/horae/horae_SM6115.conf 87022-87023
/system_ext/etc/horae/horae_SM6225.conf 87024-87025
/system_ext/etc/horae/horae_SM6375.conf 87027-87031
/system_ext/etc/horae/horae_SM7125.conf 87032-87034
/system_ext/etc/horae/horae_SM7225.conf 87036-87037
/system_ext/etc/horae/horae_SM7250.conf 87038-87041
/system_ext/etc/horae/horae_SM7325.conf 87043-87046
/system_ext/etc/horae/horae_SM8150.conf 87049
/system_ext/etc/horae/horae_SM8250.conf 87050-87059
/system_ext/etc/horae/horae_SM8350.conf 87061-87067
/system_ext/etc/horae/horae_SM8450.conf 87069
/system_ext/etc/init/debuglog_common.rc 87072
/system_ext/etc/init/debuglog_manager.rc 87073
/system_ext/etc/init/hw/init.aee.rc 87075
/system_ext/etc/init/hw/vendor_init_as_system.rc 87076
/system_ext/etc/init/init.oplus.debug.rc 87077-87078
/system_ext/etc/init/init.oplus.rootdir.rc 87079-87080
/system_ext/etc/init/init.sys.oplus.connectivity.rc 87081
/system_ext/etc/media/quickboot/boot_bat_temp_high.png 87088-87093
/system_ext/etc/media/quickboot/boot_bat_temp_low.png 87094-87101
/system_ext/etc/media/quickboot/boot_black_picture.png 87102
/system_ext/etc/media/quickboot/boot_charger_01.png 87103-87104
/system_ext/etc/media/quickboot/boot_charger_02.png 87105-87106
/system_ext/etc/media/quickboot/boot_charger_03.png 87107-87108
/system_ext/etc/media/quickboot/boot_charger_04.png 87109-87110
/system_ext/etc/media/quickboot/boot_charger_05.png 87111-87112
/system_ext/etc/media/quickboot/boot_charger_06.png 87113-87114
/system_ext/etc/media/quickboot/boot_charger_07.png 87115-87116
/system_ext/etc/media/quickboot/boot_charger_08.png 87117-87119
/system_ext/etc/media/quickboot/boot_charger_09.png 87120-87122
/system_ext/etc/media/quickboot/boot_charger_10.png 87123-87125
/system_ext/etc/media/quickboot/boot_charger_100.png 87126-87128
/system_ext/etc/media/quickboot/boot_charger_11.png 87129-87131
/system_ext/etc/media/quickboot/boot_charger_12.png 87132-87134
/system_ext/etc/media/quickboot/boot_charger_13.png 87135-87137
/system_ext/etc/media/quickboot/boot_charger_14.png 87138-87140
/system_ext/etc/media/quickboot/boot_charger_15.png 87141-87143
/system_ext/etc/media/quickboot/boot_charger_16.png 87144-87146
/system_ext/etc/media/quickboot/boot_charger_17.png 87147-87149
/system_ext/etc/media/quickboot/boot_charger_18.png 87150-87152
/system_ext/etc/media/quickboot/boot_charger_19.png 87153-87155
/system_ext/etc/media/quickboot/boot_charger_20.png 87156-87158
/system_ext/etc/media/quickboot/boot_charger_21.png 87159-87161
/system_ext/etc/media/quickboot/boot_charger_22.png 87162-87164
/system_ext/etc/media/quickboot/boot_charger_23.png 87165-87167
/system_ext/etc/media/quickboot/boot_charger_24.png 87168-87170
/system_ext/etc/media/quickboot/boot_charger_25.png 87171-87173
/system_ext/etc/media/quickboot/boot_charger_battery_high.png 87174-87180
/system_ext/etc/media/quickboot/boot_charger_battery_untouch.png 87181-87187
/system_ext/etc/media/quickboot/boot_charger_deviated_CN.png 87188-87206
/system_ext/etc/media/quickboot/boot_charger_deviated_US.png 87208-87225
/system_ext/etc/media/quickboot/boot_charger_empty.png 87226-87227
/system_ext/etc/media/quickboot/boot_charger_f_s_v_01.png 87228-87229
/system_ext/etc/media/quickboot/boot_charger_f_s_v_02.png 87230-87231
/system_ext/etc/media/quickboot/boot_charger_f_s_v_03.png 87232-87233
/system_ext/etc/media/quickboot/boot_charger_f_s_v_04.png 87234-87235
/system_ext/etc/media/quickboot/boot_charger_f_s_v_05.png 87236-87237
/system_ext/etc/media/quickboot/boot_charger_f_s_v_06.png 87238-87239
/system_ext/etc/media/quickboot/boot_charger_f_s_v_07.png 87240-87241
/system_ext/etc/media/quickboot/boot_charger_f_s_v_08.png 87242-87244
/system_ext/etc/media/quickboot/boot_charger_f_s_v_09.png 87245-87247
/system_ext/etc/media/quickboot/boot_charger_f_s_v_10.png 87248-87250
/system_ext/etc/media/quickboot/boot_charger_f_s_v_11.png 87251-87253
/system_ext/etc/media/quickboot/boot_charger_f_s_v_12.png 87254-87256
/system_ext/etc/media/quickboot/boot_charger_f_s_v_13.png 87257-87259
/system_ext/etc/media/quickboot/boot_charger_f_s_v_14.png 87260-87262
/system_ext/etc/media/quickboot/boot_charger_f_s_v_15.png 87263-87265
/system_ext/etc/media/quickboot/boot_charger_f_s_v_16.png 87266-87268
/system_ext/etc/media/quickboot/boot_charger_f_s_v_17.png 87269-87271
/system_ext/etc/media/quickboot/boot_charger_f_s_v_18.png 87272-87274
/system_ext/etc/media/quickboot/boot_charger_f_s_v_19.png 87275-87277
/system_ext/etc/media/quickboot/boot_charger_f_s_v_20.png 87278-87280
/system_ext/etc/media/quickboot/boot_charger_f_s_v_21.png 87281-87283
/system_ext/etc/media/quickboot/boot_charger_f_s_v_22.png 87284-87286
/system_ext/etc/media/quickboot/boot_charger_f_s_v_23.png 87287-87289
/system_ext/etc/media/quickboot/boot_charger_f_s_v_24.png 87290-87292
/system_ext/etc/media/quickboot/boot_charger_f_s_v_25.png 87293-87295
/system_ext/etc/media/quickboot/boot_charger_f_s_v_empty.png 87296-87297
/system_ext/etc/media/quickboot/boot_charger_f_v_01.png 87298-87299
/system_ext/etc/media/quickboot/boot_charger_f_v_02.png 87300-87301
/system_ext/etc/media/quickboot/boot_charger_f_v_03.png 87302-87303
/system_ext/etc/media/quickboot/boot_charger_f_v_04.png 87304-87305
/system_ext/etc/media/quickboot/boot_charger_f_v_05.png 87306-87307
/system_ext/etc/media/quickboot/boot_charger_f_v_06.png 87308-87309
/system_ext/etc/media/quickboot/boot_charger_f_v_07.png 87310-87311
/system_ext/etc/media/quickboot/boot_charger_f_v_08.png 87312-87314
/system_ext/etc/media/quickboot/boot_charger_f_v_09.png 87315-87317
/system_ext/etc/media/quickboot/boot_charger_f_v_10.png 87318-87320
/system_ext/etc/media/quickboot/boot_charger_f_v_11.png 87321-87323
/system_ext/etc/media/quickboot/boot_charger_f_v_12.png 87324-87326
/system_ext/etc/media/quickboot/boot_charger_f_v_13.png 87327-87329
/system_ext/etc/media/quickboot/boot_charger_f_v_14.png 87330-87332
/system_ext/etc/media/quickboot/boot_charger_f_v_15.png 87333-87335
/system_ext/etc/media/quickboot/boot_charger_f_v_16.png 87337-87339
/system_ext/etc/media/quickboot/boot_charger_f_v_17.png 87340-87342
/system_ext/etc/media/quickboot/boot_charger_f_v_18.png 87343-87345
/system_ext/etc/media/quickboot/boot_charger_f_v_19.png 87346-87348
/system_ext/etc/media/quickboot/boot_charger_f_v_20.png 87349-87351
/system_ext/etc/media/quickboot/boot_charger_f_v_21.png 87352-87354
/system_ext/etc/media/quickboot/boot_charger_f_v_22.png 87355-87357
/system_ext/etc/media/quickboot/boot_charger_f_v_23.png 87358-87360
/system_ext/etc/media/quickboot/boot_charger_f_v_24.png 87361-87363
/system_ext/etc/media/quickboot/boot_charger_f_v_25.png 87364-87366
/system_ext/etc/media/quickboot/boot_charger_f_v_empty.png 87367-87368
/system_ext/etc/media/quickboot/boot_charger_full.png 87369-87371
/system_ext/etc/media/quickboot/boot_charger_full_thirdbat.png 87372-87379
/system_ext/etc/media/quickboot/boot_charger_full_with_exception1.png 87380-87386
/system_ext/etc/media/quickboot/boot_charger_full_with_exception2.png 87387-87393
/system_ext/etc/media/quickboot/boot_charger_s_01.png 87397-87398
/system_ext/etc/media/quickboot/boot_charger_s_02.png 87399-87400
/system_ext/etc/media/quickboot/boot_charger_s_03.png 87401-87402
/system_ext/etc/media/quickboot/boot_charger_s_04.png 87403-87404
/system_ext/etc/media/quickboot/boot_charger_s_05.png 87405-87406
/system_ext/etc/media/quickboot/boot_charger_s_06.png 87407-87408
/system_ext/etc/media/quickboot/boot_charger_s_07.png 87409-87410
/system_ext/etc/media/quickboot/boot_charger_s_08.png 87411-87413
/system_ext/etc/media/quickboot/boot_charger_s_09.png 87414-87416
/system_ext/etc/media/quickboot/boot_charger_s_10.png 87417-87419
/system_ext/etc/media/quickboot/boot_charger_s_11.png 87420-87422
/system_ext/etc/media/quickboot/boot_charger_s_12.png 87423-87425
/system_ext/etc/media/quickboot/boot_charger_s_13.png 87426-87428
/system_ext/etc/media/quickboot/boot_charger_s_14.png 87429-87431
/system_ext/etc/media/quickboot/boot_charger_s_15.png 87432-87434
/system_ext/etc/media/quickboot/boot_charger_s_16.png 87435-87437
/system_ext/etc/media/quickboot/boot_charger_s_17.png 87439-87441
/system_ext/etc/media/quickboot/boot_charger_s_18.png 87442-87444
/system_ext/etc/media/quickboot/boot_charger_s_19.png 87445-87447
/system_ext/etc/media/quickboot/boot_charger_s_20.png 87448-87450
/system_ext/etc/media/quickboot/boot_charger_s_21.png 87451-87453
/system_ext/etc/media/quickboot/boot_charger_s_22.png 87454-87456
/system_ext/etc/media/quickboot/boot_charger_s_23.png 87457-87459
/system_ext/etc/media/quickboot/boot_charger_s_24.png 87460-87462
/system_ext/etc/media/quickboot/boot_charger_s_25.png 87463-87465
/system_ext/etc/media/quickboot/boot_charger_s_empty.png 87466-87467
/system_ext/etc/media/quickboot/boot_charger_s_v_01.png 87468-87469
/system_ext/etc/media/quickboot/boot_charger_s_v_02.png 87470-87471
/system_ext/etc/media/quickboot/boot_charger_s_v_03.png 87472-87473
/system_ext/etc/media/quickboot/boot_charger_s_v_04.png 87474-87475
/system_ext/etc/media/quickboot/boot_charger_s_v_05.png 87476-87477
/system_ext/etc/media/quickboot/boot_charger_s_v_06.png 87478-87479
/system_ext/etc/media/quickboot/boot_charger_s_v_07.png 87480-87481
/system_ext/etc/media/quickboot/boot_charger_s_v_08.png 87482-87484
/system_ext/etc/media/quickboot/boot_charger_s_v_09.png 87485-87487
/system_ext/etc/media/quickboot/boot_charger_s_v_10.png 87488-87490
/system_ext/etc/media/quickboot/boot_charger_s_v_11.png 87491-87493
/system_ext/etc/media/quickboot/boot_charger_s_v_12.png 87494-87496
/system_ext/etc/media/quickboot/boot_charger_s_v_13.png 87497-87499
/system_ext/etc/media/quickboot/boot_charger_s_v_14.png 87500-87502
/system_ext/etc/media/quickboot/boot_charger_s_v_15.png 87503-87505
/system_ext/etc/media/quickboot/boot_charger_s_v_16.png 87506-87508
/system_ext/etc/media/quickboot/boot_charger_s_v_17.png 87509-87511
/system_ext/etc/media/quickboot/boot_charger_s_v_18.png 87512-87514
/system_ext/etc/media/quickboot/boot_charger_s_v_19.png 87515-87517
/system_ext/etc/media/quickboot/boot_charger_s_v_20.png 87518-87520
/system_ext/etc/media/quickboot/boot_charger_s_v_21.png 87521-87523
/system_ext/etc/media/quickboot/boot_charger_s_v_22.png 87524-87526
/system_ext/etc/media/quickboot/boot_charger_s_v_23.png 87527-87529
/system_ext/etc/media/quickboot/boot_charger_s_v_24.png 87530-87532
/system_ext/etc/media/quickboot/boot_charger_s_v_25.png 87533-87535
/system_ext/etc/media/quickboot/boot_charger_s_v_2_01.png 87536-87537
/system_ext/etc/media/quickboot/boot_charger_s_v_2_02.png 87538-87539
/system_ext/etc/media/quickboot/boot_charger_s_v_2_03.png 87540-87541
/system_ext/etc/media/quickboot/boot_charger_s_v_2_04.png 87542-87543
/system_ext/etc/media/quickboot/boot_charger_s_v_2_05.png 87544-87545
/system_ext/etc/media/quickboot/boot_charger_s_v_2_06.png 87546-87547
/system_ext/etc/media/quickboot/boot_charger_s_v_2_07.png 87548-87549
/system_ext/etc/media/quickboot/boot_charger_s_v_2_08.png 87551-87553
/system_ext/etc/media/quickboot/boot_charger_s_v_2_09.png 87554-87556
/system_ext/etc/media/quickboot/boot_charger_s_v_2_10.png 87557-87559
/system_ext/etc/media/quickboot/boot_charger_s_v_2_100.png 87560-87562
/system_ext/etc/media/quickboot/boot_charger_s_v_2_11.png 87563-87565
/system_ext/etc/media/quickboot/boot_charger_s_v_2_12.png 87566-87568
/system_ext/etc/media/quickboot/boot_charger_s_v_2_13.png 87569-87571
/system_ext/etc/media/quickboot/boot_charger_s_v_2_14.png 87572-87574
/system_ext/etc/media/quickboot/boot_charger_s_v_2_15.png 87575-87577
/system_ext/etc/media/quickboot/boot_charger_s_v_2_16.png 87578-87580
/system_ext/etc/media/quickboot/boot_charger_s_v_2_17.png 87581-87583
/system_ext/etc/media/quickboot/boot_charger_s_v_2_18.png 87584-87586
/system_ext/etc/media/quickboot/boot_charger_s_v_2_19.png 87587-87589
/system_ext/etc/media/quickboot/boot_charger_s_v_2_20.png 87590-87592
/system_ext/etc/media/quickboot/boot_charger_s_v_2_21.png 87593-87595
/system_ext/etc/media/quickboot/boot_charger_s_v_2_22.png 87596-87598
/system_ext/etc/media/quickboot/boot_charger_s_v_2_23.png 87599-87601
/system_ext/etc/media/quickboot/boot_charger_s_v_2_24.png 87602-87604
/system_ext/etc/media/quickboot/boot_charger_s_v_2_25.png 87605-87607
/system_ext/etc/media/quickboot/boot_charger_s_v_2_empty.png 87608-87609
/system_ext/etc/media/quickboot/boot_charger_s_v_empty.png 87610-87611
/system_ext/etc/media/quickboot/boot_charger_timeout.png 87612-87618
/system_ext/etc/media/quickboot/boot_charger_unknown.png 87619-87620
/system_ext/etc/media/quickboot/boot_charger_vol_high.png 87621-87627
/system_ext/etc/media/quickboot/boot_charger_vol_low.png 87628-87634
/system_ext/etc/media/quickboot/boot_charger_wireless_01.png 87635-87636
/system_ext/etc/media/quickboot/boot_charger_wireless_02.png 87637-87639
/system_ext/etc/media/quickboot/boot_charger_wireless_03.png 87640-87642
/system_ext/etc/media/quickboot/boot_charger_wireless_04.png 87643-87645
/system_ext/etc/media/quickboot/boot_charger_wireless_05.png 87646-87648
/system_ext/etc/media/quickboot/boot_charger_wireless_06.png 87649-87651
/system_ext/etc/media/quickboot/boot_charger_wireless_07.png 87652-87654
/system_ext/etc/media/quickboot/boot_charger_wireless_08.png 87655-87657
/system_ext/etc/media/quickboot/boot_charger_wireless_09.png 87658-87660
/system_ext/etc/media/quickboot/boot_charger_wireless_10.png 87661-87663
/system_ext/etc/media/quickboot/boot_charger_wireless_100.png 87664-87667
/system_ext/etc/media/quickboot/boot_charger_wireless_11.png 87668-87670
/system_ext/etc/media/quickboot/boot_charger_wireless_12.png 87671-87673
/system_ext/etc/media/quickboot/boot_charger_wireless_13.png 87674-87676
/system_ext/etc/media/quickboot/boot_charger_wireless_14.png 87677-87679
/system_ext/etc/media/quickboot/boot_charger_wireless_15.png 87680-87682
/system_ext/etc/media/quickboot/boot_charger_wireless_16.png 87683-87686
/system_ext/etc/media/quickboot/boot_charger_wireless_17.png 87688-87691
/system_ext/etc/media/quickboot/boot_charger_wireless_18.png 87692-87695
/system_ext/etc/media/quickboot/boot_charger_wireless_19.png 87696-87699
/system_ext/etc/media/quickboot/boot_charger_wireless_20.png 87700-87703
/system_ext/etc/media/quickboot/boot_charger_wireless_21.png 87704-87707
/system_ext/etc/media/quickboot/boot_charger_wireless_22.png 87708-87711
/system_ext/etc/media/quickboot/boot_charger_wireless_23.png 87712-87715
/system_ext/etc/media/quickboot/boot_charger_wireless_24.png 87716-87719
/system_ext/etc/media/quickboot/boot_charger_wireless_25.png 87720-87723
/system_ext/etc/media/quickboot/boot_charger_wireless_empty.png 87724-87726
/system_ext/etc/media/quickboot/boot_charger_wireless_novooc_01.png 87727-87728
/system_ext/etc/media/quickboot/boot_charger_wireless_novooc_02.png 87729-87730
/system_ext/etc/media/quickboot/boot_charger_wireless_novooc_03.png 87731-87732
/system_ext/etc/media/quickboot/boot_charger_wireless_novooc_04.png 87733-87734
/system_ext/etc/media/quickboot/boot_charger_wireless_novooc_05.png 87735-87736
/system_ext/etc/media/quickboot/boot_charger_wireless_novooc_06.png 87737-87738
/system_ext/etc/media/quickboot/boot_charger_wireless_novooc_07.png 87739-87740
/system_ext/etc/media/quickboot/boot_charger_wireless_novooc_08.png 87741-87742
/system_ext/etc/media/quickboot/boot_charger_wireless_novooc_09.png 87743-87744
/system_ext/etc/media/quickboot/boot_charger_wireless_novooc_10.png 87745-87747
/system_ext/etc/media/quickboot/boot_charger_wireless_novooc_100.png 87748-87750
/system_ext/etc/media/quickboot/boot_charger_wireless_novooc_11.png 87751-87753
/system_ext/etc/media/quickboot/boot_charger_wireless_novooc_12.png 87754-87756
/system_ext/etc/media/quickboot/boot_charger_wireless_novooc_13.png 87757-87759
/system_ext/etc/media/quickboot/boot_charger_wireless_novooc_14.png 87760-87762
/system_ext/etc/media/quickboot/boot_charger_wireless_novooc_15.png 87763-87765
/system_ext/etc/media/quickboot/boot_charger_wireless_novooc_16.png 87766-87768
/system_ext/etc/media/quickboot/boot_charger_wireless_novooc_17.png 87769-87771
/system_ext/etc/media/quickboot/boot_charger_wireless_novooc_18.png 87772-87774
/system_ext/etc/media/quickboot/boot_charger_wireless_novooc_19.png 87775-87777
/system_ext/etc/media/quickboot/boot_charger_wireless_novooc_20.png 87778-87780
/system_ext/etc/media/quickboot/boot_charger_wireless_novooc_21.png 87781-87783
/system_ext/etc/media/quickboot/boot_charger_wireless_novooc_22.png 87784-87786
/system_ext/etc/media/quickboot/boot_charger_wireless_novooc_23.png 87787-87789
/system_ext/etc/media/quickboot/boot_charger_wireless_novooc_24.png 87790-87792
/system_ext/etc/media/quickboot/boot_charger_wireless_novooc_25.png 87793-87795
/system_ext/etc/media/quickboot/boot_charger_wireless_novooc_empty.png 87796-87797
/system_ext/etc/netcode_config.xml 87799
/system_ext/etc/network_data_otunnelconfig.xml 87801
/system_ext/etc/nfcee_access.xml 87802-87803
/system_ext/etc/nfcsvc_access.xml 87804-87805
/system_ext/etc/oappnetcontrol_config.xml 87806
/system_ext/etc/oiface/oiface.config 87807
/system_ext/etc/permissions/com.android.systemui.xml 87809
/system_ext/etc/permissions/privapp-permissions-oplus-ext.xml 87812-87813
/system_ext/etc/permissions/privapp-permissions-platform-ext.xml 87814-87815
/system_ext/etc/permissions/system-ext-permissions-mediatek.xml 87816
/system_ext/etc/selinux/mapping/30.0.cil 87819
/system_ext/etc/selinux/mapping/31.0.cil 87820-87821
/system_ext/etc/selinux/plat_sepolicy_debug.cil 87822-87875
/system_ext/etc/selinux/system_ext_file_contexts 87876-87877
/system_ext/etc/selinux/system_ext_mac_permissions.xml 87878-87880
/system_ext/etc/selinux/system_ext_property_contexts 87881-87884
/system_ext/etc/selinux/system_ext_sepolicy.cil 87886-87905
/system_ext/etc/selinux/system_ext_sepolicy_debug.cil 87906-87926
/system_ext/etc/selinux/system_ext_service_contexts 87927-87928
/system_ext/etc/spn-conf.xml 87930-87934
/system_ext/etc/sys_alipay_model_list.json 87935
/system_ext/etc/sys_charger_config.xml 87937
/system_ext/etc/sys_filter_list.json 87938
/system_ext/etc/sys_wifi_par_config_list.xml 87939-87942
/system_ext/etc/sysconfig/hidden-api-whitelist-ext.xml 87944
/system_ext/etc/wifi_custom_config.xml 87946
/system_ext/etc/wifi_operator_preset_ap_list.xml 87947
/system_ext/etc/xwificonfig_exands.bin 87949
/system_ext/framework/OplusMdmAdapter.jar 87950-88007
/system_ext/framework/OplusMdmInterface.jar 88008-88045
/system_ext/framework/com.vendor.nfc.jar 88046-88048
/system_ext/framework/getcplc.jar 88049-88051
/system_ext/framework/log-handler.jar 88052-88063
/system_ext/framework/nfcvendorlib.jar 88064-88088
/system_ext/framework/oat/arm/com.vendor.nfc.odex 88090
/system_ext/framework/oat/arm/getcplc.odex 88091
/system_ext/framework/oat/arm/log-handler.odex 88092
/system_ext/framework/oat/arm/nfcvendorlib.odex 88093
/system_ext/framework/oat/arm/oplus-hidl-helper.odex 88094
/system_ext/framework/oat/arm/oplus-lbs-services.odex 88096
/system_ext/framework/oat/arm/oplus-lbs-services.vdex 88097
/system_ext/framework/oat/arm/oplus-subsystem-service.odex 88098-88100
/system_ext/framework/oat/arm/oplus-subsystem-service.vdex 88101-88108
/system_ext/framework/oat/arm/oplus-telephony-common-mtk-ext.odex 88109
/system_ext/framework/oat/arm/oplus-telephony-common.odex 88110-88111
/system_ext/framework/oat/arm/oplus-telephony-common.vdex 88112-88115
/system_ext/framework/oat/arm/oplus-virtual-audio-policy.odex 88116
/system_ext/framework/oat/arm/oplus-wifi-service-mtk-ext.odex 88117
/system_ext/framework/oat/arm/oplus-wifi-service.odex 88118-88120
/system_ext/framework/oat/arm/oplus-wifi-service.vdex 88121-88128
/system_ext/framework/oat/arm/oplus_bluetooth_common_ext.odex 88129
/system_ext/framework/oat/arm/oplus_bluetooth_common_ext.vdex 88130
/system_ext/framework/oat/arm/oplus_mtk_bluetooth_ext.odex 88131
/system_ext/framework/oat/arm/subsystem-framework.odex 88133
/system_ext/framework/oat/arm/vendor-security-subsystem-service.odex 88134
/system_ext/framework/oat/arm/vendor-subsystem-service.odex 88135
/system_ext/framework/oat/arm/vendor.oplus.hardware.biometrics.fingerprintpay-V1.0-java.odex 88137
/system_ext/framework/oat/arm/vendor.oplus.hardware.commondcs-V1.0-java.odex 88138
/system_ext/framework/oat/arm/vendor.oplus.hardware.cryptoeng-V1.0-java.odex 88139
/system_ext/framework/oat/arm/vendor.oplus.hardware.fido.fidoca-V1.0-java.odex 88140
/system_ext/framework/oat/arm/vendor.oplus.hardware.misc-V1.0-java.odex 88141
/system_ext/framework/oat/arm/vendor.oplus.hardware.orms-V1.0-java.odex 88142
/system_ext/framework/oat/arm/vendor.oplus.hardware.orms.ormsHalService-V1.0-java.odex 88143
/system_ext/framework/oat/arm/vendor.oplus.hardware.rpmh-V2.0-java.odex 88144
/system_ext/framework/oat/arm/vendor.oplus.hardware.stability.oplus_project-V1.0-java.odex 88146
/system_ext/framework/oat/arm/vendor.oplus.hardware.touch-V1.0-java.odex 88147
/system_ext/framework/oat/arm/videoLogcatExt.odex 88148
/system_ext/framework/oat/arm64/com.vendor.nfc.odex 88149
/system_ext/framework/oat/arm64/getcplc.odex 88151
/system_ext/framework/oat/arm64/log-handler.odex 88152
/system_ext/framework/oat/arm64/nfcvendorlib.odex 88153
/system_ext/framework/oat/arm64/oplus-hidl-helper.odex 88155
/system_ext/framework/oat/arm64/oplus-lbs-services.odex 88156
/system_ext/framework/oat/arm64/oplus-lbs-services.vdex 88157
/system_ext/framework/oat/arm64/oplus-subsystem-service.odex 88158-88160
/system_ext/framework/oat/arm64/oplus-subsystem-service.vdex 88161-88168
/system_ext/framework/oat/arm64/oplus-telephony-common-mtk-ext.odex 88169
/system_ext/framework/oat/arm64/oplus-telephony-common.odex 88170-88171
/system_ext/framework/oat/arm64/oplus-telephony-common.vdex 88172-88175
/system_ext/framework/oat/arm64/oplus-virtual-audio-policy.odex 88176
/system_ext/framework/oat/arm64/oplus-wifi-service-mtk-ext.odex 88178
/system_ext/framework/oat/arm64/oplus-wifi-service.odex 88179-88181
/system_ext/framework/oat/arm64/oplus-wifi-service.vdex 88182-88189
/system_ext/framework/oat/arm64/oplus_bluetooth_common_ext.odex 88190
/system_ext/framework/oat/arm64/oplus_bluetooth_common_ext.vdex 88191
/system_ext/framework/oat/arm64/oplus_mtk_bluetooth_ext.odex 88192
/system_ext/framework/oat/arm64/subsystem-framework.odex 88193
/system_ext/framework/oat/arm64/vendor-security-subsystem-service.odex 88195
/system_ext/framework/oat/arm64/vendor-subsystem-service.odex 88196
/system_ext/framework/oat/arm64/vendor.oplus.hardware.biometrics.fingerprintpay-V1.0-java.odex 88197
/system_ext/framework/oat/arm64/vendor.oplus.hardware.commondcs-V1.0-java.odex 88198
/system_ext/framework/oat/arm64/vendor.oplus.hardware.cryptoeng-V1.0-java.odex 88199
/system_ext/framework/oat/arm64/vendor.oplus.hardware.fido.fidoca-V1.0-java.odex 88200
/system_ext/framework/oat/arm64/vendor.oplus.hardware.misc-V1.0-java.odex 88202
/system_ext/framework/oat/arm64/vendor.oplus.hardware.orms-V1.0-java.odex 88203
/system_ext/framework/oat/arm64/vendor.oplus.hardware.orms.ormsHalService-V1.0-java.odex 88204
/system_ext/framework/oat/arm64/vendor.oplus.hardware.rpmh-V2.0-java.odex 88205
/system_ext/framework/oat/arm64/vendor.oplus.hardware.stability.oplus_project-V1.0-java.odex 88206
/system_ext/framework/oat/arm64/vendor.oplus.hardware.touch-V1.0-java.odex 88207
/system_ext/framework/oat/arm64/videoLogcatExt.odex 88208
/system_ext/framework/oplus-framework-res.apk 88209-90299
/system_ext/framework/oplus-hidl-helper.jar 90302-90328
/system_ext/framework/oplus-lbs-services.jar 90329-90399
/system_ext/framework/oplus-subsystem-service.jar 90400-90817
/system_ext/framework/oplus-telephony-common-mtk-ext.jar 90818-90829
/system_ext/framework/oplus-telephony-common.jar 90830-91221
/system_ext/framework/oplus-virtual-audio-policy.jar 91223
/system_ext/framework/oplus-wifi-service.jar 91226-91733
/system_ext/framework/oplus_bluetooth_common_ext.jar 91734-91803
/system_ext/framework/oplus_mtk_bluetooth_ext.jar 91804-91819
/system_ext/framework/subsystem-framework.jar 91820-91841
/system_ext/framework/vendor-security-subsystem-service.jar 91842-91843
/system_ext/framework/vendor-subsystem-service.jar 91844-91856
/system_ext/framework/vendor.oplus.hardware.biometrics.fingerprintpay-V1.0-java.jar 91857-91860
/system_ext/framework/vendor.oplus.hardware.commondcs-V1.0-java.jar 91861-91863
/system_ext/framework/vendor.oplus.hardware.cryptoeng-V1.0-java.jar 91864-91866
/system_ext/framework/vendor.oplus.hardware.fido.fidoca-V1.0-java.jar 91867-91869
/system_ext/framework/vendor.oplus.hardware.misc-V1.0-java.jar 91870-91872
/system_ext/framework/vendor.oplus.hardware.orms-V1.0-java.jar 91873-91876
/system_ext/framework/vendor.oplus.hardware.orms.ormsHalService-V1.0-java.jar 91877-91880
/system_ext/framework/vendor.oplus.hardware.rpmh-V2.0-java.jar 91881-91884
/system_ext/framework/vendor.oplus.hardware.stability.oplus_project-V1.0-java.jar 91885-91888
/system_ext/framework/vendor.oplus.hardware.touch-V1.0-java.jar 91889-91891
/system_ext/framework/videoLogcatExt.jar 91892-91893
/system_ext/lib/android.hardware.radio.config@1.1.so 91896-91909
/system_ext/lib/android.hardware.radio.config@1.2.so 91910-91920
/system_ext/lib/android.hardware.radio.config@1.3.so 91921-91932
/system_ext/lib/android.hardware.radio@1.5.so 91933-92018
/system_ext/lib/extractors/libffmpeg_extractor.so 92019-92034
/system_ext/lib/hw/raw_part.default.so 92035-92036
/system_ext/lib/libAPSClient-jni.trustonic.so 92037-92119
/system_ext/lib/libAncHumBokeh-jni.trustonic.so 92120-92141
/system_ext/lib/libAncHumanDoubleExposure-jni.trustonic.so 92142-92146
/system_ext/lib/libAncHumanSegFigureFusion-jni.trustonic.so 92147-92173
/system_ext/lib/libAncHumanVideo-jni.trustonic.so 92174-92193
/system_ext/lib/libApsFaceBeautyPreviewJni.trustonic.so 92194-92240
/system_ext/lib/libChineseDateAndSolarDate.so 92241-92243
/system_ext/lib/libHeifEncoderWrapper.so 92245-92246
/system_ext/lib/libIDHelper.so 92247-92249
/system_ext/lib/libNativeWinBuffExchange.so 92250
/system_ext/lib/libOplusAtlas.so 92251-92252
/system_ext/lib/libOplusBlurPreviewJNI.trustonic.so 92253-92284
/system_ext/lib/libOplusVirtualAudio.so 92285-92288
/system_ext/lib/libOplusVirtualCamera.so 92290-92304
/system_ext/lib/libSchedAssistExtImpl.so 92305-92309
/system_ext/lib/libSchedAssistJni.so 92310
/system_ext/lib/libTeeServiceJni.so 92312-92326
/system_ext/lib/libYouMeMagicVoice.so 92327-92598
/system_ext/lib/lib_inputflingerEx.so 92599
/system_ext/lib/libaaudioserviceextimpl.so 92600
/system_ext/lib/libaed.so 92602-92617
/system_ext/lib/libandroid_protocol.so 92618
/system_ext/lib/libapuwareapusys.mtk.so 92619-92622
/system_ext/lib/libapuwareapusys_v2.mtk.so 92623-92629
/system_ext/lib/libapuwarehmp.mtk.so 92630-92631
/system_ext/lib/libapuwareutils.mtk.so 92632
/system_ext/lib/libapuwareutils_v2.mtk.so 92633-92635
/system_ext/lib/libapuwarexrp.mtk.so 92636-92641
/system_ext/lib/libapuwarexrp_v2.mtk.so 92642-92648
/system_ext/lib/libarmnn_ndk.mtk.so 92649-93388
/system_ext/lib/libatlasservice.so 93391-93401
/system_ext/lib/libaudioclientextimpl.so 93402-93406
/system_ext/lib/libaudiocompensationfilter.so 93407
/system_ext/lib/libaudioflingerextimpl.so 93408-93450
/system_ext/lib/libaudiopolicyextimpl.so 93451-93486
/system_ext/lib/libaudioprocessingextimpl.so 93487-93488
/system_ext/lib/libaudiotoolkit.so 93489-93490
/system_ext/lib/libavcodec.so 93491-95118
/system_ext/lib/libavformat.so 95121-95231
/system_ext/lib/libavutil.so 95232-95297
/system_ext/lib/libbsproxy.so 95298-95301
/system_ext/lib/libcmdl_ndk.mtk.so 95302-95408
/system_ext/lib/libcommon_dcs_service.so 95409-95412
/system_ext/lib/libcota.so 95413-95457
/system_ext/lib/libcsextimpl.so 95458-95525
/system_ext/lib/libdav1d.so.4 95526-95641
/system_ext/lib/libdrmmtkutil.so 95642-95645
/system_ext/lib/libdrmmtkwhitelist.so 95646-95647
/system_ext/lib/libeglextimpl.so 95648-95649
/system_ext/lib/libffmpeg_utils.so 95650-95652
/system_ext/lib/libfmjni.so 95653-95659
/system_ext/lib/libgameaudioeffects.so 95660-95662
/system_ext/lib/libgaussgraphic.so 95663-95664
/system_ext/lib/libgpustress_eng.so 95665-95770
/system_ext/lib/libhwuiextimpl.so 95771-95777
/system_ext/lib/libiatlasservice.so 95778-95781
/system_ext/lib/libimmlistservice.so 95782-95785
/system_ext/lib/libinputextensionsimpl.so 95786-95790
/system_ext/lib/libinputflingerextimpl.so 95791-95809
/system_ext/lib/libinstalldextimpl.so 95810-95885
/system_ext/lib/libjni_filtershow_filters_mtk.so 95887-95893
/system_ext/lib/libjni_jpegstream_mtk.so 95894-95960
/system_ext/lib/libjnistblur_api.trustonic.so 95961-96019
/system_ext/lib/libmcv_runtime_usdk.mtk.so 96020-96388
/system_ext/lib/libmdloggerrecycle.so 96389-96392
/system_ext/lib/libmmlistparser.so 96393-96395
/system_ext/lib/libmmlistservice.so 96396-96399
/system_ext/lib/libmvpu_cic_ci_compiler.mtk.so 96400-96409
/system_ext/lib/libmvpu_clc_mvpu_debuginfo.mtk.so 96410-96415
/system_ext/lib/libmvpu_clc_mvpu_elf.mtk.so 96416-96428
/system_ext/lib/libmvpu_clc_mvpu_utility.mtk.so 96429-96441
/system_ext/lib/libmvpu_config.mtk.so 96442
/system_ext/lib/libmvpu_engine.mtk.so 96443-96499
/system_ext/lib/libmvpu_engine_pub.mtk.so 96500-96556
/system_ext/lib/libmvpu_pattern.mtk.so 96557-96611
/system_ext/lib/libmvpu_pattern_pub.mtk.so 96613-96667
/system_ext/lib/libmvpu_runtime.mtk.so 96668-96831
/system_ext/lib/libmvpu_runtime_pub.mtk.so 96832-96995
/system_ext/lib/libmvpuop_mtk_cv.mtk.so 96996-98428
/system_ext/lib/libmvpuop_mtk_nn.mtk.so 98431-99106
/system_ext/lib/libneuron_graph_delegate.mtk.so 99108-99139
/system_ext/lib/libneuronusdk_adapter.mtk.so 99140-99839
/system_ext/lib/libnir_neon_driver_ndk.mtk.so 99840-100605
/system_ext/lib/libolc.so 100607-100609
/system_ext/lib/libonetrace_jni.so 100610-100613
/system_ext/lib/libopex.so 100614-100649
/system_ext/lib/liboplus-eap-aka.so 100650
/system_ext/lib/liboplusHeifDecoderImpl.so 100651-100654
/system_ext/lib/liboplusNetd.so 100655-100695
/system_ext/lib/liboplus_10bitHeif.so 100696-101786
/system_ext/lib/liboplus_display_input.so 101788-101791
/system_ext/lib/liboplus_heifconverter.so 101792-101797
/system_ext/lib/liboplus_imageprocessing.so 101798-101799
/system_ext/lib/liboplus_multimedia_kernel_event.so 101800-101801
/system_ext/lib/liboplus_servers.so 101802-101819
/system_ext/lib/liboplusaudioDump.so 101820
/system_ext/lib/liboplusavenhancements.so 101822-101823
/system_ext/lib/liboplusbpf.so 101824-101836
/system_ext/lib/liboplusextbspfwupdate.so 101837-101839
/system_ext/lib/liboplusextproperty.so 101840-101849
/system_ext/lib/liboplusextzawgyi.so 101850
/system_ext/lib/liboplusgraphic.so 101851-101853
/system_ext/lib/liboplusgui_jni.so 101854
/system_ext/lib/liboplusheifwriter.so 101855-101869
/system_ext/lib/liboplushwui_jni.so 101870
/system_ext/lib/liboplusloadframe.so 101871-101875
/system_ext/lib/liboplusmagicvoiceloopback.so 101876-101878
/system_ext/lib/liboplusmediaplayerservice.so 101879-101888
/system_ext/lib/liboplusmultimediaconfig.so 101889-101890
/system_ext/lib/liboplusplugin.so 101891-102716
/system_ext/lib/liboplusrecorder.so 102718-102805
/system_ext/lib/liboplussfplugin_ccodec.so 102806-102810
/system_ext/lib/liboplusstagefright.so 102811-102855
/system_ext/lib/liboplusstagefright__mp3enc.so 102856-102887
/system_ext/lib/liboplustinyxml.so 102888-102894
/system_ext/lib/liboplusutils.so 102895-102905
/system_ext/lib/libphoenix_jni.so 102906
/system_ext/lib/libphoenix_native.so 102907-102911
/system_ext/lib/librenderengineextimpl.so 102912-103737
/system_ext/lib/libsensorextimpl.so 103739
/system_ext/lib/libsensorserviceextimpl.so 103741-103825
/system_ext/lib/libskjpegencoderextimpl.so 103826-103856
/system_ext/lib/libslpVoiceEngine.so 103857-103919
/system_ext/lib/libstagefright_hdcp.so 103920-103924
/system_ext/lib/libswresample.so 103925-103937
/system_ext/lib/libswscale.so 103938-103992
/system_ext/lib/libteeservice_client.trustonic.so 103993-104003
/system_ext/lib/libtflite_mtk.mtk.so 104004-104688
/system_ext/lib/oplusex/libOplusDualHeadPhoneEx.so 104690
/system_ext/lib/oplusex/libasserttipex.so 104691-104692
/system_ext/lib/oplusex/libcriticallogex.so 104693-104695
/system_ext/lib/vendor.mediatek.hardware.aee@1.0.so 104696-104702
/system_ext/lib/vendor.mediatek.hardware.aee@1.1.so 104703-104712
/system_ext/lib/vendor.mediatek.hardware.apuware.apusys@1.0.so 104713-104722
/system_ext/lib/vendor.mediatek.hardware.apuware.apusys@2.0.so 104723-104739
/system_ext/lib/vendor.mediatek.hardware.apuware.apusys@2.1.so 104740-104749
/system_ext/lib/vendor.mediatek.hardware.apuware.hmp@1.0.so 104750-104757
/system_ext/lib/vendor.mediatek.hardware.apuware.utils@1.0.so 104758-104764
/system_ext/lib/vendor.mediatek.hardware.apuware.utils@2.0.so 104765-104773
/system_ext/lib/vendor.mediatek.hardware.apuware.xrp@1.0.so 104774-104784
/system_ext/lib/vendor.mediatek.hardware.apuware.xrp@2.0.so 104785-104798
/system_ext/lib/vendor.mediatek.hardware.audio@7.1.so 104799-104815
/system_ext/lib/vendor.mediatek.hardware.bluetooth.audio@2.1.so 104816-104831
/system_ext/lib/vendor.mediatek.hardware.bluetooth.audio@2.2.so 104832-104843
/system_ext/lib/vendor.mediatek.hardware.mtkpower@1.0.so 104844-104853
/system_ext/lib/vendor.mediatek.hardware.mtkpower@1.1.so 104854-104866
/system_ext/lib/vendor.mediatek.hardware.mtkpower@1.2.so 104867-104880
/system_ext/lib/vendor.mediatek.hardware.mtkradioex@3.0.so 104881-105071
/system_ext/lib/vendor.mediatek.hardware.nwk_opt@1.0.so 105072-105078
/system_ext/lib/vendor.mediatek.hardware.touchll@1.0.so 105079-105085
/system_ext/lib/vendor.mediatek.hardware.videotelephony@1.0.so 105086-105092
/system_ext/lib/vendor.oplus.hardware.biometrics.fingerprintpay@1.0.so 105093-105104
/system_ext/lib/vendor.oplus.hardware.bluetooth_audio_extend@2.1.so 105105-105118
/system_ext/lib/vendor.oplus.hardware.camera.slogan@1.0.so 105119-105125
/system_ext/lib/vendor.oplus.hardware.cameraMDM@1.0.so 105126-105133
/system_ext/lib/vendor.oplus.hardware.cameraMDM@2.0.so 105134-105142
/system_ext/lib/vendor.oplus.hardware.charger@1.0.so 105143-105162
/system_ext/lib/vendor.oplus.hardware.commondcs@1.0.so 105163-105169
/system_ext/lib/vendor.oplus.hardware.cryptoeng@1.0.so 105170-105176
/system_ext/lib/vendor.oplus.hardware.displaypanelfeature@1.0.so 105177-105183
/system_ext/lib/vendor.oplus.hardware.engcamera@1.0.so 105185-105195
/system_ext/lib/vendor.oplus.hardware.fido.fidoca@1.0.so 105196-105202
/system_ext/lib/vendor.oplus.hardware.gameopt@1.0.so 105203-105213
/system_ext/lib/vendor.oplus.hardware.hdcp@1.0.so 105214-105220
/system_ext/lib/vendor.oplus.hardware.hdcp@1.1.so 105221-105227
/system_ext/lib/vendor.oplus.hardware.misc@1.0.so 105228-105235
/system_ext/lib/vendor.oplus.hardware.oplusSensor@1.0.so 105236-105244
/system_ext/lib/vendor.oplus.hardware.orms.ormsHalService@1.0.so 105245-105256
/system_ext/lib/vendor.oplus.hardware.orms@1.0.so 105257-105264
/system_ext/lib/vendor.oplus.hardware.rpmh@2.0.so 105265-105271
/system_ext/lib/vendor.oplus.hardware.stability.oplus_project@1.0.so 105272-105284
/system_ext/lib/vendor.oplus.hardware.touch@1.0.so 105285-105291
/system_ext/lib/vendor.oplus.hardware.virtual_device.audio@1.0.so 105292-105300
/system_ext/lib/vendor.oplus.hardware.virtual_device.camera.manager@1.0.so 105301-105329
/system_ext/lib/vendor.pixelworks.hardware.display@1.0.so 105330-105340
/system_ext/lib64/android.hardware.radio.config@1.1.so 105343-105358
/system_ext/lib64/android.hardware.radio.config@1.2.so 105359-105371
/system_ext/lib64/android.hardware.radio.config@1.3.so 105372-105385
/system_ext/lib64/android.hardware.radio@1.5.so 105386-105485
/system_ext/lib64/extractors/libOplusmp3extractor.so 105486-105495
/system_ext/lib64/extractors/libOplusmp4extractor.so 105496-105539
/system_ext/lib64/extractors/libffmpeg_extractor.so 105540-105555
/system_ext/lib64/extractors/liboplusapeextractor.so 105556-105572
/system_ext/lib64/hw/raw_part.default.so 105574-105575
/system_ext/lib64/libAPSClient-jni.trustonic.so 105576-105683
/system_ext/lib64/libAncHumBokeh-jni.trustonic.so 105684-105715
/system_ext/lib64/libAncHumanDoubleExposure-jni.trustonic.so 105716-105722
/system_ext/lib64/libAncHumanSegFigureFusion-jni.trustonic.so 105723-105758
/system_ext/lib64/libAncHumanVideo-jni.trustonic.so 105759-105788
/system_ext/lib64/libApsFaceBeautyPreviewJni.trustonic.so 105789-105842
/system_ext/lib64/libChineseDateAndSolarDate.so 105843-105846
/system_ext/lib64/libHeifEncoderWrapper.so 105847-105849
/system_ext/lib64/libHeifWinBufExchg-jni.so 105850
/system_ext/lib64/libIDHelper.so 105851
/system_ext/lib64/libNativeWinBuffExchange.so 105852
/system_ext/lib64/libOplusAtlas.so 105853-105855
/system_ext/lib64/libOplusBlurPreviewJNI.trustonic.so 105856-105897
/system_ext/lib64/libOplusSloganClient.so 105898-105899
/system_ext/lib64/libOplusVirtualAudio.so 105900-105904
/system_ext/lib64/libOplusVirtualCamera.so 105905-105920
/system_ext/lib64/libSHS4D.so 105921-106885
/system_ext/lib64/libSchedAssistExtImpl.so 106887-106891
/system_ext/lib64/libSchedAssistJni.so 106892-106893
/system_ext/lib64/libSloganJni.oplus.so 106894-106915
/system_ext/lib64/libTeeServiceJni.so 106916-106931
/system_ext/lib64/libYouMeMagicVoice.so 106932-107223
/system_ext/lib64/lib_inputflingerEx.so 107225-107226
/system_ext/lib64/lib_theiaDumpstateEx.so 107227-107233
/system_ext/lib64/libaaudioserviceextimpl.so 107234-107235
/system_ext/lib64/libaed.so 107236-107253
/system_ext/lib64/libandroid_protocol.so 107254
/system_ext/lib64/libapuwareapusys.mtk.so 107255-107259
/system_ext/lib64/libapuwareapusys_v2.mtk.so 107260-107266
/system_ext/lib64/libapuwarehmp.mtk.so 107267-107268
/system_ext/lib64/libapuwareutils.mtk.so 107269-107270
/system_ext/lib64/libapuwareutils_v2.mtk.so 107271-107273
/system_ext/lib64/libapuwarexrp.mtk.so 107274-107279
/system_ext/lib64/libapuwarexrp_v2.mtk.so 107280-107286
/system_ext/lib64/libarmnn_ndk.mtk.so 107287-108093
/system_ext/lib64/libatlasservice.so 108096-108108
/system_ext/lib64/libaudioclientextimpl.so 108109-108114
/system_ext/lib64/libaudiocompensationfilter.so 108115
/system_ext/lib64/libaudioflingerextimpl.so 108116-108164
/system_ext/lib64/libaudiopolicyextimpl.so 108165-108206
/system_ext/lib64/libaudioprocessingextimpl.so 108207-108209
/system_ext/lib64/libaudiotoolkit.so 108210-108211
/system_ext/lib64/libavcodec.so 108212-109734
/system_ext/lib64/libavformat.so 109737-109839
/system_ext/lib64/libavutil.so 109840-109898
/system_ext/lib64/libbsproxy.so 109899-109902
/system_ext/lib64/libbttestmode.so 109903-109908
/system_ext/lib64/libcipher_utils.so 109909
/system_ext/lib64/libcmdl_ndk.mtk.so 109910-110044
/system_ext/lib64/libcommon_dcs_service.so 110045-110049
/system_ext/lib64/libcomposer_ext.so 110050-110056
/system_ext/lib64/libcota.so 110057-110108
/system_ext/lib64/libcsextimpl.so 110109-110183
/system_ext/lib64/libdav1d.so.4 110184-110298
/system_ext/lib64/libdrmmtkutil.so 110299-110302
/system_ext/lib64/libdrmmtkwhitelist.so 110303-110304
/system_ext/lib64/libeglextimpl.so 110305-110306
/system_ext/lib64/libffmpeg_utils.so 110307-110309
/system_ext/lib64/libfmjni.so 110310-110317
/system_ext/lib64/libgameaudioeffects.so 110318-110320
/system_ext/lib64/libgaussgraphic.so 110321-110322
/system_ext/lib64/libgpustress_eng.so 110323-110457
/system_ext/lib64/libhwuiextimpl.so 110458-110464
/system_ext/lib64/libiatlasservice.so 110465-110469
/system_ext/lib64/libimage_detect.so 110470-110476
/system_ext/lib64/libimmlistservice.so 110477-110480
/system_ext/lib64/libinputextensionsimpl.so 110481-110486
/system_ext/lib64/libinputflingerextimpl.so 110487-110506
/system_ext/lib64/libinstalldextimpl.so 110508-110594
/system_ext/lib64/libjni_filtershow_filters_mtk.so 110595-110601
/system_ext/lib64/libjni_jpegstream_mtk.so 110602-110672
/system_ext/lib64/libjnistblur_api.trustonic.so 110673-110730
/system_ext/lib64/liblayermonitor.so 110731-110733
/system_ext/lib64/libmcv_runtime_usdk.mtk.so 110734-111224
/system_ext/lib64/libmdloggerrecycle.so 111226-111230
/system_ext/lib64/libmmlistparser.so 111231-111233
/system_ext/lib64/libmmlistservice.so 111234-111237
/system_ext/lib64/libmvpu_cic_ci_compiler.mtk.so 111238-111248
/system_ext/lib64/libmvpu_clc_mvpu_debuginfo.mtk.so 111249-111255
/system_ext/lib64/libmvpu_clc_mvpu_elf.mtk.so 111256-111270
/system_ext/lib64/libmvpu_clc_mvpu_utility.mtk.so 111271-111285
/system_ext/lib64/libmvpu_config.mtk.so 111286
/system_ext/lib64/libmvpu_engine.mtk.so 111287-111322
/system_ext/lib64/libmvpu_engine_pub.mtk.so 111323-111358
/system_ext/lib64/libmvpu_pattern.mtk.so 111359-111419
/system_ext/lib64/libmvpu_pattern_pub.mtk.so 111420-111480
/system_ext/lib64/libmvpu_runtime.mtk.so 111481-111652
/system_ext/lib64/libmvpu_runtime_pub.mtk.so 111653-111824
/system_ext/lib64/libmvpuop_mtk_cv.mtk.so 111826-113263
/system_ext/lib64/libmvpuop_mtk_nn.mtk.so 113266-113950
/system_ext/lib64/libneuron_graph_delegate.mtk.so 113953-113988
/system_ext/lib64/libneuronusdk_adapter.mtk.so 113989-114774
/system_ext/lib64/libnir_neon_driver_ndk.mtk.so 114775-115713
/system_ext/lib64/libnn_sample.so 115716-115718
/system_ext/lib64/libnq330nfc_nci.so 115719-116032
/system_ext/lib64/liboifacegame.so 116033-116038
/system_ext/lib64/liboifaceim.so 116039-116072
/system_ext/lib64/libolc.so 116073-116075
/system_ext/lib64/libonetrace_jni.so 116076-116079
/system_ext/lib64/libopex.so 116080-116119
/system_ext/lib64/liboplus-eap-aka.so 116120
/system_ext/lib64/liboplusHeifDecoderImpl.so 116121-116124
/system_ext/lib64/liboplusNetd.so 116125-116168
/system_ext/lib64/liboplus_10bitHeif.so 116169-117394
/system_ext/lib64/liboplus_display_input.so 117397-117399
/system_ext/lib64/liboplus_display_scene.so 117400-117403
/system_ext/lib64/liboplus_display_watchcall.so 117404-117407
/system_ext/lib64/liboplus_heifconverter.so 117408-117414
/system_ext/lib64/liboplus_imageprocessing.so 117415-117417
/system_ext/lib64/liboplus_multimedia_kernel_event.so 117418-117419
/system_ext/lib64/liboplus_osvelte_malloc_debug.so 117420-117451
/system_ext/lib64/liboplus_servers.so 117452-117471
/system_ext/lib64/liboplusaudioDump.so 117472-117473
/system_ext/lib64/liboplusavenhancements.so 117474-117475
/system_ext/lib64/liboplusbluetooth_jni.so 117476-117478
/system_ext/lib64/liboplusbpf.so 117479-117490
/system_ext/lib64/liboplusextbspfwupdate.so 117491-117493
/system_ext/lib64/liboplusextproperty.so 117494-117505
/system_ext/lib64/liboplusextzawgyi.so 117506
/system_ext/lib64/liboplusgraphic.so 117507-117509
/system_ext/lib64/liboplusgui_jni.so 117510-117511
/system_ext/lib64/liboplusheifwriter.so 117512-117529
/system_ext/lib64/liboplushwui_jni.so 117530-117531
/system_ext/lib64/liboplusloadframe.so 117532-117536
/system_ext/lib64/liboplusmagicvoiceloopback.so 117537-117539
/system_ext/lib64/liboplusmediaplayerservice.so 117540-117550
/system_ext/lib64/liboplusmultimediaconfig.so 117551-117552
/system_ext/lib64/liboplusplugin.so 117553-118479
/system_ext/lib64/liboplusrecorder.so 118480-118575
/system_ext/lib64/liboplussfplugin_ccodec.so 118576-118581
/system_ext/lib64/liboplusstagefright.so 118582-118633
/system_ext/lib64/liboplusstagefright__mp3enc.so 118634-118674
/system_ext/lib64/liboplustinyxml.so 118675-118682
/system_ext/lib64/liboplusutils.so 118683-118694
/system_ext/lib64/libpcap_bak.so 118695-118733
/system_ext/lib64/libphoenix_jni.so 118734
/system_ext/lib64/libphoenix_native.so 118735-118738
/system_ext/lib64/librenderengineextimpl.so 118739-119666
/system_ext/lib64/libsensorextimpl.so 119668-119669
/system_ext/lib64/libsensorserviceextimpl.so 119670-119758
/system_ext/lib64/libshutdown_native.so 119759-119760
/system_ext/lib64/libskjpegencoderextimpl.so 119761-119794
/system_ext/lib64/libslpVoiceEngine.so 119795-119865
/system_ext/lib64/libsn100nfc_nci.so 119866-120148
/system_ext/lib64/libst54nfc_nci.so 120150-120413
/system_ext/lib64/libstagefright_hdcp.so 120414-120418
/system_ext/lib64/libsuperNight.oplus.so 120419
/system_ext/lib64/libswresample.so 120420-120431
/system_ext/lib64/libswscale.so 120432-120486
/system_ext/lib64/libteeservice_client.trustonic.so 120487-120499
/system_ext/lib64/libtflite_mtk.mtk.so 120500-121278
/system_ext/lib64/oplusex/libOplusDualHeadPhoneEx.so 121280
/system_ext/lib64/oplusex/libasserttipex.so 121281-121282
/system_ext/lib64/oplusex/libcriticallogex.so 121283-121285
/system_ext/lib64/vendor.mediatek.hardware.aee@1.0.so 121286-121292
/system_ext/lib64/vendor.mediatek.hardware.aee@1.1.so 121293-121302
/system_ext/lib64/vendor.mediatek.hardware.apuware.apusys@1.0.so 121303-121313
/system_ext/lib64/vendor.mediatek.hardware.apuware.apusys@2.0.so 121314-121331
/system_ext/lib64/vendor.mediatek.hardware.apuware.apusys@2.1.so 121332-121342
/system_ext/lib64/vendor.mediatek.hardware.apuware.hmp@1.0.so 121343-121351
/system_ext/lib64/vendor.mediatek.hardware.apuware.utils@1.0.so 121352-121359
/system_ext/lib64/vendor.mediatek.hardware.apuware.utils@2.0.so 121360-121369
/system_ext/lib64/vendor.mediatek.hardware.apuware.xrp@1.0.so 121371-121382
/system_ext/lib64/vendor.mediatek.hardware.apuware.xrp@2.0.so 121383-121398
/system_ext/lib64/vendor.mediatek.hardware.audio@7.1.so 121399-121416
/system_ext/lib64/vendor.mediatek.hardware.bluetooth.audio@2.1.so 121417-121434
/system_ext/lib64/vendor.mediatek.hardware.bluetooth.audio@2.2.so 121435-121448
/system_ext/lib64/vendor.mediatek.hardware.composer_ext@1.0.so 121449-121459
/system_ext/lib64/vendor.mediatek.hardware.lbs@1.0.so 121460-121469
/system_ext/lib64/vendor.mediatek.hardware.log@1.0.so 121470-121478
/system_ext/lib64/vendor.mediatek.hardware.mtkpower@1.0.so 121479-121489
/system_ext/lib64/vendor.mediatek.hardware.mtkpower@1.1.so 121490-121503
/system_ext/lib64/vendor.mediatek.hardware.mtkpower@1.2.so 121504-121519
/system_ext/lib64/vendor.mediatek.hardware.mtkradioex@3.0.so 121520-121729
/system_ext/lib64/vendor.mediatek.hardware.nwk_opt@1.0.so 121730-121737
/system_ext/lib64/vendor.mediatek.hardware.touchll@1.0.so 121738-121745
/system_ext/lib64/vendor.mediatek.hardware.videotelephony@1.0.so 121746-121753
/system_ext/lib64/vendor.oplus.hardware.biometrics.fingerprintpay@1.0.so 121754-121766
/system_ext/lib64/vendor.oplus.hardware.bluetooth_audio_extend@2.1.so 121768-121783
/system_ext/lib64/vendor.oplus.hardware.camera.slogan@1.0.so 121784-121791
/system_ext/lib64/vendor.oplus.hardware.cameraMDM@1.0.so 121792-121799
/system_ext/lib64/vendor.oplus.hardware.cameraMDM@2.0.so 121800-121809
/system_ext/lib64/vendor.oplus.hardware.charger@1.0.so 121810-121830
/system_ext/lib64/vendor.oplus.hardware.commondcs@1.0.so 121831-121837
/system_ext/lib64/vendor.oplus.hardware.cryptoeng@1.0.so 121838-121844
/system_ext/lib64/vendor.oplus.hardware.displaypanelfeature@1.0.so 121845-121852
/system_ext/lib64/vendor.oplus.hardware.engcamera@1.0.so 121853-121864
/system_ext/lib64/vendor.oplus.hardware.fido.fidoca@1.0.so 121865-121872
/system_ext/lib64/vendor.oplus.hardware.gameopt@1.0.so 121873-121884
/system_ext/lib64/vendor.oplus.hardware.hdcp@1.0.so 121885-121891
/system_ext/lib64/vendor.oplus.hardware.hdcp@1.1.so 121892-121899
/system_ext/lib64/vendor.oplus.hardware.misc@1.0.so 121900-121908
/system_ext/lib64/vendor.oplus.hardware.oplusSensor@1.0.so 121909-121917
/system_ext/lib64/vendor.oplus.hardware.orms.ormsHalService@1.0.so 121918-121930
/system_ext/lib64/vendor.oplus.hardware.orms@1.0.so 121931-121938
/system_ext/lib64/vendor.oplus.hardware.rpmh@2.0.so 121939-121946
/system_ext/lib64/vendor.oplus.hardware.stability.oplus_project@1.0.so 121947-121960
/system_ext/lib64/vendor.oplus.hardware.touch@1.0.so 121961-121968
/system_ext/lib64/vendor.oplus.hardware.virtual_device.audio@1.0.so 121969-121978
/system_ext/lib64/vendor.oplus.hardware.virtual_device.camera.manager@1.0.so 121979-122010
/system_ext/lib64/vendor.pixelworks.hardware.display@1.0.so 122011-122023
/system_ext/media/audio/alarms/Dynamic_Weather.ogg 122025-122192
/system_ext/media/audio/alarms/Rise.ogg 122193-122358
/system_ext/media/audio/dynamic/notifications/ClassHarp1_1.ogg 122361-122363
/system_ext/media/audio/dynamic/notifications/ClassHarp1_10.ogg 122365-122367
/system_ext/media/audio/dynamic/notifications/ClassHarp1_2.ogg 122368-122370
/system_ext/media/audio/dynamic/notifications/ClassHarp1_3.ogg 122372-122374
/system_ext/media/audio/dynamic/notifications/ClassHarp1_4.ogg 122376-122378
/system_ext/media/audio/dynamic/notifications/ClassHarp1_5.ogg 122380-122382
/system_ext/media/audio/dynamic/notifications/ClassHarp1_6.ogg 122384-122386
/system_ext/media/audio/dynamic/notifications/ClassHarp1_7.ogg 122387-122389
/system_ext/media/audio/dynamic/notifications/ClassHarp1_8.ogg 122391-122393
/system_ext/media/audio/dynamic/notifications/ClassHarp1_9.ogg 122394-122396
/system_ext/media/audio/dynamic/notifications/ClassHarp2_1.ogg 122398-122401
/system_ext/media/audio/dynamic/notifications/ClassHarp2_2.ogg 122402-122405
/system_ext/media/audio/dynamic/notifications/ClassHarp2_3.ogg 122407-122411
/system_ext/media/audio/dynamic/notifications/ClassHarp2_4.ogg 122412-122415
/system_ext/media/audio/dynamic/notifications/ClassHarp2_5.ogg 122417-122420
/system_ext/media/audio/dynamic/notifications/ClassHarp2_6.ogg 122422-122425
/system_ext/media/audio/dynamic/notifications/ClassHarp2_7.ogg 122427-122431
/system_ext/media/audio/dynamic/notifications/ClassHarp2_8.ogg 122432-122435
/system_ext/media/audio/dynamic/notifications/ClassHarp2_9.ogg 122437-122440
/system_ext/media/audio/dynamic/notifications/ClassHarp3_1.ogg 122442-122444
/system_ext/media/audio/dynamic/notifications/ClassHarp3_10.ogg 122446-122449
/system_ext/media/audio/dynamic/notifications/ClassHarp3_11.ogg 122450-122453
/system_ext/media/audio/dynamic/notifications/ClassHarp3_12.ogg 122454-122456
/system_ext/media/audio/dynamic/notifications/ClassHarp3_13.ogg 122458-122461
/system_ext/media/audio/dynamic/notifications/ClassHarp3_14.ogg 122462-122465
/system_ext/media/audio/dynamic/notifications/ClassHarp3_15.ogg 122467-122471
/system_ext/media/audio/dynamic/notifications/ClassHarp3_2.ogg 122472-122475
/system_ext/media/audio/dynamic/notifications/ClassHarp3_3.ogg 122476-122479
/system_ext/media/audio/dynamic/notifications/ClassHarp3_4.ogg 122480-122482
/system_ext/media/audio/dynamic/notifications/ClassHarp3_5.ogg 122484-122486
/system_ext/media/audio/dynamic/notifications/ClassHarp3_6.ogg 122488-122490
/system_ext/media/audio/dynamic/notifications/ClassHarp3_7.ogg 122492-122494
/system_ext/media/audio/dynamic/notifications/ClassHarp3_8.ogg 122496-122498 122499
/system_ext/media/audio/dynamic/notifications/ClassHarp3_9.ogg 122500-122503
/system_ext/media/audio/dynamic/notifications/ClassHarp4_1.ogg 122504-122507
/system_ext/media/audio/dynamic/notifications/ClassHarp4_10.ogg 122508-122510
/system_ext/media/audio/dynamic/notifications/ClassHarp4_11.ogg 122512-122514
/system_ext/media/audio/dynamic/notifications/ClassHarp4_12.ogg 122515-122517
/system_ext/media/audio/dynamic/notifications/ClassHarp4_13.ogg 122518-122520
/system_ext/media/audio/dynamic/notifications/ClassHarp4_14.ogg 122522-122524
/system_ext/media/audio/dynamic/notifications/ClassHarp4_15.ogg 122525-122527 122528
/system_ext/media/audio/dynamic/notifications/ClassHarp4_16.ogg 122529-122531
/system_ext/media/audio/dynamic/notifications/ClassHarp4_2.ogg 122532-122535
/system_ext/media/audio/dynamic/notifications/ClassHarp4_3.ogg 122536-122539
/system_ext/media/audio/dynamic/notifications/ClassHarp4_4.ogg 122541-122544
/system_ext/media/audio/dynamic/notifications/ClassHarp4_5.ogg 122545-122547
/system_ext/media/audio/dynamic/notifications/ClassHarp4_6.ogg 122549-122552
/system_ext/media/audio/dynamic/notifications/ClassHarp4_7.ogg 122553-122555
/system_ext/media/audio/dynamic/notifications/ClassHarp4_8.ogg 122557-122559
/system_ext/media/audio/dynamic/notifications/ClassHarp4_9.ogg 122561-122563
/system_ext/media/audio/dynamic/notifications/ClassHarpPreview.ogg 122565-122587
/system_ext/media/audio/dynamic/notifications/ClassicGuitar1_1.ogg 122589-122593
/system_ext/media/audio/dynamic/notifications/ClassicGuitar1_10.ogg 122594-122598
/system_ext/media/audio/dynamic/notifications/ClassicGuitar1_2.ogg 122599-122603
/system_ext/media/audio/dynamic/notifications/ClassicGuitar1_3.ogg 122605-122609
/system_ext/media/audio/dynamic/notifications/ClassicGuitar1_4.ogg 122610-122614
/system_ext/media/audio/dynamic/notifications/ClassicGuitar1_5.ogg 122615-122619
/system_ext/media/audio/dynamic/notifications/ClassicGuitar1_6.ogg 122621-122625
/system_ext/media/audio/dynamic/notifications/ClassicGuitar1_7.ogg 122626-122630
/system_ext/media/audio/dynamic/notifications/ClassicGuitar1_8.ogg 122631-122635
/system_ext/media/audio/dynamic/notifications/ClassicGuitar1_9.ogg 122637-122641
/system_ext/media/audio/dynamic/notifications/ClassicGuitar2_1.ogg 122642-122646
/system_ext/media/audio/dynamic/notifications/ClassicGuitar2_2.ogg 122647-122652
/system_ext/media/audio/dynamic/notifications/ClassicGuitar2_3.ogg 122653-122657
/system_ext/media/audio/dynamic/notifications/ClassicGuitar2_4.ogg 122658-122662
/system_ext/media/audio/dynamic/notifications/ClassicGuitar2_5.ogg 122663-122666
/system_ext/media/audio/dynamic/notifications/ClassicGuitar2_6.ogg 122668-122672
/system_ext/media/audio/dynamic/notifications/ClassicGuitar2_7.ogg 122674-122677
/system_ext/media/audio/dynamic/notifications/ClassicGuitar2_8.ogg 122679-122683
/system_ext/media/audio/dynamic/notifications/ClassicGuitar2_9.ogg 122684-122687
/system_ext/media/audio/dynamic/notifications/ClassicGuitar3_1.ogg 122689-122693
/system_ext/media/audio/dynamic/notifications/ClassicGuitar3_10.ogg 122695-122699
/system_ext/media/audio/dynamic/notifications/ClassicGuitar3_11.ogg 122701-122704
/system_ext/media/audio/dynamic/notifications/ClassicGuitar3_12.ogg 122706-122710
/system_ext/media/audio/dynamic/notifications/ClassicGuitar3_13.ogg 122711-122714
/system_ext/media/audio/dynamic/notifications/ClassicGuitar3_14.ogg 122716-122720
/system_ext/media/audio/dynamic/notifications/ClassicGuitar3_15.ogg 122721-122725
/system_ext/media/audio/dynamic/notifications/ClassicGuitar3_2.ogg 122727-122731
/system_ext/media/audio/dynamic/notifications/ClassicGuitar3_3.ogg 122733-122737
/system_ext/media/audio/dynamic/notifications/ClassicGuitar3_4.ogg 122739-122743
/system_ext/media/audio/dynamic/notifications/ClassicGuitar3_5.ogg 122745-122749
/system_ext/media/audio/dynamic/notifications/ClassicGuitar3_6.ogg 122750-122754
/system_ext/media/audio/dynamic/notifications/ClassicGuitar3_7.ogg 122755-122759
/system_ext/media/audio/dynamic/notifications/ClassicGuitar3_8.ogg 122760-122764
/system_ext/media/audio/dynamic/notifications/ClassicGuitar3_9.ogg 122765-122769
/system_ext/media/audio/dynamic/notifications/ClassicGuitar4_1.ogg 122771-122775
/system_ext/media/audio/dynamic/notifications/ClassicGuitar4_10.ogg 122777-122781
/system_ext/media/audio/dynamic/notifications/ClassicGuitar4_11.ogg 122782-122786
/system_ext/media/audio/dynamic/notifications/ClassicGuitar4_12.ogg 122787-122791
/system_ext/media/audio/dynamic/notifications/ClassicGuitar4_13.ogg 122792-122796
/system_ext/media/audio/dynamic/notifications/ClassicGuitar4_14.ogg 122797-122800
/system_ext/media/audio/dynamic/notifications/ClassicGuitar4_15.ogg 122802-122805
/system_ext/media/audio/dynamic/notifications/ClassicGuitar4_16.ogg 122807-122810
/system_ext/media/audio/dynamic/notifications/ClassicGuitar4_2.ogg 122812-122816
/system_ext/media/audio/dynamic/notifications/ClassicGuitar4_3.ogg 122817-122820
/system_ext/media/audio/dynamic/notifications/ClassicGuitar4_4.ogg 122822-122826
/system_ext/media/audio/dynamic/notifications/ClassicGuitar4_5.ogg 122827-122831
/system_ext/media/audio/dynamic/notifications/ClassicGuitar4_6.ogg 122832-122836
/system_ext/media/audio/dynamic/notifications/ClassicGuitar4_7.ogg 122838-122842
/system_ext/media/audio/dynamic/notifications/ClassicGuitar4_8.ogg 122843-122847
/system_ext/media/audio/dynamic/notifications/ClassicGuitar4_9.ogg 122848-122852
/system_ext/media/audio/dynamic/notifications/ClassicGuitarPreview.ogg 122853-122882
/system_ext/media/audio/dynamic/notifications/CuttingPaper1_1.ogg 122884-122887
/system_ext/media/audio/dynamic/notifications/CuttingPaper1_2.ogg 122889-122893
/system_ext/media/audio/dynamic/notifications/CuttingPaper1_3.ogg 122895-122898
/system_ext/media/audio/dynamic/notifications/CuttingPaper1_4.ogg 122899-122902
/system_ext/media/audio/dynamic/notifications/Electronic1_1.ogg 122904-122905
/system_ext/media/audio/dynamic/notifications/Electronic1_10.ogg 122906-122907
/system_ext/media/audio/dynamic/notifications/Electronic1_2.ogg 122908-122909
/system_ext/media/audio/dynamic/notifications/Electronic1_3.ogg 122911-122912
/system_ext/media/audio/dynamic/notifications/Electronic1_4.ogg 122914
/system_ext/media/audio/dynamic/notifications/Electronic1_5.ogg 122916
/system_ext/media/audio/dynamic/notifications/Electronic1_6.ogg 122918-122919
/system_ext/media/audio/dynamic/notifications/Electronic1_7.ogg 122920-122921
/system_ext/media/audio/dynamic/notifications/Electronic1_8.ogg 122922-122923
/system_ext/media/audio/dynamic/notifications/Electronic1_9.ogg 122924-122925
/system_ext/media/audio/dynamic/notifications/Electronic2_1.ogg 122926-122927
/system_ext/media/audio/dynamic/notifications/Electronic2_2.ogg 122929-122931
/system_ext/media/audio/dynamic/notifications/Electronic2_3.ogg 122932-122933 122934
/system_ext/media/audio/dynamic/notifications/Electronic2_4.ogg 122935-122936
/system_ext/media/audio/dynamic/notifications/Electronic2_5.ogg 122938-122939
/system_ext/media/audio/dynamic/notifications/Electronic2_6.ogg 122940-122941
/system_ext/media/audio/dynamic/notifications/Electronic2_7.ogg 122943-122944
/system_ext/media/audio/dynamic/notifications/Electronic2_8.ogg 122946-122947
/system_ext/media/audio/dynamic/notifications/Electronic2_9.ogg 122949-122950
/system_ext/media/audio/dynamic/notifications/Electronic3_1.ogg 122951-122952
/system_ext/media/audio/dynamic/notifications/Electronic3_10.ogg 122953-122954
/system_ext/media/audio/dynamic/notifications/Electronic3_11.ogg 122955
/system_ext/media/audio/dynamic/notifications/Electronic3_12.ogg 122957-122958
/system_ext/media/audio/dynamic/notifications/Electronic3_13.ogg 122959-122960
/system_ext/media/audio/dynamic/notifications/Electronic3_14.ogg 122961-122962
/system_ext/media/audio/dynamic/notifications/Electronic3_15.ogg 122964-122965
/system_ext/media/audio/dynamic/notifications/Electronic3_2.ogg 122966-122967
/system_ext/media/audio/dynamic/notifications/Electronic3_3.ogg 122969-122970
/system_ext/media/audio/dynamic/notifications/Electronic3_4.ogg 122972-122973
/system_ext/media/audio/dynamic/notifications/Electronic3_5.ogg 122974-122975
/system_ext/media/audio/dynamic/notifications/Electronic3_6.ogg 122976-122977
/system_ext/media/audio/dynamic/notifications/Electronic3_7.ogg 122979-122980
/system_ext/media/audio/dynamic/notifications/Electronic3_8.ogg 122981-122982
/system_ext/media/audio/dynamic/notifications/Electronic3_9.ogg 122983-122984
/system_ext/media/audio/dynamic/notifications/Electronic4_1.ogg 122986-122987
/system_ext/media/audio/dynamic/notifications/Electronic4_10.ogg 122988-122989
/system_ext/media/audio/dynamic/notifications/Electronic4_11.ogg 122990-122991
/system_ext/media/audio/dynamic/notifications/Electronic4_12.ogg 122992-122993
/system_ext/media/audio/dynamic/notifications/Electronic4_13.ogg 122994
/system_ext/media/audio/dynamic/notifications/Electronic4_14.ogg 122996
/system_ext/media/audio/dynamic/notifications/Electronic4_15.ogg 122998-122999
/system_ext/media/audio/dynamic/notifications/Electronic4_16.ogg 123001-123002
/system_ext/media/audio/dynamic/notifications/Electronic4_2.ogg 123003-123004
/system_ext/media/audio/dynamic/notifications/Electronic4_3.ogg 123005-123006
/system_ext/media/audio/dynamic/notifications/Electronic4_4.ogg 123007-123008
/system_ext/media/audio/dynamic/notifications/Electronic4_5.ogg 123010-123011
/system_ext/media/audio/dynamic/notifications/Electronic4_6.ogg 123012-123013
/system_ext/media/audio/dynamic/notifications/Electronic4_7.ogg 123014 123015
/system_ext/media/audio/dynamic/notifications/Electronic4_8.ogg 123016-123017
/system_ext/media/audio/dynamic/notifications/Electronic4_9.ogg 123018-123019
/system_ext/media/audio/dynamic/notifications/ElectronicPreview.ogg 123020-123044
/system_ext/media/audio/dynamic/notifications/KeyboardPresses1_1.ogg 123046-123050
/system_ext/media/audio/dynamic/notifications/KeyboardPresses1_2.ogg 123052-123059
/system_ext/media/audio/dynamic/notifications/KeyboardPresses1_3.ogg 123060-123065
/system_ext/media/audio/dynamic/notifications/KeyboardPresses1_4.ogg 123067-123073
/system_ext/media/audio/dynamic/notifications/Marimba1_1.ogg 123075-123077
/system_ext/media/audio/dynamic/notifications/Marimba1_10.ogg 123078-123080
/system_ext/media/audio/dynamic/notifications/Marimba1_2.ogg 123082-123084
/system_ext/media/audio/dynamic/notifications/Marimba1_3.ogg 123086-123088
/system_ext/media/audio/dynamic/notifications/Marimba1_4.ogg 123089-123091
/system_ext/media/audio/dynamic/notifications/Marimba1_5.ogg 123093-123095
/system_ext/media/audio/dynamic/notifications/Marimba1_6.ogg 123096-123098
/system_ext/media/audio/dynamic/notifications/Marimba1_7.ogg 123099-123100
/system_ext/media/audio/dynamic/notifications/Marimba1_8.ogg 123102-123104
/system_ext/media/audio/dynamic/notifications/Marimba1_9.ogg 123105-123107
/system_ext/media/audio/dynamic/notifications/Marimba2_1.ogg 123109-123111
/system_ext/media/audio/dynamic/notifications/Marimba2_2.ogg 123112-123113
/system_ext/media/audio/dynamic/notifications/Marimba2_3.ogg 123115-123117
/system_ext/media/audio/dynamic/notifications/Marimba2_4.ogg 123119-123121
/system_ext/media/audio/dynamic/notifications/Marimba2_5.ogg 123123-123125
/system_ext/media/audio/dynamic/notifications/Marimba2_6.ogg 123127-123129
/system_ext/media/audio/dynamic/notifications/Marimba2_7.ogg 123131-123134
/system_ext/media/audio/dynamic/notifications/Marimba2_8.ogg 123135-123138
/system_ext/media/audio/dynamic/notifications/Marimba2_9.ogg 123139-123142
/system_ext/media/audio/dynamic/notifications/Marimba3_1.ogg 123143-123144
/system_ext/media/audio/dynamic/notifications/Marimba3_10.ogg 123146-123148
/system_ext/media/audio/dynamic/notifications/Marimba3_11.ogg 123149-123151
/system_ext/media/audio/dynamic/notifications/Marimba3_12.ogg 123152-123154
/system_ext/media/audio/dynamic/notifications/Marimba3_13.ogg 123155-123157
/system_ext/media/audio/dynamic/notifications/Marimba3_14.ogg 123159-123161
/system_ext/media/audio/dynamic/notifications/Marimba3_15.ogg 123162-123164
/system_ext/media/audio/dynamic/notifications/Marimba3_2.ogg 123166-123167
/system_ext/media/audio/dynamic/notifications/Marimba3_3.ogg 123169-123171
/system_ext/media/audio/dynamic/notifications/Marimba3_4.ogg 123172-123174
/system_ext/media/audio/dynamic/notifications/Marimba3_5.ogg 123175-123177
/system_ext/media/audio/dynamic/notifications/Marimba3_6.ogg 123178-123180
/system_ext/media/audio/dynamic/notifications/Marimba3_7.ogg 123182-123184
/system_ext/media/audio/dynamic/notifications/Marimba3_8.ogg 123186-123188
/system_ext/media/audio/dynamic/notifications/Marimba3_9.ogg 123189-123191
/system_ext/media/audio/dynamic/notifications/Marimba4_1.ogg 123192-123193
/system_ext/media/audio/dynamic/notifications/Marimba4_10.ogg 123195-123197
/system_ext/media/audio/dynamic/notifications/Marimba4_11.ogg 123198-123200
/system_ext/media/audio/dynamic/notifications/Marimba4_12.ogg 123201-123202
/system_ext/media/audio/dynamic/notifications/Marimba4_13.ogg 123204-123205
/system_ext/media/audio/dynamic/notifications/Marimba4_14.ogg 123207-123209
/system_ext/media/audio/dynamic/notifications/Marimba4_15.ogg 123210-123212
/system_ext/media/audio/dynamic/notifications/Marimba4_16.ogg 123214-123216
/system_ext/media/audio/dynamic/notifications/Marimba4_2.ogg 123218-123220
/system_ext/media/audio/dynamic/notifications/Marimba4_3.ogg 123222-123224
/system_ext/media/audio/dynamic/notifications/Marimba4_4.ogg 123225-123226
/system_ext/media/audio/dynamic/notifications/Marimba4_5.ogg 123228-123230
/system_ext/media/audio/dynamic/notifications/Marimba4_6.ogg 123231-123233
/system_ext/media/audio/dynamic/notifications/Marimba4_7.ogg 123234-123235
/system_ext/media/audio/dynamic/notifications/Marimba4_8.ogg 123237-123239
/system_ext/media/audio/dynamic/notifications/Marimba4_9.ogg 123240-123241
/system_ext/media/audio/dynamic/notifications/MarimbaPreview.ogg 123243-123269
/system_ext/media/audio/dynamic/notifications/PencilWriting1_1.ogg 123270-123274
/system_ext/media/audio/dynamic/notifications/PencilWriting1_2.ogg 123275-123278
/system_ext/media/audio/dynamic/notifications/PencilWriting1_3.ogg 123280-123285
/system_ext/media/audio/dynamic/notifications/PencilWriting1_4.ogg 123286-123289
/system_ext/media/audio/dynamic/notifications/ThrowingDice1_1.ogg 123291-123295
/system_ext/media/audio/dynamic/notifications/ThrowingDice1_2.ogg 123296-123299
/system_ext/media/audio/dynamic/notifications/ThrowingDice1_3.ogg 123301-123303
/system_ext/media/audio/dynamic/notifications/ThrowingDice1_4.ogg 123305-123307
/system_ext/media/audio/notifications/notification_000.ogg 123309-123315
/system_ext/media/audio/notifications/notification_001.ogg 123316-123322
/system_ext/media/audio/notifications/notification_002.ogg 123323-123325
/system_ext/media/audio/notifications/notification_003.ogg 123327-123333
/system_ext/media/audio/notifications/notification_004.ogg 123334-123337
/system_ext/media/audio/notifications/notification_005.ogg 123339-123344
/system_ext/media/audio/notifications/notification_006.ogg 123345-123355
/system_ext/media/audio/notifications/notification_007.ogg 123357-123362
/system_ext/media/audio/notifications/notification_008.ogg 123363-123367
/system_ext/media/audio/notifications/notification_009.ogg 123368-123373
/system_ext/media/audio/notifications/notification_010.ogg 123375-123384
/system_ext/media/audio/notifications/notification_011.ogg 123385-123389
/system_ext/media/audio/notifications/notification_012.ogg 123390-123400
/system_ext/media/audio/notifications/notification_013.ogg 123401-123421
/system_ext/media/audio/notifications/notification_014.ogg 123423-123440
/system_ext/media/audio/notifications/notification_015.ogg 123441-123445
/system_ext/media/audio/notifications/notification_016.ogg 123446-123459
/system_ext/media/audio/notifications/notification_017.ogg 123461-123472
/system_ext/media/audio/notifications/notification_018.ogg 123474-123486
/system_ext/media/audio/notifications/notification_019.ogg 123487-123500
/system_ext/media/audio/notifications/notification_020.ogg 123501-123515
/system_ext/media/audio/notifications/notification_021.ogg 123517-123521
/system_ext/media/audio/notifications/notification_022.ogg 123523-123530
/system_ext/media/audio/notifications/notification_023.ogg 123532-123543
/system_ext/media/audio/notifications/notification_024.ogg 123544-123557
/system_ext/media/audio/notifications/notification_025.ogg 123559-123560
/system_ext/media/audio/notifications/notification_026.ogg 123562-123570
/system_ext/media/audio/ringtones/ringtone_000.ogg 123571-123692
/system_ext/media/audio/ringtones/ringtone_0001.ogg 123693-123783
/system_ext/media/audio/ringtones/ringtone_001.ogg 123784-123959
/system_ext/media/audio/ringtones/ringtone_002.ogg 123960-124179
/system_ext/media/audio/ringtones/ringtone_003.ogg 124181-124358
/system_ext/media/audio/ringtones/ringtone_004.ogg 124360-124432
/system_ext/media/audio/ringtones/ringtone_005.ogg 124433-124603
/system_ext/media/audio/ringtones/ringtone_006.ogg 124604-124666
/system_ext/media/audio/ringtones/ringtone_007.ogg 124668-124777
/system_ext/media/audio/ringtones/ringtone_008.ogg 124778-124865
/system_ext/media/audio/ringtones/ringtone_009.ogg 124867-124876 124877
/system_ext/media/audio/ringtones/ringtone_010.ogg 124878-125005
/system_ext/media/audio/ringtones/ringtone_011.ogg 125006-125148
/system_ext/media/audio/ringtones/ringtone_012.ogg 125149-125301
/system_ext/media/audio/ringtones/ringtone_013.ogg 125302-125407
/system_ext/media/audio/ringtones/ringtone_014.ogg 125408-125529
/system_ext/media/audio/ringtones/ringtone_015.ogg 125530-125689
/system_ext/media/audio/ringtones/ringtone_016.ogg 125690-125839
/system_ext/media/audio/ringtones/ringtone_017.ogg 125841-125911
/system_ext/media/audio/ringtones/ringtone_018.ogg 125912-126051
/system_ext/media/audio/ringtones/ringtone_019.ogg 126052-126163
/system_ext/media/audio/ringtones/ringtone_020.ogg 126165-126272
/system_ext/media/audio/ringtones/ringtone_021.ogg 126273-126308
/system_ext/media/audio/ringtones/ringtone_022.ogg 126310-126444
/system_ext/media/audio/ringtones/ringtone_023.ogg 126446-126536
/system_ext/media/audio/ringtones/ringtone_024.ogg 126537-126753
/system_ext/media/audio/ringtones/ringtone_025.ogg 126754-126895
/system_ext/media/audio/ringtones/ringtone_026.ogg 126896-127166
/system_ext/media/audio/ringtones/ringtone_027.ogg 127167-127357
/system_ext/media/audio/ringtones/ringtone_028.ogg 127358-127406
/system_ext/media/audio/ringtones/ringtone_029.ogg 127407-127606
/system_ext/media/audio/ringtones/ringtone_030.ogg 127608-127724
/system_ext/media/audio/ringtones/ringtone_031.ogg 127725-127849
/system_ext/media/audio/ringtones/ringtone_032.ogg 127851-127972
/system_ext/media/audio/ringtones/ringtone_033.ogg 127973-128081
/system_ext/media/audio/ringtones/ringtone_034.ogg 128083-128209
/system_ext/media/audio/ringtones/ringtone_035.ogg 128210-128347 128348
/system_ext/media/audio/ringtones/ringtone_036.ogg 128349-128401
/system_ext/media/audio/ringtones/ringtone_037.ogg 128402-128555
/system_ext/media/audio/ringtones/ringtone_038.ogg 128556-128666
/system_ext/media/audio/ui/Usb.ogg 128668-128669
/system_ext/media/audio/ui/VolumePanelSound.ogg 128670
/system_ext/media/audio/ui/WheelPicker.ogg 128672
/system_ext/media/audio/ui/camera_click.wav 128674-128696
/system_ext/media/audio/ui/charge.mp3 128697-128698
/system_ext/media/audio/ui/cover.mp3 128699-128701
/system_ext/media/audio/ui/critical_lowbattery.ogg 128702-128705
/system_ext/media/audio/ui/delete.mp3 128707
/system_ext/media/audio/ui/delete3.mp3 128708-128712
/system_ext/media/audio/ui/dew.wav 128713
/system_ext/media/audio/ui/ebook_open.mp3 128714-128717
/system_ext/media/audio/ui/ebook_open2.mp3 128718-128719
/system_ext/media/audio/ui/ebook_page1.mp3 128720-128732
/system_ext/media/audio/ui/ebook_page3.mp3 128733-128740
/system_ext/media/audio/ui/error.mp3 128741-128742
/system_ext/media/audio/ui/extended_effect_a.ogg 128743-128747
/system_ext/media/audio/ui/extended_effect_b.ogg 128748-128755
/system_ext/media/audio/ui/full_battery.ogg 128759-128761
/system_ext/media/audio/ui/global_delete.ogg 128763-128765
/system_ext/media/audio/ui/inefficacy.mp3 128766-128767
/system_ext/media/audio/ui/lomo_click.mp3 128768-128769
/system_ext/media/audio/ui/lowbattery.mp3 128771-128777
/system_ext/media/audio/ui/machine.mp3 128778-128782
/system_ext/media/audio/ui/mechanism_down.ogg 128783-128788
/system_ext/media/audio/ui/mechanism_up.ogg 128790-128794
/system_ext/media/audio/ui/normal_lowbattery.ogg 128796-128800
/system_ext/media/audio/ui/numberpicker_click.ogg 128801
/system_ext/media/audio/ui/powerlow.mp3 128802-128808
/system_ext/media/audio/ui/poweroff.mp3 128809-128854
/system_ext/media/audio/ui/poweron.mp3 128855-128900
/system_ext/media/audio/ui/pure_music_down.ogg 128901-128906
/system_ext/media/audio/ui/pure_music_up.ogg 128907-128911
/system_ext/media/audio/ui/slight_feedback.ogg 128913
/system_ext/media/audio/ui/sound_10s.mp3 128914-128963
/system_ext/media/audio/ui/sound_5s.mp3 128964-128986
/system_ext/media/audio/ui/technology_down.ogg 128987-128990
/system_ext/media/audio/ui/technology_up.ogg 128992-128996
/system_ext/media/audio/ui/touch.mp3 128997
/system_ext/media/audio/ui/touch2.mp3 128998-128999
/system_ext/media/audio/ui/touch3.mp3 129000-129002
/system_ext/media/audio/ui/uncover.mp3 129003-129005
/system_ext/media/audio/ui/warning3.mp3 129006-129007
/system_ext/media/audio/ui/warrning.mp3 129008-129009
/system_ext/media/audio/ui/weather_alarm_cloud.ogg 129010-129121
/system_ext/media/audio/ui/weather_alarm_cloud2.ogg 129123-129230
/system_ext/media/audio/ui/weather_alarm_cloud3.ogg 129232-129327
/system_ext/media/audio/ui/weather_alarm_cloud4.ogg 129329-129427
/system_ext/media/audio/ui/weather_alarm_default.ogg 129428-129595
/system_ext/media/audio/ui/weather_alarm_haze.ogg 129596-129693
/system_ext/media/audio/ui/weather_alarm_haze2.ogg 129694-129782
/system_ext/media/audio/ui/weather_alarm_rain.ogg 129783-129884
/system_ext/media/audio/ui/weather_alarm_rain2.ogg 129885-129987
/system_ext/media/audio/ui/weather_alarm_snow.ogg 129988-130079
/system_ext/media/audio/ui/weather_alarm_snow2.ogg 130080-130314
/system_ext/media/audio/ui/weather_alarm_sun.ogg 130316-130439
/system_ext/media/audio/ui/weather_alarm_sun2.ogg 130441-130563
/system_ext/media/audio/ui/weather_alarm_sun3.ogg 130564-130800
/system_ext/media/audio/ui/weather_alarm_sun4.ogg 130802-130924
/system_ext/media/audio/ui/weather_alarm_thunderstorm.ogg 130925-131025
/system_ext/media/audio/ui/weather_alarm_thunderstorm2.ogg 131026-131207
/system_ext/media/audio/ui/weather_alarm_thunderstorm3.ogg 131209-131300
/system_ext/media/audio/ui/weather_alarm_wind.ogg 131302-131399
/system_ext/media/audio/ui/weather_alarm_wind2.ogg 131400-131514
/system_ext/media/themeInner/1-Simplicity.theme 131516-134110
/system_ext/oplus/oplus_cpt_list.xml 134113-134116
/system_ext/oplus/oplus_cts_list.xml 134117-134122
/system_ext/oplus/startup_config.xml 134123
/system_ext/oplus/startup_manager.xml 134124-134127
/system_ext/oplus/sys_alarm_filterpackages_list.xml 134128
/system_ext/oplus/sys_deviceidle_whitelist.xml 134129
/system_ext/oplus/sys_luckymoney_config_list.xml 134133
/system_ext/oplus/sys_multi_app_config.xml 134134
/system_ext/oplus/sys_rom_black_list.xml 134136
/system_ext/oplus/sys_wms_split_app.xml 134137
/system_ext/oplus/sys_wms_split_app_large.xml 134138-134140
/system_ext/oplus/sys_zoom_window_config.xml 134141-134142
/system_ext/overlay/CellBroadcastReceiverModuleOverlay/CellBroadcastReceiverModuleOverlay.apk 134143-134144
/system_ext/overlay/CellBroadcastServiceModuleOverlay/CellBroadcastServiceModuleOverlay.apk 134145-134146
/system_ext/overlay/NetworkStackOverlay.apk 134147-134148
/system_ext/overlay/OplusBluetoothResource.apk 134149-134202
/system_ext/overlay/OplusFrameworkBluetoothResource.apk 134203-134204
/system_ext/overlay/OplusPermissionControllerOverlay/OplusPermissionControllerOverlay.apk 134205-134511
/system_ext/overlay/OplusWifiResource.apk 134512-134513
/system_ext/overlay/framework_res_overlay_Network.apk 134514-134515
/system_ext/priv-app/BlockedNumberProvider/BlockedNumberProvider.apk 134516-134777
/system_ext/priv-app/BlockedNumberProvider/oat/arm/BlockedNumberProvider.odex 134778-134779
/system_ext/priv-app/BlockedNumberProvider/oat/arm/BlockedNumberProvider.vdex 134780-134785
/system_ext/priv-app/BlockedNumberProvider/oat/arm64/BlockedNumberProvider.odex 134786-134787
/system_ext/priv-app/BlockedNumberProvider/oat/arm64/BlockedNumberProvider.vdex 134788-134793
/system_ext/priv-app/BuiltInPrintService/BuiltInPrintService.apk 134794-135763
/system_ext/priv-app/BuiltInPrintService/oat/arm64/BuiltInPrintService.odex 135765-135768
/system_ext/priv-app/BuiltInPrintService/oat/arm64/BuiltInPrintService.vdex 135769-135778
/system_ext/priv-app/CalendarProvider/CalendarProvider.apk 135779-136026
/system_ext/priv-app/ContactsProvider/ContactsProvider.apk 136027-137595
/system_ext/priv-app/ContactsProvider/oat/arm64/ContactsProvider.odex 137598-137604
/system_ext/priv-app/ContactsProvider/oat/arm64/ContactsProvider.vdex 137605-137624
/system_ext/priv-app/CustCoreApp/CustCoreApp.apk 137625-138056
/system_ext/priv-app/DeepThinker/DeepThinker.apk 138057-140352
/system_ext/priv-app/DeepThinker/oat/arm64/DeepThinker.odex 140356-140364
/system_ext/priv-app/DeepThinker/oat/arm64/DeepThinker.vdex 140365-140392
/system_ext/priv-app/DownloadProvider/DownloadProvider.apk 140393-140511
/system_ext/priv-app/DownloadProvider/oat/arm64/DownloadProvider.odex 140512
/system_ext/priv-app/DownloadProvider/oat/arm64/DownloadProvider.vdex 140513-140514
/system_ext/priv-app/Entitlement/Entitlement.apk 140515-140582
/system_ext/priv-app/Entitlement/oat/arm64/Entitlement.odex 140583
/system_ext/priv-app/Entitlement/oat/arm64/Entitlement.vdex 140584
/system_ext/priv-app/MmsService/MmsService.apk 140585-140599
/system_ext/priv-app/MmsService/oat/arm64/MmsService.odex 140600
/system_ext/priv-app/MtkCarrierConfig/MtkCarrierConfig.apk 140601-140655
/system_ext/priv-app/MtkCarrierConfig/oat/arm64/MtkCarrierConfig.odex 140656
/system_ext/priv-app/MtkWallpaperPicker/MtkWallpaperPicker.apk 140657-140704
/system_ext/priv-app/MtkWallpaperPicker/oat/arm64/MtkWallpaperPicker.odex 140705
/system_ext/priv-app/MtkWallpaperPicker/oat/arm64/MtkWallpaperPicker.vdex 140706
/system_ext/priv-app/OplusAppPlatform/OplusAppPlatform.apk 140707-141797
/system_ext/priv-app/OplusAppPlatform/oat/arm64/OplusAppPlatform.odex 141799-141803
/system_ext/priv-app/OplusAppPlatform/oat/arm64/OplusAppPlatform.vdex 141804-141817
/system_ext/priv-app/OplusExSystemService/OplusExSystemService.apk 141818-143269
/system_ext/priv-app/OplusExSystemService/oat/arm64/OplusExSystemService.odex 143272-143277
/system_ext/priv-app/OplusExSystemService/oat/arm64/OplusExSystemService.vdex 143278-143295
/system_ext/priv-app/OplusLauncher/OplusLauncher.apk 143296-149699
/system_ext/priv-app/OplusLauncher/oat/arm64/OplusLauncher.odex 149706-154247
/system_ext/priv-app/OplusLauncher/oat/arm64/OplusLauncher.vdex 154253-154308
/system_ext/priv-app/OplusNrMode/OplusNrMode.apk 154309-154334
/system_ext/priv-app/OplusNrMode/oat/arm64/OplusNrMode.odex 154335
/system_ext/priv-app/QuickAccessWallet/QuickAccessWallet.apk 154336-155398
/system_ext/priv-app/QuickAccessWallet/oat/arm64/QuickAccessWallet.odex 155400-155404
/system_ext/priv-app/QuickAccessWallet/oat/arm64/QuickAccessWallet.vdex 155405-155419
/system_ext/priv-app/Settings/Settings.apk 155420-173249
/system_ext/priv-app/Settings/oat/arm/Settings.odex 173267-173287
/system_ext/priv-app/Settings/oat/arm/Settings.vdex 173288-173363
/system_ext/priv-app/Settings/oat/arm64/Settings.odex 173364-173384
/system_ext/priv-app/Settings/oat/arm64/Settings.vdex 173385-173460
/system_ext/priv-app/SettingsIntelligence/SettingsIntelligence.apk 173461-174609
/system_ext/priv-app/SettingsIntelligence/oat/arm/SettingsIntelligence.odex 174612-174616
/system_ext/priv-app/SettingsIntelligence/oat/arm/SettingsIntelligence.vdex 174617-174632
/system_ext/priv-app/SettingsIntelligence/oat/arm64/SettingsIntelligence.odex 174633-174637
/system_ext/priv-app/SettingsIntelligence/oat/arm64/SettingsIntelligence.vdex 174638-174653
/system_ext/priv-app/SettingsProvider/SettingsProvider.apk 174654-175121
/system_ext/priv-app/SettingsProvider/oat/arm/SettingsProvider.odex 175122-175124
/system_ext/priv-app/SettingsProvider/oat/arm/SettingsProvider.vdex 175125-175130
/system_ext/priv-app/SettingsProvider/oat/arm64/SettingsProvider.odex 175131-175133
/system_ext/priv-app/SettingsProvider/oat/arm64/SettingsProvider.vdex 175134-175139
/system_ext/priv-app/SoftsimRedteaBridge/SoftsimRedteaBridge.apk 175140-175154
/system_ext/priv-app/SoftsimRedteaBridge/oat/arm64/SoftsimRedteaBridge.odex 175155
/system_ext/priv-app/StdID/StdID.apk 175156-175366
/system_ext/priv-app/StdID/oat/arm64/StdID.odex 175367-175368
/system_ext/priv-app/StdID/oat/arm64/StdID.vdex 175369-175371
/system_ext/priv-app/StorageManager/StorageManager.apk 175372-176548
/system_ext/priv-app/StorageManager/oat/arm64/StorageManager.odex 176551-176554
/system_ext/priv-app/StorageManager/oat/arm64/StorageManager.vdex 176555-176565
/system_ext/priv-app/SystemUI/SystemUI.apk 176566-192548
/system_ext/priv-app/SystemUI/oat/arm64/SystemUI.odex 192562-199665
/system_ext/priv-app/SystemUI/oat/arm64/SystemUI.vdex 199674-199767
/system_ext/priv-app/TeleServiceMtk/TeleServiceMtk.apk 199768-202503
/system_ext/priv-app/TeleServiceMtk/oat/arm64/TeleServiceMtk.odex 202507-202514
/system_ext/priv-app/TeleServiceMtk/oat/arm64/TeleServiceMtk.vdex 202515-202538
/system_ext/priv-app/TelecomMtk/TelecomMtk.apk 202539-204681
/system_ext/priv-app/TelecomMtk/oat/arm64/TelecomMtk.odex 204684-204691
/system_ext/priv-app/TelecomMtk/oat/arm64/TelecomMtk.vdex 204692-204716
/system_ext/priv-app/TelephonyProvider/TelephonyProvider.apk 204717-204969
/system_ext/priv-app/TelephonyProvider/oat/arm64/TelephonyProvider.odex 204970-204971
/system_ext/priv-app/TelephonyProvider/oat/arm64/TelephonyProvider.vdex 204972-204974
/system_ext/priv-app/TrafficMonitor/TrafficMonitor.apk 204975-206605
/system_ext/priv-app/TrafficMonitor/oat/arm64/TrafficMonitor.odex 206608-206612
/system_ext/priv-app/TrafficMonitor/oat/arm64/TrafficMonitor.vdex 206613-206628
/system_ext/priv-app/VpnDialogs/VpnDialogs.apk 206629-207337
/system_ext/priv-app/VpnDialogs/oat/arm64/VpnDialogs.odex 207338-207340
/system_ext/priv-app/VpnDialogs/oat/arm64/VpnDialogs.vdex 207341-207349
/system_ext/priv-app/WirelessSettings/WirelessSettings.apk 207350-209698
/system_ext/priv-app/WirelessSettings/oat/arm64/WirelessSettings.odex 209702-209707
/system_ext/priv-app/WirelessSettings/oat/arm64/WirelessSettings.vdex 209708-209726
