/vendor/app/GoogleNetworkStackResOverlay/GoogleNetworkStackResOverlay.apk 1-2
/vendor/app/GoogleTetheringResOverlay/GoogleTetheringResOverlay.apk 3-4
/vendor/app/InProcessTetheringResOverlay/InProcessTetheringResOverlay.apk 5-6
/vendor/app/NetworkStackInProcessResOverlay/NetworkStackInProcessResOverlay.apk 7-8
/vendor/app/NetworkStackResOverlay/NetworkStackResOverlay.apk 9-10
/vendor/app/TetheringResOverlay/TetheringResOverlay.apk 11-12
/vendor/app/mcRegistry/020b0000000000000000000000000000.drbin 14-19
/vendor/app/mcRegistry/020b0000000000000000000000000000.tlbin 20-25
/vendor/app/mcRegistry/020f0000000000000000000000000000.drbin 26-31
/vendor/app/mcRegistry/020f0000000000000000000000000000.tlbin 32-37
/vendor/app/mcRegistry/030c0000000000000000000000000000.drbin 38-39
/vendor/app/mcRegistry/030c0000000000000000000000000000.tlbin 40-41
/vendor/app/mcRegistry/05120000000000000000000000000000.drbin 42-44
/vendor/app/mcRegistry/05120000000000000000000000000000.tlbin 45-47
/vendor/app/mcRegistry/05120000000000000000000000000001.drbin 48-50
/vendor/app/mcRegistry/05120000000000000000000000000001.tlbin 51-53
/vendor/app/mcRegistry/06090000000000000000000000000000.drbin 54-56
/vendor/app/mcRegistry/06090000000000000000000000000000.tlbin 57-59
/vendor/app/mcRegistry/0706000000000000000000000000004d.tlbin 60-93
/vendor/app/mcRegistry/07060000000000000000000000007169.drbin 94-105
/vendor/app/mcRegistry/07060000000000000000000000007169.tlbin 106-117
/vendor/app/mcRegistry/07061000000000000000000000000000.tlbin 118-120
/vendor/app/mcRegistry/07070000000000000000000000000000.drbin 121-125
/vendor/app/mcRegistry/07070000000000000000000000000000.tlbin 126-130
/vendor/app/mcRegistry/07150000000000000000000000000000.drbin 131-133
/vendor/app/mcRegistry/07150000000000000000000000000000.tlbin 134-136
/vendor/app/mcRegistry/07170000000000000000000000000000.drbin 137
/vendor/app/mcRegistry/07170000000000000000000000000000.tlbin 139
/vendor/app/mcRegistry/08020000000000000000000000007169.tabin 141-144
/vendor/app/mcRegistry/08030000000000000000000000000000.tabin 145-147
/vendor/app/mcRegistry/08040000000000000000000000003419.tabin 148-150
/vendor/app/mcRegistry/08050000000000000000000000003419.drbin 151-153
/vendor/app/mcRegistry/08050000000000000000000000003419.tlbin 154-156
/vendor/app/mcRegistry/08070000000000000000000000008270.drbin 157-167
/vendor/app/mcRegistry/08070000000000000000000000008270.tlbin 168-178
/vendor/app/mcRegistry/08090000000000000000000000000000.tabin 179-182
/vendor/app/mcRegistry/08110000000000000000000000000000.tabin 183-192
/vendor/app/mcRegistry/09010000000000000000000000000000.tabin 193-197
/vendor/app/mcRegistry/09030000000000000000000000008270.tabin 198-201
/vendor/app/mcRegistry/09190000000000000000000000000000.tlbin 202-204
/vendor/app/mcRegistry/40188311faf343488db888ad39496f9a.drbin 205-207
/vendor/app/mcRegistry/40188311faf343488db888ad39496f9a.tlbin 208-210
/vendor/app/mcRegistry/5020170115e016302017012521300000.drbin 211-213
/vendor/app/mcRegistry/5020170115e016302017012521300000.tlbin 214-216
/vendor/app/mcRegistry/9073f03a9618383bb1856eb3f990babd.drbin 217-221
/vendor/app/mcRegistry/9073f03a9618383bb1856eb3f990babd.tlbin 222-226
/vendor/app/mcRegistry/98fb95bcb4bf42d26473eae48690d7ea.tabin 227-230
/vendor/app/mcRegistry/e97c270ea5c44c58bcd3384a2fa2539e.tabin 231-258
/vendor/bin/AgentTest 261-263
/vendor/bin/aee_aedv 264-304
/vendor/bin/aee_aedv64 305-325
/vendor/bin/aee_dumpstatev 326-338
/vendor/bin/aeev 339-341
/vendor/bin/applypatch 342-384
/vendor/bin/atci_service 385-391
/vendor/bin/atcid 392-403
/vendor/bin/audiocmdservice_atci 404-411
/vendor/bin/autobt 412-414
/vendor/bin/awk 415-432
/vendor/bin/bip 433-450
/vendor/bin/boringssl_self_test64 452
/vendor/bin/ccci_mdinit 453-473
/vendor/bin/ccci_rpcd 474-477
/vendor/bin/charon 478-479
/vendor/bin/dconfig 480-489
/vendor/bin/dexecutor 490-494
/vendor/bin/dmabuf_dump 496-504
/vendor/bin/dmc_core 505-554
/vendor/bin/doeapp-memtester 555-557
/vendor/bin/doeapp-sat 558-579
/vendor/bin/dtc_vendor 580-592
/vendor/bin/dumpsys 593-597
/vendor/bin/em_hidl 598-604
/vendor/bin/epdg_wod 605-620
/vendor/bin/factory 621-728
/vendor/bin/fuelgauged 729
/vendor/bin/fuelgauged_nvram 730-731
/vendor/bin/gsm0710muxd 732-741
/vendor/bin/hostapd_cli 743-753
/vendor/bin/hw/android.hardware.audio.service.mediatek 754-755
/vendor/bin/hw/android.hardware.bluetooth@1.1-service-mediatek 756
/vendor/bin/hw/android.hardware.cas@1.2-service-lazy 757-761
/vendor/bin/hw/android.hardware.drm@1.4-service.clearkey 762-782
/vendor/bin/hw/android.hardware.drm@1.4-service.widevine 783-784
/vendor/bin/hw/android.hardware.gatekeeper@1.0-service 785
/vendor/bin/hw/android.hardware.gnss-service.mediatek 786
/vendor/bin/hw/android.hardware.graphics.allocator@4.0-service-mediatek 787
/vendor/bin/hw/android.hardware.graphics.composer@2.1-service 788-798
/vendor/bin/hw/android.hardware.health@2.1-service 799-805
/vendor/bin/hw/android.hardware.keymaster@4.1-service.trustonic 806-818
/vendor/bin/hw/android.hardware.lights-service.mediatek 819-822
/vendor/bin/hw/android.hardware.media.c2@1.2-mediatek 824-825
/vendor/bin/hw/android.hardware.media.c2@1.2-mediatek-64b 826-827
/vendor/bin/hw/android.hardware.media.omx@1.0-service 828-829
/vendor/bin/hw/android.hardware.memtrack@1.0-service 830
/vendor/bin/hw/android.hardware.neuralnetworks@1.3-service-mtk-neuron 831-1301
/vendor/bin/hw/android.hardware.secure_element@1.2-service-mediatek 1302-1313
/vendor/bin/hw/android.hardware.sensors@2.0-service.multihal-mediatek 1314-1326
/vendor/bin/hw/android.hardware.thermal@2.0-service.mtk 1327
/vendor/bin/hw/android.hardware.usb@1.2-service-mediatekv2 1328-1343
/vendor/bin/hw/android.hardware.vibrator-service.mediatek 1344-1349
/vendor/bin/hw/android.hardware.wifi@1.0-service-lazy 1350-1410
/vendor/bin/hw/camerahalserver 1411-1412
/vendor/bin/hw/hostapd 1413-1590
/vendor/bin/hw/mtkfusionrild 1592-1593
/vendor/bin/hw/tetheroffloadservice 1594-1600
/vendor/bin/hw/vendor.mediatek.hardware.aee@1.1-service 1601-1603
/vendor/bin/hw/vendor.mediatek.hardware.keymaster_attestation@1.1-service 1604
/vendor/bin/hw/vendor.mediatek.hardware.mmagent@1.1-service 1605-1607
/vendor/bin/hw/vendor.mediatek.hardware.mms@1.6-service 1608
/vendor/bin/hw/vendor.mediatek.hardware.mtkpower@1.0-service 1609-1610
/vendor/bin/hw/vendor.mediatek.hardware.nvram@1.1-service 1611
/vendor/bin/hw/vendor.mediatek.hardware.nwk_opt@1.0-service 1612
/vendor/bin/hw/vendor.mediatek.hardware.pq@2.2-service 1613
/vendor/bin/hw/vendor.trustonic.soter@1.0-service 1614-1616
/vendor/bin/hw/vendor.trustonic.tee@1.1-service 1617-1625
/vendor/bin/hw/vtservice_hidl 1626
/vendor/bin/hw/wpa_supplicant 1627-2086
/vendor/bin/ipsec_mon 2088-2094
/vendor/bin/jpegtool 2095-2096
/vendor/bin/lbs_hidl_service 2097
/vendor/bin/lib3a.ccu.dm 2098
/vendor/bin/lib3a.ccu.pm 2099-2105
/vendor/bin/loghidlvendorservice 2106-2108
/vendor/bin/logwrapper 2109-2110
/vendor/bin/mcDriverDaemon 2112-2183
/vendor/bin/md_monitor 2184-2230
/vendor/bin/md_monitor_ctrl 2231-2255
/vendor/bin/meta_tst 2256-2294
/vendor/bin/mnld 2295-2347
/vendor/bin/mrdump_tool 2348-2355
/vendor/bin/mt6660_calibration 2356-2359
/vendor/bin/mtk_agpsd 2360-2687
/vendor/bin/mtk_pkm_service 2688
/vendor/bin/muxreport 2690-2691
/vendor/bin/netdagent 2692-2698
/vendor/bin/netdc 2699-2700
/vendor/bin/nvram_daemon 2701-2703
/vendor/bin/rcs_volte_stack 2704-2893
/vendor/bin/recordevent 2894-2896
/vendor/bin/replayevent 2897-2898
/vendor/bin/rt5512_calibration 2899-2902
/vendor/bin/rttv 2903
/vendor/bin/sh 2905-2956
/vendor/bin/starter 2957-2966
/vendor/bin/stp_dump3 2967-2972
/vendor/bin/stroke 2973-2975
/vendor/bin/thermal 2977-2979
/vendor/bin/toolbox 2982-2998
/vendor/bin/toybox_vendor 2999-3080
/vendor/bin/vndservice 3081-3084
/vendor/bin/vndservicemanager 3085-3091
/vendor/bin/volte_clientapi_ua 3092-3095
/vendor/bin/volte_imcb 3096-3167
/vendor/bin/volte_imsm_93 3168-3191
/vendor/bin/volte_md_status 3192-3194
/vendor/bin/volte_rcs_ua 3195-3202
/vendor/bin/volte_stack 3203-3284
/vendor/bin/volte_ua 3286-3451
/vendor/bin/vpud 3452-3454
/vendor/bin/wfca 3455-3465
/vendor/bin/wlan_assistant 3466-3467
/vendor/bin/wmt_launcher 3468-3472
/vendor/bin/wmt_loader 3473-3474
/vendor/bin/wpa_cli 3475-3492
/vendor/build.prop 3493-3494
/vendor/etc/AbnormalDisplayLog_dynamic.xml 3503
/vendor/etc/NOTICE.xml.gz 3505-3531
/vendor/etc/VideoLog_dynamic.xml 3532
/vendor/etc/apdb/APDB_MT6768_S01__W2214 3533-3545
/vendor/etc/apdb/APDB_MT6768_S01__W2214_ENUM 3546
/vendor/etc/armnn_app.config 3547-3552
/vendor/etc/asd/class.tflite 3553-4347
/vendor/etc/asd/detect.tflite 4349-5658
/vendor/etc/audio_device.xml 5660
/vendor/etc/audio_effects.xml 5661
/vendor/etc/audio_param/AudioParamOptions.xml 5664
/vendor/etc/audio_param/AudioParamOptions_vext.xml 5665
/vendor/etc/audio_param/PlaybackACF_AudioParam.xml 5669
/vendor/etc/audio_param/PlaybackDRC_AudioParam.xml 5671
/vendor/etc/audio_param/PlaybackHCF_AudioParam.xml 5673
/vendor/etc/audio_param/PlaybackVolDigi_AudioParam.xml 5677
/vendor/etc/audio_param/PlaybackVolUI_AudioParam.xml 5678
/vendor/etc/audio_param/RecordUI_AudioParam.xml 5681
/vendor/etc/audio_param/Record_AudioParam.xml 5686
/vendor/etc/audio_param/Record_ParamUnitDesc.xml 5687
/vendor/etc/audio_param/SmartPa_AudioParam.xml 5689
/vendor/etc/audio_param/SpeechDMNR_AudioParam.xml 5690
/vendor/etc/audio_param/SpeechDMNR_ParamUnitDesc.xml 5691-5692
/vendor/etc/audio_param/SpeechUI_ParamUnitDesc.xml 5695
/vendor/etc/audio_param/Speech_AudioParam.xml 5699
/vendor/etc/audio_param/Speech_ParamTreeView.xml 5700-5701
/vendor/etc/audio_param/Speech_ParamUnitDesc.xml 5702-5704
/vendor/etc/audio_param/VoIP_AudioParam.xml 5709
/vendor/etc/audio_param/VoIP_ParamTreeView.xml 5710
/vendor/etc/audio_param/VoIP_ParamUnitDesc.xml 5711-5712
/vendor/etc/audio_param/VoIPv2DMNR_ParamUnitDesc.xml 5714-5715
/vendor/etc/audio_param/VoIPv2UI_AudioParam.xml 5716
/vendor/etc/audio_param/VoIPv2_AudioParam.xml 5718
/vendor/etc/audio_param/VoIPv2_ParamTreeView.xml 5719-5720
/vendor/etc/audio_param/VoIPv2_ParamUnitDesc.xml 5721-5723
/vendor/etc/audio_param/VoWDspAec_AudioParam.xml 5724
/vendor/etc/audio_param/VolumeGainMap_AudioParam.xml 5728
/vendor/etc/audio_param/VolumeGainMap_ParamUnitDesc.xml 5729
/vendor/etc/audio_param/Volume_AudioParam.xml 5730
/vendor/etc/audio_policy.conf 5732
/vendor/etc/audio_policy_configuration.xml 5733
/vendor/etc/audio_policy_configuration_bluetooth_legacy_hal.xml 5734
/vendor/etc/audio_policy_volumes.xml 5735
/vendor/etc/aurisys_config.xml 5736
/vendor/etc/camera/M_Attribute_AG_BMW_1.1.0.model.hardcode 5739-5740
/vendor/etc/camera/M_Attribute_Gender_Age_1.0.model.hardcode 5742-5743
/vendor/etc/camera/M_FaceAttribute_RGB_age_gender_1.7.1.model.hardcode 5745-5746
/vendor/etc/camera/engineer_camera_config 5748
/vendor/etc/camera/faceBeautyParam/fb_default 5749
/vendor/etc/camera/fb_model/000.png 5751-5758
/vendor/etc/camera/fb_model/000_pre.bin 5759-5761
/vendor/etc/camera/fb_model/000_pre.png 5762-5767
/vendor/etc/camera/fb_model/001.png 5768-5783
/vendor/etc/camera/fb_model/001_pre.bin 5784-5794
/vendor/etc/camera/fb_model/001_pre.png 5795-5806
/vendor/etc/camera/fb_model/002.png 5807-5812
/vendor/etc/camera/fb_model/002_pre.bin 5813-5818
/vendor/etc/camera/fb_model/002_pre.png 5819-5824
/vendor/etc/camera/fb_model/003.png 5825-5834
/vendor/etc/camera/fb_model/003_pre.bin 5835-5841
/vendor/etc/camera/fb_model/003_pre.png 5842-5848
/vendor/etc/camera/fb_model/010.png 5849-5853
/vendor/etc/camera/fb_model/010_pre.bin 5854-5855
/vendor/etc/camera/fb_model/010_pre.png 5856-5858
/vendor/etc/camera/fb_model/011.png 5859-5864
/vendor/etc/camera/fb_model/011_pre.bin 5865-5867
/vendor/etc/camera/fb_model/011_pre.png 5868-5870
/vendor/etc/camera/fb_model/012.png 5871-5875
/vendor/etc/camera/fb_model/012_pre.bin 5876-5879
/vendor/etc/camera/fb_model/012_pre.png 5880-5884
/vendor/etc/camera/fb_model/013.png 5885-5888
/vendor/etc/camera/fb_model/013_pre.bin 5889
/vendor/etc/camera/fb_model/100.png 5890-5896
/vendor/etc/camera/fb_model/100_pre.bin 5897-5901
/vendor/etc/camera/fb_model/100_pre.png 5902-5905
/vendor/etc/camera/fb_model/101.png 5906-5916
/vendor/etc/camera/fb_model/101_pre.bin 5917-5923
/vendor/etc/camera/fb_model/101_pre.png 5924-5927
/vendor/etc/camera/fb_model/102.png 5928-5932
/vendor/etc/camera/fb_model/102_pre.bin 5933-5936
/vendor/etc/camera/fb_model/102_pre.png 5937-5941
/vendor/etc/camera/fb_model/103.png 5942-5957
/vendor/etc/camera/fb_model/103_pre.bin 5958-5967
/vendor/etc/camera/fb_model/103_pre.png 5968-5977
/vendor/etc/camera/fb_model/110.png 5978-5994
/vendor/etc/camera/fb_model/110_pre.bin 5995-6001
/vendor/etc/camera/fb_model/110_pre.png 6002-6007
/vendor/etc/camera/fb_model/111.png 6008-6023
/vendor/etc/camera/fb_model/111_pre.bin 6024-6031
/vendor/etc/camera/fb_model/111_pre.png 6032-6037
/vendor/etc/camera/fb_model/112.png 6038-6042
/vendor/etc/camera/fb_model/112_pre.bin 6043-6045
/vendor/etc/camera/fb_model/112_pre.png 6046-6050
/vendor/etc/camera/fb_model/113.png 6051-6054
/vendor/etc/camera/fb_model/113_pre.bin 6055
/vendor/etc/camera/fb_model/200.png 6056-6061
/vendor/etc/camera/fb_model/200_pre.bin 6062-6065
/vendor/etc/camera/fb_model/200_pre.png 6066-6068
/vendor/etc/camera/fb_model/201.png 6069-6078
/vendor/etc/camera/fb_model/201_pre.bin 6079-6085
/vendor/etc/camera/fb_model/201_pre.png 6087-6090
/vendor/etc/camera/fb_model/202.png 6091-6094
/vendor/etc/camera/fb_model/202_pre.bin 6095
/vendor/etc/camera/fb_model/202_pre.png 6096-6099
/vendor/etc/camera/fb_model/203.png 6100-6111
/vendor/etc/camera/fb_model/203_pre.bin 6112-6120
/vendor/etc/camera/fb_model/203_pre.png 6121-6126
/vendor/etc/camera/fb_model/210.png 6127-6131
/vendor/etc/camera/fb_model/210_pre.bin 6132-6134
/vendor/etc/camera/fb_model/210_pre.png 6135-6137
/vendor/etc/camera/fb_model/211.png 6138-6143
/vendor/etc/camera/fb_model/211_pre.bin 6144-6146
/vendor/etc/camera/fb_model/211_pre.png 6147-6149
/vendor/etc/camera/fb_model/212.png 6150-6153
/vendor/etc/camera/fb_model/212_pre.bin 6154
/vendor/etc/camera/fb_model/212_pre.png 6155-6158
/vendor/etc/camera/fb_model/213.png 6159-6162
/vendor/etc/camera/fb_model/213_pre.bin 6163
/vendor/etc/camera/fb_model/PreHighPassBinary.bin 6165
/vendor/etc/camera/fb_model/PreMakeupBinary.bin 6168
/vendor/etc/camera/fb_model/PreNoFaceBinary.bin 6170
/vendor/etc/camera/fb_model/PreNormalBinary.bin 6171-6172
/vendor/etc/camera/fb_model/PreSkintuneBinary.bin 6174
/vendor/etc/camera/fb_model/PreSurfaceBlurBinary.bin 6175
/vendor/etc/camera/fb_model/eyeBright.png 6177-6178
/vendor/etc/camera/fb_model/skin_CCT.png 6179-6250
/vendor/etc/camera/fb_model/skin_back.png 6251-6322
/vendor/etc/camera/fb_model/skin_dark.png 6323-6394
/vendor/etc/camera/fb_model/skin_indian.png 6395-6416
/vendor/etc/camera/fb_model/skin_normal.png 6417-6453
/vendor/etc/camera/fb_model/skinmask.bin 6454-6486
/vendor/etc/camera/fb_model/skinmask.png 6487-6539
/vendor/etc/camera/filters_lut/B1VLf4peM 6540-6543
/vendor/etc/camera/filters_lut/B1aMqioxf 6544-6547
/vendor/etc/camera/filters_lut/B1nmcmWbG 6548-6551
/vendor/etc/camera/filters_lut/B1si_XbZz 6552-6555
/vendor/etc/camera/filters_lut/BJJAwoigM 6556-6559
/vendor/etc/camera/filters_lut/BJyKIwqxz 6560-6563
/vendor/etc/camera/filters_lut/ByW7g4bbf 6564-6567
/vendor/etc/camera/filters_lut/ByYo3If 6568-6570
/vendor/etc/camera/filters_lut/BycYf7WWz 6571-6574
/vendor/etc/camera/filters_lut/EyxRbD2UCe 6575-6578
/vendor/etc/camera/filters_lut/SJ3mbr6ef 6579-6582
/vendor/etc/camera/filters_lut/SkpZ8ebbz 6583-6586
/vendor/etc/camera/filters_lut/Sy4uLSTgf 6587-6588
/vendor/etc/camera/filters_lut/Syt2KeZZf 6589-6592
/vendor/etc/camera/filters_lut/black_gold.bin 6593-6620
/vendor/etc/camera/filters_lut/bowu-2.1.cube.rgb.bin 6621-6624
/vendor/etc/camera/filters_lut/bright_coloured.bin 6625-6656
/vendor/etc/camera/filters_lut/default 6657-6660
/vendor/etc/camera/filters_lut/f_bin_hideaki 6661-6664
/vendor/etc/camera/filters_lut/f_candy_water_weak.cube.rgb.bin 6665-6668
/vendor/etc/camera/filters_lut/f_contrast_gray_face_dark 6669-6670
/vendor/etc/camera/filters_lut/f_fuji_strong.cube.rgb.bin 6671-6674
/vendor/etc/camera/filters_lut/f_japan_strong.cube.rgb.bin 6675-6678
/vendor/etc/camera/filters_lut/interstellar_space.bin 6679-6710
/vendor/etc/camera/filters_lut/jiari-2.0.cube.rgb.bin 6711-6714
/vendor/etc/camera/filters_lut/lvtu-2.0.cube.rgb.bin 6715-6718
/vendor/etc/camera/filters_lut/meiwei-2.2.cube.rgb.bin 6719-6722
/vendor/etc/camera/filters_lut/neon-2020.cube.rgb.bin 6723-6754
/vendor/etc/camera/filters_lut/oppo_video_filter_black_and_white 6755-6760
/vendor/etc/camera/filters_lut/oppo_video_filter_highlight 6761-6792
/vendor/etc/camera/filters_lut/oppo_video_filter_ins 6793-6824
/vendor/etc/camera/filters_lut/oppo_video_filter_natal 6825-6856
/vendor/etc/camera/filters_lut/oppo_video_filter_olympus 6857-6888
/vendor/etc/camera/filters_lut/oppo_video_filter_plain 6889-6920
/vendor/etc/camera/filters_lut/oppo_video_filter_show 6921-6952
/vendor/etc/camera/filters_lut/oppo_video_filter_solar 6953-6982
/vendor/etc/camera/filters_lut/oppo_video_filter_strong 6983-7003
/vendor/etc/camera/filters_lut/oppo_video_filter_west 7005-7036
/vendor/etc/camera/filters_lut/p4_1.cube.rgb.bin 7037-7052
/vendor/etc/camera/filters_lut/p4_2.cube.rgb.bin 7053-7085
/vendor/etc/camera/filters_lut/p4_3.cube.rgb.bin 7086-7088
/vendor/etc/camera/filters_lut/p4_4.cube.rgb.bin 7089-7092
/vendor/etc/camera/filters_lut/qiuri-2.0.cube.rgb.bin 7093-7096
/vendor/etc/camera/filters_lut/r1JaFSZZG 7097-7100
/vendor/etc/camera/filters_lut/r1PrfoolG 7101-7104
/vendor/etc/camera/filters_lut/rJ5g5vPWG 7105-7108
/vendor/etc/camera/filters_lut/rJxJtmaez 7109-7112
/vendor/etc/camera/filters_lut/realme-black-gold-1.1-RGB.CUBE.rgb.bin 7113-7139
/vendor/etc/camera/filters_lut/realme-cyberpunk-RGB.CUBE.rgb.bin 7140-7171
/vendor/etc/camera/filters_lut/realme-infra-RGB.CUBE.rgb.bin 7172-7199
/vendor/etc/camera/filters_lut/red-red.cube.rgb.bin 7200-7213
/vendor/etc/camera/filters_lut/rkMhq4ZWf 7214-7217
/vendor/etc/camera/filters_lut/rkx5u4Zbf 7218-7221
/vendor/etc/camera/filters_lut/senlin-2.0.cube.rgb.bin 7222-7225
/vendor/etc/camera/filters_lut/sky-blue.cube.rgb.bin 7226-7236
/vendor/etc/camera/filters_lut/tree-green.cube.rgb.bin 7237-7253
/vendor/etc/camera/filters_lut/yuanqi-2.2s.cube.rgb.bin 7254-7257
/vendor/etc/camera/gasryuv.model 7258-9987
/vendor/etc/camera/merged_model_post 9989-11463
/vendor/etc/default_volume_tables.xml 11465
/vendor/etc/ecc_list.xml 11466
/vendor/etc/fstab.mt6768 11472
/vendor/etc/gnss/agps_profiles_conf2.xml 11473-11475
/vendor/etc/init/hw/factory_init.rc 11486-11488
/vendor/etc/init/hw/init.mt6768.rc 11491-11493
/vendor/etc/init/hw/init.mt6768.usb.rc 11494-11495
/vendor/etc/init/hw/init.sensor_1_0.rc 11496
/vendor/etc/init/hw/meta_init.rc 11499-11501
/vendor/etc/init/vendor.mediatek.hardware.mtkpower@1.0-init.rc 11508-11509
/vendor/etc/media_codecs_c2.xml 11516
/vendor/etc/media_codecs_google_audio.xml 11517
/vendor/etc/media_codecs_google_video_le.xml 11518
/vendor/etc/media_codecs_mediatek_audio.xml 11519
/vendor/etc/media_codecs_mediatek_video.xml 11520
/vendor/etc/media_codecs_performance.xml 11521
/vendor/etc/media_profiles_V1_0.xml 11522
/vendor/etc/ncf_pack.ncf 11524
/vendor/etc/permissions/handheld_core_hardware.xml 11535
/vendor/etc/power_app_cfg.xml 11536
/vendor/etc/powercontable.xml 11537
/vendor/etc/powerscntbl.xml 11538
/vendor/etc/security/cacerts/10531352.0 11544
/vendor/etc/security/cacerts/111e6273.0 11545
/vendor/etc/security/cacerts/12d55845.0 11546
/vendor/etc/security/cacerts/1df5a75f.0 11548
/vendor/etc/security/cacerts/1e1eab7c.0 11549
/vendor/etc/security/cacerts/1e8e7201.0 11550
/vendor/etc/security/cacerts/1eb37bdf.0 11551-11552
/vendor/etc/security/cacerts/1f58a078.0 11553
/vendor/etc/security/cacerts/219d9499.0 11555
/vendor/etc/security/cacerts/23f4c490.0 11556
/vendor/etc/security/cacerts/2d9dafe4.0 11559
/vendor/etc/security/cacerts/2fa87019.0 11561
/vendor/etc/security/cacerts/302904dd.0 11562
/vendor/etc/security/cacerts/304d27c3.0 11564
/vendor/etc/security/cacerts/31188b5e.0 11566
/vendor/etc/security/cacerts/33ee480d.0 11567
/vendor/etc/security/cacerts/343eb6cb.0 11569
/vendor/etc/security/cacerts/35105088.0 11570
/vendor/etc/security/cacerts/399e7759.0 11572
/vendor/etc/security/cacerts/3ad48a91.0 11573
/vendor/etc/security/cacerts/3c6676aa.0 11574
/vendor/etc/security/cacerts/3c860d51.0 11576
/vendor/etc/security/cacerts/3c9a4d3b.0 11579-11580
/vendor/etc/security/cacerts/3e7271e8.0 11581
/vendor/etc/security/cacerts/40dc992e.0 11582
/vendor/etc/security/cacerts/455f1b52.0 11583
/vendor/etc/security/cacerts/48a195d8.0 11584
/vendor/etc/security/cacerts/4be590e0.0 11586
/vendor/etc/security/cacerts/5046c355.0 11588
/vendor/etc/security/cacerts/524d9b43.0 11590
/vendor/etc/security/cacerts/52b525c7.0 11591
/vendor/etc/security/cacerts/583d0756.0 11593
/vendor/etc/security/cacerts/5a250ea7.0 11595
/vendor/etc/security/cacerts/5a3f0ff8.0 11597
/vendor/etc/security/cacerts/5cf9d536.0 11599
/vendor/etc/security/cacerts/5f47b495.0 11600
/vendor/etc/security/cacerts/60afe812.0 11602
/vendor/etc/security/cacerts/6187b673.0 11603
/vendor/etc/security/cacerts/63a2c897.0 11605
/vendor/etc/security/cacerts/69105f4f.0 11607
/vendor/etc/security/cacerts/75680d2e.0 11609
/vendor/etc/security/cacerts/76579174.0 11610
/vendor/etc/security/cacerts/7a819ef2.0 11613
/vendor/etc/security/cacerts/7c302982.0 11615
/vendor/etc/security/cacerts/81b9768f.0 11616
/vendor/etc/security/cacerts/82223c44.0 11617
/vendor/etc/security/cacerts/85cde254.0 11620
/vendor/etc/security/cacerts/86212b19.0 11621
/vendor/etc/security/cacerts/882de061.0 11623
/vendor/etc/security/cacerts/8d6437c3.0 11626
/vendor/etc/security/cacerts/9282e51c.0 11627
/vendor/etc/security/cacerts/9339512a.0 11629
/vendor/etc/security/cacerts/9576d26b.0 11632
/vendor/etc/security/cacerts/9591a472.0 11634
/vendor/etc/security/cacerts/95aff9e3.0 11636
/vendor/etc/security/cacerts/9685a493.0 11637
/vendor/etc/security/cacerts/985c1f52.0 11638
/vendor/etc/security/cacerts/9d6523ce.0 11641
/vendor/etc/security/cacerts/9f533518.0 11643-11644
/vendor/etc/security/cacerts/a2c66da8.0 11645
/vendor/etc/security/cacerts/a3896b44.0 11647
/vendor/etc/security/cacerts/a7605362.0 11648
/vendor/etc/security/cacerts/a81e292b.0 11649
/vendor/etc/security/cacerts/a9d40e02.0 11650
/vendor/etc/security/cacerts/ab5346f4.0 11652
/vendor/etc/security/cacerts/ab59055e.0 11653
/vendor/etc/security/cacerts/aeb67534.0 11655
/vendor/etc/security/cacerts/b0ed035a.0 11656
/vendor/etc/security/cacerts/b0f3e76e.0 11658
/vendor/etc/security/cacerts/b7db1890.0 11661
/vendor/etc/security/cacerts/b872f2b4.0 11662
/vendor/etc/security/cacerts/b936d1c6.0 11663
/vendor/etc/security/cacerts/bc3f2570.0 11665
/vendor/etc/security/cacerts/bd43e1dd.0 11666
/vendor/etc/security/cacerts/bdacca6f.0 11668
/vendor/etc/security/cacerts/bf64f35b.0 11669
/vendor/etc/security/cacerts/c2c1704e.0 11670
/vendor/etc/security/cacerts/c51c224c.0 11672
/vendor/etc/security/cacerts/c559d742.0 11673
/vendor/etc/security/cacerts/c90bc37d.0 11675
/vendor/etc/security/cacerts/cb156124.0 11676
/vendor/etc/security/cacerts/cb1c3204.0 11678
/vendor/etc/security/cacerts/cf701eeb.0 11681
/vendor/etc/security/cacerts/d06393bb.0 11682
/vendor/etc/security/cacerts/d0cddf45.0 11683
/vendor/etc/security/cacerts/d16a5865.0 11685
/vendor/etc/security/cacerts/d18e9066.0 11687
/vendor/etc/security/cacerts/d39b0a2c.0 11689
/vendor/etc/security/cacerts/d4c339cb.0 11692
/vendor/etc/security/cacerts/d59297b8.0 11694
/vendor/etc/security/cacerts/d7746a63.0 11695
/vendor/etc/security/cacerts/da7377f6.0 11696
/vendor/etc/security/cacerts/dbc54cab.0 11698
/vendor/etc/security/cacerts/dbff3a01.0 11700
/vendor/etc/security/cacerts/dc99f41e.0 11701
/vendor/etc/security/cacerts/dfc0fe80.0 11703
/vendor/etc/security/cacerts/e442e424.0 11704
/vendor/etc/security/cacerts/e48193cf.0 11706
/vendor/etc/security/cacerts/e8651083.0 11707
/vendor/etc/security/cacerts/edcbddb5.0 11709
/vendor/etc/security/cacerts/f013ecaf.0 11711
/vendor/etc/security/cacerts/f0cd152c.0 11713
/vendor/etc/security/cacerts/f459871d.0 11715
/vendor/etc/security/cacerts/fb5fa911.0 11716
/vendor/etc/security/cacerts/fd08c599.0 11718
/vendor/etc/security/cacerts/fde84897.0 11719
/vendor/etc/security/cacerts_supl/09127afb.0 11720
/vendor/etc/security/cacerts_supl/111e6273.0 11722
/vendor/etc/security/cacerts_supl/399e7759.0 11723
/vendor/etc/security/cacerts_supl/3ad48a91.0 11724
/vendor/etc/security/cacerts_supl/4469e942.0 11725
/vendor/etc/security/cacerts_supl/5d1ca92f.0 11727
/vendor/etc/security/cacerts_supl/7999be0d.0 11730
/vendor/etc/security/cacerts_supl/ab759f8c.0 11731
/vendor/etc/security/cacerts_supl/c90bc37d.0 11734
/vendor/etc/security/cacerts_supl/cec771d5.0 11735
/vendor/etc/security/cacerts_supl/e7374c87.0 11736
/vendor/etc/security/cacerts_supl/e99505d2.0 11738
/vendor/etc/security/cacerts_supl/facacbc6.0 11741
/vendor/etc/security/cacerts_supl/facacbc6.1 11742
/vendor/etc/security/cacerts_supl/lab/18dc3a8d.0 11743
/vendor/etc/security/cacerts_supl/lab/35ef1c14.0 11747
/vendor/etc/security/cacerts_supl/lab/399e7759.0 11748
/vendor/etc/security/cacerts_supl/lab/6f1dbe5e.0 11751
/vendor/etc/security/cacerts_supl/lab/b805b58a.0 11754
/vendor/etc/selinux/plat_pub_versioned.cil 11757-11786
/vendor/etc/selinux/plat_pub_versioned_debug.cil 11787-11817
/vendor/etc/selinux/vendor_file_contexts 11818-11823
/vendor/etc/selinux/vendor_hwservice_contexts 11824
/vendor/etc/selinux/vendor_property_contexts 11826-11829
/vendor/etc/selinux/vendor_sepolicy.cil 11830-11873
/vendor/etc/selinux/vendor_sepolicy_debug.cil 11874-11917
/vendor/etc/task_profiles.json 11918
/vendor/etc/ueventd.rc 11919
/vendor/etc/vendor-apns-conf.xml 11921
/vendor/etc/vintf/manifest.xml 11922
/vendor/etc/vintf/manifest_dsds.xml 11923
/vendor/etc/vintf/manifest_qsqs.xml 11924
/vendor/etc/vintf/manifest_tsts.xml 11926
/vendor/etc/wfd_source_capability.csv 11928
/vendor/firmware/WIFI_RAM_CODE_soc1_0_1a_1.bin 11929-12034
/vendor/firmware/catcher_filter_1_ulwctg_n.bin 12035
/vendor/firmware/customfilter/catcher_filter_1_ulwctg_n_FullLog.bin 12036
/vendor/firmware/customfilter/catcher_filter_1_ulwctg_n_PLS_PS_ONLY.bin 12037
/vendor/firmware/customfilter/catcher_filter_1_ulwctg_n_SlimLog_DspAllOff.bin 12038
/vendor/firmware/customfilter/catcher_filter_1_ulwctg_n__Default.bin 12039
/vendor/firmware/customfilter/catcher_filter_1_ulwctg_n_meta.bin 12040
/vendor/firmware/fs1801.fsm 12042
/vendor/firmware/gt1151_default_firmware2.img 12043-12056
/vendor/firmware/gt9886_firmware_6781v01.bin 12057-12074
/vendor/firmware/gt9886_firmware_6785a4.bin 12075-12091
/vendor/firmware/gt9886_firmware_6785ae.bin 12092-12109
/vendor/firmware/gt9886_firmware_6853v01.bin 12110-12127
/vendor/firmware/gt9886_firmware_6873v01.bin 12128-12145
/vendor/firmware/gt9886_firmware_6877af.bin 12146-12163
/vendor/firmware/gt9886_firmware_6877v01.bin 12164-12181
/vendor/firmware/gt9886_firmware_6885a1.bin 12182-12199
/vendor/firmware/gt9886_firmware_6885af.bin 12200-12217
/vendor/firmware/gt9886_firmware_6885b0.bin 12218-12238
/vendor/firmware/gt9886_firmware_6885b1.bin 12239-12256
/vendor/firmware/gt9886_firmware_6885v01.bin 12257-12274
/vendor/firmware/gt9886_firmware_6893v01.bin 12275-12292
/vendor/firmware/lib3a.ccu 12293-12299
/vendor/firmware/soc1_0_patch_mcu_1a_1_hdr.bin 12300-12304
/vendor/firmware/soc1_0_ram_bt_1a_1_hdr.bin 12305-12397
/vendor/firmware/soc1_0_ram_mcu_1a_1_hdr.bin 12398-12415
/vendor/firmware/soc1_0_ram_wifi_1a_1_hdr.bin 12416-12447
/vendor/lib/android.frameworks.cameraservice.common@2.0.so 12453
/vendor/lib/android.frameworks.cameraservice.device@2.0.so 12454-12468
/vendor/lib/android.frameworks.cameraservice.device@2.1.so 12469-12476
/vendor/lib/android.frameworks.cameraservice.service@2.0.so 12477-12488
/vendor/lib/android.frameworks.cameraservice.service@2.1.so 12489-12499
/vendor/lib/android.frameworks.cameraservice.service@2.2.so 12500-12506
/vendor/lib/android.frameworks.sensorservice@1.0.so 12507-12522
/vendor/lib/android.hardware.audio.common-util.so 12523
/vendor/lib/android.hardware.audio.common@5.0.so 12524-12525
/vendor/lib/android.hardware.audio.common@6.0-util.so 12526-12527
/vendor/lib/android.hardware.audio.common@6.0.so 12528-12529
/vendor/lib/android.hardware.audio.common@7.0-enums.so 12530-12537
/vendor/lib/android.hardware.audio.common@7.0-util.so 12538-12555
/vendor/lib/android.hardware.audio.common@7.0.so 12556-12561
/vendor/lib/android.hardware.audio.effect@6.0-util.so 12562
/vendor/lib/android.hardware.audio.effect@6.0.so 12563-12650
/vendor/lib/android.hardware.audio.effect@7.0-util.so 12651
/vendor/lib/android.hardware.audio.effect@7.0.so 12652-12741
/vendor/lib/android.hardware.audio@6.0.so 12742-12796
/vendor/lib/android.hardware.audio@7.0-util.so 12797-12800
/vendor/lib/android.hardware.audio@7.0.so 12801-12853
/vendor/lib/android.hardware.bluetooth.audio@2.0.so 12854-12869
/vendor/lib/android.hardware.bluetooth.audio@2.1.so 12870-12881
/vendor/lib/android.hardware.bluetooth@1.0.so 12882-12891
/vendor/lib/android.hardware.bluetooth@1.1.so 12892-12901
/vendor/lib/android.hardware.camera.common@1.0.so 12902
/vendor/lib/android.hardware.camera.device@3.2.so 12903-12918
/vendor/lib/android.hardware.cas.native@1.0.so 12919-12925
/vendor/lib/android.hardware.cas@1.0.so 12926-12943
/vendor/lib/android.hardware.cas@1.1.so 12944-12957
/vendor/lib/android.hardware.cas@1.2.so 12958-12971
/vendor/lib/android.hardware.drm@1.0.so 12972-13001
/vendor/lib/android.hardware.drm@1.1.so 13002-13019
/vendor/lib/android.hardware.drm@1.2.so 13020-13046
/vendor/lib/android.hardware.drm@1.3.so 13047-13056
/vendor/lib/android.hardware.drm@1.4.so 13057-13079
/vendor/lib/android.hardware.gatekeeper@1.0.so 13080-13087
/vendor/lib/android.hardware.health@2.0.so 13089-13101
/vendor/lib/android.hardware.health@2.1.so 13102-13113
/vendor/lib/android.hardware.media.c2@1.0.so 13114-13154
/vendor/lib/android.hardware.media.c2@1.1.so 13155-13168
/vendor/lib/android.hardware.media.c2@1.2.so 13169-13183
/vendor/lib/android.hardware.power@1.0.so 13184-13190
/vendor/lib/android.hardware.power@1.1.so 13191-13198
/vendor/lib/android.hardware.power@1.2.so 13199-13205
/vendor/lib/android.hardware.radio@1.0.so 13206-13293
/vendor/lib/android.hardware.radio@1.1.so 13294-13356
/vendor/lib/android.hardware.sensors@1.0.so 13357-13365
/vendor/lib/android.hardware.soundtrigger@2.1.so 13366-13377
/vendor/lib/android.hardware.soundtrigger@2.2.so 13378-13385
/vendor/lib/android.hardware.soundtrigger@2.3.so 13386-13395
/vendor/lib/android.hardware.thermal@1.0.so 13396-13402
/vendor/lib/android.hardware.thermal@2.0.so 13403-13414
/vendor/lib/android.hidl.allocator@1.0.so 13415-13421
/vendor/lib/android.system.wifi.keystore@1.0.so 13422-13428
/vendor/lib/audio_common-aidl-cpp.so 13430
/vendor/lib/audioclient-types-aidl-cpp.so 13431-13435
/vendor/lib/egl/libGLES_mali.so 13436-17889
/vendor/lib/egl/libGLES_meow.so 17894-18045
/vendor/lib/egl/libMEOW_data.so 18046-18047
/vendor/lib/egl/libMEOW_gift.so 18048-18118
/vendor/lib/egl/libMEOW_qt.so 18119-18129
/vendor/lib/egl/libMEOW_trace.so 18130-18162
/vendor/lib/even_hlt_depth_gc02m1b_tuning.so 18164-18204
/vendor/lib/even_hlt_front_s5k4h7_tuning.so 18206-18247
/vendor/lib/even_qtech_main_ov13b10_tuning.so 18249-18300
/vendor/lib/even_qtech_main_s5kgm1st03_tuning.so 18302-18351
/vendor/lib/even_shengtai_front_ov8856_tuning.so 18353-18396
/vendor/lib/even_shengtai_macro_ov02b10_tuning.so 18398-18438
/vendor/lib/even_shinetech_main_s5kjn103_tuning.so 18440-18492
/vendor/lib/evenc_shengtai_front_ov8856_tuning.so 18494-18538
/vendor/lib/evenc_shengtai_macro_ov02b10_tuning.so 18540-18580
/vendor/lib/evenc_shinetech_depth_gc02m1b_tuning.so 18582-18623
/vendor/lib/framework-permission-aidl-cpp.so 18624-18626
/vendor/lib/hw/android.hardware.audio.effect@6.0-impl.so 18627-18642
/vendor/lib/hw/android.hardware.audio.effect@7.0-impl.so 18643-18659
/vendor/lib/hw/android.hardware.audio@6.0-impl-mediatek.so 18660-18678
/vendor/lib/hw/android.hardware.audio@7.0-impl-mediatek.so 18679-18699
/vendor/lib/hw/android.hardware.bluetooth.audio@2.0-impl.so 18700-18707
/vendor/lib/hw/android.hardware.bluetooth.audio@2.1-impl.so 18708-18718
/vendor/lib/hw/android.hardware.bluetooth@1.1-impl-mediatek.so 18719-18726
/vendor/lib/hw/android.hardware.gatekeeper@1.0-impl.so 18727-18728
/vendor/lib/hw/android.hardware.graphics.allocator@4.0-impl-mediatek.so 18729-18736
/vendor/lib/hw/android.hardware.graphics.mapper@4.0-impl-mediatek.so 18737-18752
/vendor/lib/hw/android.hardware.health@2.0-impl-2.1.so 18753-18782
/vendor/lib/hw/android.hardware.memtrack@1.0-impl.so 18783-18784
/vendor/lib/hw/android.hardware.renderscript@1.0-impl.so 18785-18789
/vendor/lib/hw/android.hardware.thermal@1.0-impl.so 18790-18791
/vendor/lib/hw/android.hardware.thermal@2.0-impl.so 18792-18802
/vendor/lib/hw/audio.bluetooth.default.so 18803-18815
/vendor/lib/hw/audio.primary.default.so 18816-18817
/vendor/lib/hw/audio.primary.mt6768.so 18818-19114
/vendor/lib/hw/audio.r_submix.default.so 19115-19118
/vendor/lib/hw/audio.r_submix.mt6768.so 19119-19123
/vendor/lib/hw/audio.usb.default.so 19124-19127
/vendor/lib/hw/audio_policy.stub.so 19128
/vendor/lib/hw/gps.default.so 19129-19135
/vendor/lib/hw/gralloc.default.so 19136-19137
/vendor/lib/hw/kmsetkey.trustonic.so 19138-19139
/vendor/lib/hw/libMcGatekeeper.so 19140-19141
/vendor/lib/hw/libSoftGatekeeper.so 19142-19144
/vendor/lib/hw/memtrack.default.so 19147
/vendor/lib/hw/thermal_hal.so 19149
/vendor/lib/hw/vendor.mediatek.hardware.bluetooth.audio@2.1-impl.so 19151-19158
/vendor/lib/hw/vendor.mediatek.hardware.bluetooth.audio@2.2-impl.so 19159-19169
/vendor/lib/hw/vendor.mediatek.hardware.camera.bgservice@1.1-impl.so 19170-19173
/vendor/lib/hw/vendor.mediatek.hardware.camera.isphal@1.0-impl.so 19174-19196
/vendor/lib/hw/vendor.mediatek.hardware.keymaster_attestation@1.1-impl.so 19197-19198
/vendor/lib/hw/vendor.mediatek.hardware.mms@1.6-impl.so 19199-19202
/vendor/lib/hw/vendor.mediatek.hardware.mtkpower@1.2-impl.so 19203-19205
/vendor/lib/hw/vendor.mediatek.hardware.nvram@1.1-impl.so 19206-19208
/vendor/lib/hw/vendor.mediatek.hardware.pq@2.13-impl.so 19209-19234
/vendor/lib/hw/vendor.mediatek.hardware.videotelephony@1.0-impl.so 19235-19238
/vendor/lib/hw/vibrator.default.so 19239
/vendor/lib/imx386_mipi_raw_tuning.so 19242-19282
/vendor/lib/imx398_mipi_raw_tuning.so 19284-19325
/vendor/lib/imx519_mipi_raw_tuning.so 19327-19375
/vendor/lib/lib3a.ae.core.so 19376-19402
/vendor/lib/lib3a.ae.so 19403-19430
/vendor/lib/lib3a.af.core.so 19431-19469
/vendor/lib/lib3a.af.so 19470-19514
/vendor/lib/lib3a.awb.core.so 19515-19531
/vendor/lib/lib3a.awb.so 19532-19539
/vendor/lib/lib3a.ccudrv.so 19540-19545
/vendor/lib/lib3a.ccuif.so 19546-19550
/vendor/lib/lib3a.flash.so 19551-19609
/vendor/lib/lib3a.gma.so 19610-19614
/vendor/lib/lib3a.lce.so 19615-19622
/vendor/lib/lib3a.log.so 19623
/vendor/lib/lib3a.n3d3a.so 19624-19632
/vendor/lib/libDefaultFpsActor.so 19633-19634
/vendor/lib/libFrameRecord.so 19635-19681
/vendor/lib/libHEVCdec_sa.ca7.android.so 19682-19748
/vendor/lib/libJpgEncPipe.so 19749-19752
/vendor/lib/libMcClient.so 19753-19759
/vendor/lib/libMtkOmxAdpcmDec.so 19760-19765
/vendor/lib/libMtkOmxAlacDec.so 19766-19772
/vendor/lib/libMtkOmxApeDec.so 19773-19782
/vendor/lib/libMtkOmxCore.so 19783-19784
/vendor/lib/libMtkOmxGsmDec.so 19785-19793
/vendor/lib/libMtkOmxMp3Dec.so 19794-19800
/vendor/lib/libMtkOmxWmaDec.so 19801-19828
/vendor/lib/libMtkSpeechEnh.so 19829-19923
/vendor/lib/libNoFpsActor.so 19924
/vendor/lib/libOpenCL.so 19926-19932
/vendor/lib/libPolarrRender.so 19933-21569
/vendor/lib/libSQLiteModule_VER_ALL.so 21572-21820
/vendor/lib/libSonyIMX230PdafLibraryWrapper.so 21821-21824
/vendor/lib/libSonyIMX338PdafLibraryWrapper.so 21826-21829
/vendor/lib/libSonyIMX386PdafLibraryWrapper.so 21831-21833
/vendor/lib/libSonyIMX519PdafLibraryWrapper.so 21835-21838
/vendor/lib/libSoterProvision.so 21839-21846
/vendor/lib/libTEECommon.so 21847-21853
/vendor/lib/libVDPostureDetection.so 21854-21905
/vendor/lib/libWaterMark.so 21906-21924
/vendor/lib/lib_bsscore.so 21925-21936
/vendor/lib/lib_iir.so 21937-21942
/vendor/lib/lib_speech_enh.so 21943-21946
/vendor/lib/libaal_cust.so 21947
/vendor/lib/libaal_key.so 21948-21949
/vendor/lib/libaal_mtk.so 21950-21990
/vendor/lib/libaalservice.so 21991-22000
/vendor/lib/libadpcmdec_mtk.so 22001-22002
/vendor/lib/libaedv.so 22004-22016
/vendor/lib/libakm.so 22017-22037
/vendor/lib/libalsautils.so 22038-22040
/vendor/lib/libapmonitor_vendor.so 22041-22043
/vendor/lib/libarcsoft_distortion_correction.so 22048-22112
/vendor/lib/libarcsoft_dualcam_bokeh_api.so 22113-22129
/vendor/lib/libarcsoft_dualcam_refocus_left.so 22130-22403
/vendor/lib/libarcsoft_dualcam_refocus_preview.so 22404-22495
/vendor/lib/libarcsoft_dualcam_refocus_right.so 22496-22767
/vendor/lib/libarcsoft_lensstaindetection.so 22768-23172
/vendor/lib/libarmnn.so 23173-23821
/vendor/lib/libarmnn_ndk.mtk.vndk.so 23824-24563
/vendor/lib/libasn1c_core.so 24566-24586
/vendor/lib/libasn1c_mapi.so 24587-24599
/vendor/lib/libasn1c_mdmi.so 24600-24639
/vendor/lib/libaudio_engineer_test.so 24640-24646
/vendor/lib/libaudio_param_parser-vnd.so 24647-24672
/vendor/lib/libaudioclient_aidl_conversion.so 24673-24686
/vendor/lib/libaudiocompensationfilter_vendor.so 24687-24688
/vendor/lib/libaudiocompensationfilterc.so 24689-24691
/vendor/lib/libaudiocomponentengine_vendor.so 24692-24693
/vendor/lib/libaudiocomponentenginec.so 24694
/vendor/lib/libaudiocustparam_vendor.so 24696-24699
/vendor/lib/libaudiodcrflt_vendor.so 24700-24702
/vendor/lib/libaudiofmtconv.so 24703
/vendor/lib/libaudiofoundation.so 24705-24727
/vendor/lib/libaudioloudc.so 24728-24730
/vendor/lib/libaudioprimarydevicehalifclient.so 24731-24734
/vendor/lib/libaudiotoolkit_vendor.so 24735-24736
/vendor/lib/libaurisysdemo.so 24737-24739
/vendor/lib/libavservices_minijail.so 24740-24741
/vendor/lib/libavservices_minijail_vendor.so 24742-24743
/vendor/lib/libbessound_hd_mtk_vendor.so 24744-24755
/vendor/lib/libblisrc32_vendor.so 24756-24769
/vendor/lib/libbluetooth_audio_session.so 24770-24781
/vendor/lib/libbluetooth_audio_session_mediatek.so 24782-24793
/vendor/lib/libbluetooth_hw_test.so 24794-24796
/vendor/lib/libbluetooth_mtk.so 24797-24802
/vendor/lib/libbluetooth_mtk_pure.so 24803-24807
/vendor/lib/libbluetooth_relayer.so 24808-24809
/vendor/lib/libbluetoothem_mtk.so 24810-24811
/vendor/lib/libbt-vendor.so 24812
/vendor/lib/libbwc.so 24813-24816
/vendor/lib/libcam.feature_utils.so 24817-24841
/vendor/lib/libcam.hal3a.v3.lsctbl.so 24843-24847
/vendor/lib/libcam.hal3a.v3.nvram.so 24848-24853
/vendor/lib/libcam.hal3a.v3.so 24854-25196
/vendor/lib/libcam.halsensor.hwintegration.so 25197
/vendor/lib/libcam.halsensor.so 25198-25311
/vendor/lib/libcam.iopipe.so 25312-25372
/vendor/lib/libcam.pdtblgen.so 25373-25377
/vendor/lib/libcam.utils.sensorprovider.so 25378-25389
/vendor/lib/libcam.vhdr.so 25390-25397
/vendor/lib/libcamalgo.3dnr.so 25398-25407
/vendor/lib/libcamalgo.dngop.so 25408-25412
/vendor/lib/libcamalgo.eis.so 25413-25473
/vendor/lib/libcamalgo.fdft.so 25474-26739
/vendor/lib/libcamalgo.flicker.so 26742-26748
/vendor/lib/libcamalgo.fsc.so 26749-26751
/vendor/lib/libcamalgo.gyro.so 26752-26765
/vendor/lib/libcamalgo.ispfeature.so 26766-26777
/vendor/lib/libcamalgo.lmv.so 26778-26784
/vendor/lib/libcamalgo.lsc.so 26785-26830
/vendor/lib/libcamalgo.mfnr.so 26831-26860
/vendor/lib/libcamalgo.n3d.so 26861-26918
/vendor/lib/libcamalgo.nr.so 26919-26963
/vendor/lib/libcamalgo.platform.so 26964-26967
/vendor/lib/libcamalgo.platform2.so 26968-26971
/vendor/lib/libcamalgo.utility.so 26972-26985
/vendor/lib/libcamalgo.vsf.so 26986-27043
/vendor/lib/libcamalgo.warp.so 27044-27050
/vendor/lib/libcamdrv_imem.so 27051-27055
/vendor/lib/libcamdrv_isp.so 27056-27074
/vendor/lib/libcamdrv_tuning_mgr.so 27075-27079
/vendor/lib/libcamdrv_twin.so 27080-27099
/vendor/lib/libcamera2ndk_vendor.so 27100-27127
/vendor/lib/libcamera_core_hwi.so 27128-27178
/vendor/lib/libcameracustom.eis.so 27179
/vendor/lib/libcameracustom.so 27181-27293
/vendor/lib/libcapctrl.so 27294-27297
/vendor/lib/libcares_naptr.so 27298-27306
/vendor/lib/libcarrierconfig.so 27307-27310
/vendor/lib/libccci_util.so 27311-27314
/vendor/lib/libcharon-ss.so 27315-27412
/vendor/lib/libcmdl.so 27413-27457
/vendor/lib/libcmdl_ndk.mtk.vndk.so 27458-27564
/vendor/lib/libcodec2_hidl@1.0.so 27565-27591
/vendor/lib/libcodec2_hidl@1.1.so 27592-27601
/vendor/lib/libcodec2_hidl@1.2.so 27602-27611
/vendor/lib/libcodec2_hidl_plugin.so 27612-27620
/vendor/lib/libcodec2_mtk_c2store.so 27621-27628
/vendor/lib/libcodec2_mtk_vdec.so 27629-27756
/vendor/lib/libcodec2_mtk_venc.so 27757-27880
/vendor/lib/libcodec2_soft_common.so 27881-27895
/vendor/lib/libcodec2_soft_mtk_alacdec.so 27896-27901
/vendor/lib/libcodec2_soft_mtk_apedec.so 27902-27910
/vendor/lib/libcodec2_soft_mtk_imaadpcmdec.so 27911-27915
/vendor/lib/libcodec2_soft_mtk_mp3dec.so 27916-27922
/vendor/lib/libcodec2_soft_mtk_msadpcmdec.so 27923-27927
/vendor/lib/libcodec2_soft_mtk_wmadec.so 27928-27953
/vendor/lib/libcodec2_vndk.so 27954-28012
/vendor/lib/libcodec2_vpp_qt_plugin.so 28013-28014
/vendor/lib/libcodec2_vpp_rs_plugin.so 28015-28016
/vendor/lib/libconnfem.so 28017
/vendor/lib/libcrypto-ss.so 28018-28200
/vendor/lib/libcurl-ss.so 28201-28235
/vendor/lib/libcurl_xcap_md.so 28236-28288
/vendor/lib/libcustom_nvram.so 28289-28291
/vendor/lib/libcustomer_cameradata.so 28292-28295
/vendor/lib/libcvface_api.so 28296-30925
/vendor/lib/libcvsd_mtk.so 30928-30934
/vendor/lib/libdecrypt.so 30935-30936
/vendor/lib/libdrm.so 30938-30946
/vendor/lib/libdynamiclog.so 30947-30950
/vendor/lib/libeffecthal.base.so 30951-30956
/vendor/lib/libeffects.so 30957-30960
/vendor/lib/libeffectsconfig.so 30961-30964
/vendor/lib/libfeature.face.so 30965-30974
/vendor/lib/libfeature.stereo.provider.so 30975-31060
/vendor/lib/libfeature.vsdof.hal.so 31061-31105
/vendor/lib/libfeature_3dnr.so 31106-31116
/vendor/lib/libfeature_eis.so 31117-31135
/vendor/lib/libfeature_fsc.so 31136-31140
/vendor/lib/libfeature_lmv.so 31141-31155
/vendor/lib/libfeature_rss.so 31156-31157
/vendor/lib/libfeatureiodrv_mem.so 31158-31162
/vendor/lib/libfgauge_gm30.so 31163-31188
/vendor/lib/libfile_op.so 31189-31199
/vendor/lib/libflatbuffers-cpp.so 31200-31240
/vendor/lib/libformatter.so 31241-31258
/vendor/lib/libged.so 31259-31267
/vendor/lib/libgpu_aux.so 31268-31279
/vendor/lib/libgpud.so 31280-31292
/vendor/lib/libgralloc_extra.so 31293-31295
/vendor/lib/libgralloc_metadata.so 31296
/vendor/lib/libgralloctypes_mtk.so 31297-31298
/vendor/lib/libgz_gp_client.so 31299
/vendor/lib/libgz_uree.so 31300-31301
/vendor/lib/libh264dec_customize.so 31302
/vendor/lib/libh264dec_sa.ca7.so 31303-31372
/vendor/lib/libh264dec_sd.ca7.so 31373-31433
/vendor/lib/libh264dec_se.ca7.so 31434-31507
/vendor/lib/libh264enc_sa.ca7.so 31508-31549
/vendor/lib/libheichal.so 31551-31554
/vendor/lib/libhevce_sb.ca7.android.so 31555-31590
/vendor/lib/libhwconfigurationutil.so 31593-31601
/vendor/lib/libhwm.so 31602-31607
/vendor/lib/libhydra.so 31608-31621
/vendor/lib/libicd_decoder.so 31622-31645
/vendor/lib/libimageio_plat_drv.so 31647-31741
/vendor/lib/libimageio_plat_pipe.so 31742-31775
/vendor/lib/libimgsensorca.so 31776
/vendor/lib/libion_mtk.so 31777
/vendor/lib/libipsec_ims_shr.so 31780-31783
/vendor/lib/libispcameraca.so 31784-31788
/vendor/lib/libjpeg-alpha-oal_vendor.so 31789-31791
/vendor/lib/libjpeg-alpha_vendor.so 31792-31851
/vendor/lib/libkeystore-wifi-hidl.so 31852
/vendor/lib/libktvdrc.so 31853-31855
/vendor/lib/libktveffect.so 31856-31875
/vendor/lib/libktveffect_rec.so 31876-31917
/vendor/lib/libktveq.so 31918-31920
/vendor/lib/libktvns.so 31921-31925
/vendor/lib/libktvreverb.so 31926-31928
/vendor/lib/libktvsoundtouch.so 31929-31947
/vendor/lib/libktvvolume.so 31948-31949
/vendor/lib/libladder.so 31950-31952
/vendor/lib/libmemsic.so 31954-31962
/vendor/lib/libmfllcore.so 31963-32013
/vendor/lib/libminiui.so 32014-32130
/vendor/lib/libmmprofile.so 32132
/vendor/lib/libmnetlink_v104.so 32134-32135
/vendor/lib/libmp3dec_mtk.so 32136-32147
/vendor/lib/libmp4enc_sa.ca7.so 32148-32168
/vendor/lib/libmp4enc_xa.ca7.so 32169-32196
/vendor/lib/libmpbase.so 32197
/vendor/lib/libmsbc_mtk.so 32198-32200
/vendor/lib/libmtcloader.so 32203-32204
/vendor/lib/libmtkcam.eventcallback.so 32206
/vendor/lib/libmtkcam.featurepipe.capture.so 32208-32362
/vendor/lib/libmtkcam.featurepipe.depthmap.so 32363-32488
/vendor/lib/libmtkcam.featurepipe.streaming.so 32489-32707
/vendor/lib/libmtkcam.featurepipe.vsdof_util.so 32708-32717
/vendor/lib/libmtkcam.logicalmodule.so 32718-32829
/vendor/lib/libmtkcam_3rdparty.core.so 32830-32855
/vendor/lib/libmtkcam_3rdparty.customer.so 32856-32937
/vendor/lib/libmtkcam_3rdparty.mtk.so 32938-33007
/vendor/lib/libmtkcam_3rdparty.so 33008
/vendor/lib/libmtkcam_calibration_convertor.so 33009-33011
/vendor/lib/libmtkcam_calibration_provider.so 33012-33028
/vendor/lib/libmtkcam_debugutils.so 33029-33035
/vendor/lib/libmtkcam_dpe.so 33036-33044
/vendor/lib/libmtkcam_exif.so 33045-33053
/vendor/lib/libmtkcam_fdvt.so 33054-33345
/vendor/lib/libmtkcam_grallocutils.so 33346-33353
/vendor/lib/libmtkcam_hwnode.so 33354-33664
/vendor/lib/libmtkcam_hwutils.so 33665-33706
/vendor/lib/libmtkcam_imem.so 33707-33711
/vendor/lib/libmtkcam_imgbuf.so 33712-33741
/vendor/lib/libmtkcam_metadata.so 33742-33764
/vendor/lib/libmtkcam_metastore.so 33765-33838
/vendor/lib/libmtkcam_modulehelper.so 33839-33840
/vendor/lib/libmtkcam_pipeline.so 33841-33895
/vendor/lib/libmtkcam_pipeline_fbm.so 33896-33913
/vendor/lib/libmtkcam_pipelinemodel_isp.so 33914-33942
/vendor/lib/libmtkcam_prerelease.so 33943-33950
/vendor/lib/libmtkcam_rsc.so 33951-33955
/vendor/lib/libmtkcam_scenariorecorder.so 33956-33963
/vendor/lib/libmtkcam_stdutils.so 33964-33976
/vendor/lib/libmtkcam_streamutils.so 33977-34001
/vendor/lib/libmtkcam_synchelper.so 34002-34013
/vendor/lib/libmtkcam_sysutils.so 34014-34024
/vendor/lib/libmtkcam_tuning_utils.so 34025-34036
/vendor/lib/libmtkcam_ulog.so 34037-34061
/vendor/lib/libmtkcutils.so 34062-34064
/vendor/lib/libmtkisp_metadata.so 34066
/vendor/lib/libmtklimiter_vendor.so 34067-34070
/vendor/lib/libmtknetutils.so 34071-34072
/vendor/lib/libmtkperf_client_vendor.so 34073-34074
/vendor/lib/libmtkproperty.so 34075
/vendor/lib/libmtkshifter_vendor.so 34077
/vendor/lib/libmtkspparser.so 34079-34082
/vendor/lib/libmtksysutils.so 34083-34087
/vendor/lib/libnbaio_mono.so 34088-34090
/vendor/lib/libneuroeara.so 34091-34096
/vendor/lib/libnir_neon_driver_ndk.mtk.vndk.so 34098-34863
/vendor/lib/libnvram.so 34865-34885
/vendor/lib/libnwk_opt_halwrap_vendor.so 34887
/vendor/lib/libocam_common.so 34890-34893
/vendor/lib/liboplus.aishutter.so 34894-34895
/vendor/lib/liboplus_audio_config.so 34896
/vendor/lib/liboplus_platform_hwi.so 34897-34904
/vendor/lib/liboppo_arcSoftBokehEngine_new.so 34905-34910
/vendor/lib/libopus.so 34911-34978
/vendor/lib/libpcap.so 34979-35014
/vendor/lib/libperfctl_vendor.so 35015-35016
/vendor/lib/libpixelflinger.so 35017-35039
/vendor/lib/libpkm.so 35040-35112
/vendor/lib/libpower_timer.so 35113-35114
/vendor/lib/libpowerhal.so 35115-35146
/vendor/lib/libpowerhalwrap_vendor.so 35147-35148
/vendor/lib/libpq_cust_base.so 35149-35151
/vendor/lib/libpqparamparser.so 35153-35158
/vendor/lib/libprotobuf-cpp-full-3.9.1.so 35160-35367
/vendor/lib/libprotobuf-cpp-lite-3.9.1.so 35368-35408
/vendor/lib/librcs_interface.so 35409-35417
/vendor/lib/librcs_volte_core.so 35418-35477
/vendor/lib/libreference-ril.so 35478-35484
/vendor/lib/librgbwlightsensor.so 35485
/vendor/lib/libril.so 35487-35513
/vendor/lib/librilutils.so 35514
/vendor/lib/librt_extamp_intf.so 35515-35517
/vendor/lib/libruy.so 35518-35523
/vendor/lib/libsensorndkbridge.so 35524-35529
/vendor/lib/libsfplugin_ccodec_utils.so 35530-35563
/vendor/lib/libshmemcompat.so 35564
/vendor/lib/libsimaka.so 35566-35570
/vendor/lib/libsimlock.so 35571-35573
/vendor/lib/libsimmelock.so 35574-35576
/vendor/lib/libspeech_enh_lib.so 35577-35677
/vendor/lib/libspeechparser_vendor.so 35678-35683
/vendor/lib/libssl-ss.so 35684-35732
/vendor/lib/libstagefright_amrnb_common.so 35733-35745
/vendor/lib/libstagefright_bufferpool@2.0.1.so 35746-35762
/vendor/lib/libstagefright_flacdec.so 35764-35779
/vendor/lib/libstagefright_soft_aacdec.so 35780-35910
/vendor/lib/libstagefright_soft_aacenc.so 35911-36001
/vendor/lib/libstagefright_soft_amrdec.so 36002-36025
/vendor/lib/libstagefright_soft_amrnbenc.so 36026-36042
/vendor/lib/libstagefright_soft_amrwbenc.so 36043-36067
/vendor/lib/libstagefright_soft_avcdec.so 36068-36135
/vendor/lib/libstagefright_soft_avcenc.so 36136-36197
/vendor/lib/libstagefright_soft_flacdec.so 36198-36200
/vendor/lib/libstagefright_soft_flacenc.so 36201-36218
/vendor/lib/libstagefright_soft_g711dec.so 36219-36221
/vendor/lib/libstagefright_soft_gsmdec.so 36222-36225
/vendor/lib/libstagefright_soft_hevcdec.so 36226-36296
/vendor/lib/libstagefright_soft_mp3dec.so 36297-36308
/vendor/lib/libstagefright_soft_mpeg2dec.so 36309-36327
/vendor/lib/libstagefright_soft_mpeg4dec.so 36328-36344
/vendor/lib/libstagefright_soft_mpeg4enc.so 36345-36371
/vendor/lib/libstagefright_soft_opusdec.so 36372-36374
/vendor/lib/libstagefright_soft_rawdec.so 36375-36376
/vendor/lib/libstagefright_soft_vorbisdec.so 36377-36380
/vendor/lib/libstagefright_soft_vpxdec.so 36381-36383
/vendor/lib/libstagefright_soft_vpxenc.so 36384-36387
/vendor/lib/libstagefright_softomx.so 36388-36396
/vendor/lib/libstagefright_softomx_plugin.so 36397-36398
/vendor/lib/libstagefrighthw.so 36399
/vendor/lib/libstereoinfoaccessor_vsdof.so 36400-36470
/vendor/lib/libstface_fd_api.so 36471-38783
/vendor/lib/libstrongswan.so 38786-38855
/vendor/lib/libsysenv.so 38856-38867
/vendor/lib/libtextclassifier_hash.so 38868-38870
/vendor/lib/libtflite_mtk.so 38871-39551
/vendor/lib/libthermalalgo.so 39553-39554
/vendor/lib/libthha.so 39555-39557
/vendor/lib/libtranslator_mapi_v3.0.so 39558-39610
/vendor/lib/libtranslator_mdmi_v2.8.2.so 39611-39663
/vendor/lib/libtranslator_utils.so 39664-39691
/vendor/lib/libudf.so 39692-39699
/vendor/lib/libutinterface_custom_md.so 39700-39736
/vendor/lib/libutinterface_md.so 39737-39859
/vendor/lib/libvcodec_oal.so 39860-39864
/vendor/lib/libvcodec_utility.so 39865-39883
/vendor/lib/libvcodecdrv.so 39884-40033
/vendor/lib/libverno.so 40034
/vendor/lib/libvibrator.so 40035-40038
/vendor/lib/libvolte_core_shr.so 40039-40096
/vendor/lib/libvolte_xdmc_shr.so 40097-40102
/vendor/lib/libvorbisidec.so 40103-40127
/vendor/lib/libvp8dec_sa.ca7.so 40128-40167
/vendor/lib/libvp8enc_sa.ca7.so 40168-40204
/vendor/lib/libvp9dec_sa.ca7.so 40205-40261
/vendor/lib/libvpud_vcodec.so 40263-40277
/vendor/lib/libvpx.so 40278-40552
/vendor/lib/libwapi.so 40554-40576
/vendor/lib/libwo.so 40577-40584
/vendor/lib/libwpa_client.so 40585-40587
/vendor/lib/libwvhidl.so 40588-40972
/vendor/lib/mediacas/libclearkeycasplugin.so 40973-40980
/vendor/lib/mediadrm/libdrmclearkeyplugin.so 40981-40986
/vendor/lib/mediadrm/libmockdrmcryptoplugin.so 40987-40991
/vendor/lib/mediadrm/libwvdrmengine.so 40992-41353
/vendor/lib/modules/bt_drv_connac1x.ko 41355-41364
/vendor/lib/modules/connfem.ko 41365-41372
/vendor/lib/modules/fmradio_drv_mt6631.ko 41373-41411
/vendor/lib/modules/fpsgo.ko 41412-41419
/vendor/lib/modules/gps_drv.ko 41420-41426
/vendor/lib/modules/met.ko 41427-41503
/vendor/lib/modules/udc_lib.ko 41504-41510
/vendor/lib/modules/wlan_drv_gen4m.ko 41511-41969
/vendor/lib/modules/wmt_chrdev_wifi.ko 41971-41978
/vendor/lib/modules/wmt_drv.ko 41979-42136
/vendor/lib/mt6768/libdpframework.so 42137-42259
/vendor/lib/mt6768/libmtk_drvb.so 42260-42261
/vendor/lib/mt6768/libnir_neon_driver.so 42262-42940
/vendor/lib/mt6768/libpq_prot.so 42942-42978
/vendor/lib/ov8856_mipi_raw_tuning.so 42980-43022
/vendor/lib/s5k2l7_mipi_raw_tuning.so 43024-43062
/vendor/lib/s5k2p7_mipi_raw_tuning.so 43064-43109
/vendor/lib/s5k2t7sp_mipi_raw_tuning.so 43111-43156
/vendor/lib/shared-file-region-aidl-cpp.so 43157
/vendor/lib/soter_attk_provision.so 43158
/vendor/lib/soundfx/libaudiopreprocessing.so 43159-43259
/vendor/lib/soundfx/libaudiopreprocessing_mtk.so 43260-43262
/vendor/lib/soundfx/libbundlewrapper.so 43263-43286
/vendor/lib/soundfx/libdownmix.so 43287
/vendor/lib/soundfx/libdynproc.so 43289-43296
/vendor/lib/soundfx/libeffectproxy.so 43297
/vendor/lib/soundfx/libhapticgenerator.so 43298-43311
/vendor/lib/soundfx/libldnhncr.so 43312
/vendor/lib/soundfx/libreverbwrapper.so 43314-43330
/vendor/lib/soundfx/libvisualizer.so 43331
/vendor/lib/vendor.mediatek.hardware.apmonitor@2.0.so 43333-43344
/vendor/lib/vendor.mediatek.hardware.audio@6.1.so 43345-43361
/vendor/lib/vendor.mediatek.hardware.audio@7.1.so 43362-43378
/vendor/lib/vendor.mediatek.hardware.bluetooth.audio@2.1.so 43379-43394
/vendor/lib/vendor.mediatek.hardware.bluetooth.audio@2.2.so 43395-43406
/vendor/lib/vendor.mediatek.hardware.camera.bgservice@1.0.so 43407-43415
/vendor/lib/vendor.mediatek.hardware.camera.bgservice@1.1.so 43416-43425
/vendor/lib/vendor.mediatek.hardware.camera.isphal@1.0.so 43426-43440
/vendor/lib/vendor.mediatek.hardware.keymaster_attestation@1.0.so 43441-43446
/vendor/lib/vendor.mediatek.hardware.keymaster_attestation@1.1.so 43447-43453
/vendor/lib/vendor.mediatek.hardware.mdmonitor@1.0.so 43454-43463
/vendor/lib/vendor.mediatek.hardware.mms@1.0.so 43464-43471
/vendor/lib/vendor.mediatek.hardware.mms@1.1.so 43472-43478
/vendor/lib/vendor.mediatek.hardware.mms@1.2.so 43479-43485
/vendor/lib/vendor.mediatek.hardware.mms@1.3.so 43486-43493
/vendor/lib/vendor.mediatek.hardware.mms@1.4.so 43494-43501
/vendor/lib/vendor.mediatek.hardware.mms@1.5.so 43502-43509
/vendor/lib/vendor.mediatek.hardware.mms@1.6.so 43510-43517
/vendor/lib/vendor.mediatek.hardware.mtkpower@1.0.so 43518-43527
/vendor/lib/vendor.mediatek.hardware.mtkpower@1.1.so 43528-43540
/vendor/lib/vendor.mediatek.hardware.mtkpower@1.2.so 43541-43554
/vendor/lib/vendor.mediatek.hardware.netdagent@1.0.so 43555-43560
/vendor/lib/vendor.mediatek.hardware.nvram@1.0.so 43561-43567
/vendor/lib/vendor.mediatek.hardware.nvram@1.1.so 43568-43576
/vendor/lib/vendor.mediatek.hardware.nwk_opt@1.0.so 43577-43583
/vendor/lib/vendor.mediatek.hardware.power@1.1.so 43584-43592
/vendor/lib/vendor.mediatek.hardware.power@2.0.so 43593-43602
/vendor/lib/vendor.mediatek.hardware.pq@2.0.so 43603-43617
/vendor/lib/vendor.mediatek.hardware.pq@2.1.so 43618-43627
/vendor/lib/vendor.mediatek.hardware.pq@2.10.so 43628-43643
/vendor/lib/vendor.mediatek.hardware.pq@2.11.so 43644-43658
/vendor/lib/vendor.mediatek.hardware.pq@2.12.so 43659-43673
/vendor/lib/vendor.mediatek.hardware.pq@2.13.so 43674-43688
/vendor/lib/vendor.mediatek.hardware.pq@2.2.so 43689-43698
/vendor/lib/vendor.mediatek.hardware.pq@2.3.so 43699-43710
/vendor/lib/vendor.mediatek.hardware.pq@2.4.so 43711-43721
/vendor/lib/vendor.mediatek.hardware.pq@2.5.so 43722-43732
/vendor/lib/vendor.mediatek.hardware.pq@2.6.so 43733-43743
/vendor/lib/vendor.mediatek.hardware.pq@2.7.so 43744-43755
/vendor/lib/vendor.mediatek.hardware.pq@2.8.so 43756-43767
/vendor/lib/vendor.mediatek.hardware.pq@2.9.so 43768-43780
/vendor/lib/vendor.mediatek.hardware.rcs@2.0.so 43781-43789
/vendor/lib/vendor.mediatek.hardware.videotelephony@1.0.so 43790-43796
/vendor/lib/vndk/libstagefright_foundation.so 43797-43814
/vendor/lib/vndk/libstagefright_omx.so 43815-43839
/vendor/lib64/android.frameworks.cameraservice.common@2.0.so 43846
/vendor/lib64/android.frameworks.cameraservice.device@2.0.so 43847-43863
/vendor/lib64/android.frameworks.cameraservice.device@2.1.so 43864-43872
/vendor/lib64/android.frameworks.cameraservice.service@2.0.so 43873-43885
/vendor/lib64/android.frameworks.cameraservice.service@2.1.so 43886-43898
/vendor/lib64/android.frameworks.cameraservice.service@2.2.so 43899-43906
/vendor/lib64/android.frameworks.sensorservice@1.0.so 43907-43925
/vendor/lib64/android.hardware.audio.common-util.so 43926-43927
/vendor/lib64/android.hardware.audio.common@5.0.so 43928-43929
/vendor/lib64/android.hardware.audio.common@6.0-util.so 43930-43932
/vendor/lib64/android.hardware.audio.common@6.0.so 43933-43934
/vendor/lib64/android.hardware.audio.common@7.0-enums.so 43935-43943
/vendor/lib64/android.hardware.audio.common@7.0-util.so 43944-43963
/vendor/lib64/android.hardware.audio.common@7.0.so 43964-43970
/vendor/lib64/android.hardware.audio.effect@6.0-util.so 43971
/vendor/lib64/android.hardware.audio.effect@6.0.so 43972-44068
/vendor/lib64/android.hardware.audio.effect@7.0-util.so 44069
/vendor/lib64/android.hardware.audio.effect@7.0.so 44070-44169
/vendor/lib64/android.hardware.audio@6.0.so 44170-44229
/vendor/lib64/android.hardware.audio@7.0-util.so 44230-44233
/vendor/lib64/android.hardware.audio@7.0.so 44234-44291
/vendor/lib64/android.hardware.bluetooth.audio@2.0.so 44292-44309
/vendor/lib64/android.hardware.bluetooth.audio@2.1.so 44310-44323
/vendor/lib64/android.hardware.bluetooth@1.0.so 44324-44333
/vendor/lib64/android.hardware.bluetooth@1.1.so 44334-44344
/vendor/lib64/android.hardware.camera.common@1.0.so 44345
/vendor/lib64/android.hardware.camera.device@1.0.so 44346-44368
/vendor/lib64/android.hardware.camera.device@3.2.so 44369-44386
/vendor/lib64/android.hardware.camera.device@3.3.so 44387-44394
/vendor/lib64/android.hardware.camera.device@3.4.so 44395-44407
/vendor/lib64/android.hardware.camera.device@3.5.so 44408-44426
/vendor/lib64/android.hardware.camera.device@3.6.so 44427-44445
/vendor/lib64/android.hardware.camera.provider@2.4.so 44446-44458
/vendor/lib64/android.hardware.camera.provider@2.5.so 44459-44466
/vendor/lib64/android.hardware.camera.provider@2.6.so 44467-44479
/vendor/lib64/android.hardware.drm@1.0.so 44480-44512
/vendor/lib64/android.hardware.drm@1.1.so 44513-44532
/vendor/lib64/android.hardware.drm@1.2.so 44533-44563
/vendor/lib64/android.hardware.drm@1.3.so 44564-44574
/vendor/lib64/android.hardware.drm@1.4.so 44575-44599
/vendor/lib64/android.hardware.gatekeeper@1.0.so 44600-44608
/vendor/lib64/android.hardware.gnss.measurement_corrections@1.0.so 44609-44618
/vendor/lib64/android.hardware.gnss.measurement_corrections@1.1.so 44619-44626
/vendor/lib64/android.hardware.gnss.visibility_control@1.0.so 44627-44636
/vendor/lib64/android.hardware.gnss@1.0.so 44637-44705
/vendor/lib64/android.hardware.gnss@1.1.so 44706-44730
/vendor/lib64/android.hardware.gnss@2.0.so 44732-44778
/vendor/lib64/android.hardware.gnss@2.1.so 44779-44813
/vendor/lib64/android.hardware.graphics.composer@2.1-resources.so 44814-44817
/vendor/lib64/android.hardware.graphics.composer@2.1.so 44818-44838
/vendor/lib64/android.hardware.health@1.0.so 44839
/vendor/lib64/android.hardware.health@2.0.so 44840-44853
/vendor/lib64/android.hardware.health@2.1.so 44854-44866
/vendor/lib64/android.hardware.keymaster@3.0.so 44867-44882
/vendor/lib64/android.hardware.keymaster@4.0.so 44883-44900
/vendor/lib64/android.hardware.keymaster@4.1.so 44901-44912
/vendor/lib64/android.hardware.light@2.0.so 44913-44920
/vendor/lib64/android.hardware.media.c2@1.0.so 44921-44965
/vendor/lib64/android.hardware.media.c2@1.1.so 44966-44980
/vendor/lib64/android.hardware.media.c2@1.2.so 44981-44996
/vendor/lib64/android.hardware.neuralnetworks@1.0.so 44997-45014
/vendor/lib64/android.hardware.neuralnetworks@1.1.so 45015-45023
/vendor/lib64/android.hardware.neuralnetworks@1.2.so 45024-45055
/vendor/lib64/android.hardware.neuralnetworks@1.3.so 45056-45089
/vendor/lib64/android.hardware.power-service-mediatek.so 45090-45091
/vendor/lib64/android.hardware.power@1.0.so 45092-45099
/vendor/lib64/android.hardware.power@1.1.so 45100-45107
/vendor/lib64/android.hardware.power@1.2.so 45109-45116
/vendor/lib64/android.hardware.radio.config@1.0.so 45117-45130
/vendor/lib64/android.hardware.radio.config@1.1.so 45131-45146
/vendor/lib64/android.hardware.radio.config@1.2.so 45147-45159
/vendor/lib64/android.hardware.radio.config@1.3.so 45160-45173
/vendor/lib64/android.hardware.radio@1.0.so 45174-45271
/vendor/lib64/android.hardware.radio@1.1.so 45272-45344
/vendor/lib64/android.hardware.radio@1.2.so 45345-45425
/vendor/lib64/android.hardware.radio@1.3.so 45426-45499
/vendor/lib64/android.hardware.radio@1.4.so 45500-45585
/vendor/lib64/android.hardware.radio@1.5.so 45586-45685
/vendor/lib64/android.hardware.radio@1.6.so 45687-45801
/vendor/lib64/android.hardware.secure_element@1.0.so 45802-45813
/vendor/lib64/android.hardware.secure_element@1.1.so 45814-45824
/vendor/lib64/android.hardware.secure_element@1.2.so 45825-45832
/vendor/lib64/android.hardware.sensors@1.0.so 45833-45842
/vendor/lib64/android.hardware.sensors@2.0-ScopedWakelock.so 45843
/vendor/lib64/android.hardware.sensors@2.0.so 45844-45857
/vendor/lib64/android.hardware.sensors@2.1.so 45858-45871
/vendor/lib64/android.hardware.tetheroffload.config@1.0.so 45872-45879
/vendor/lib64/android.hardware.tetheroffload.control@1.0.so 45880-45893
/vendor/lib64/android.hardware.tetheroffload.control@1.1.so 45894-45905
/vendor/lib64/android.hardware.thermal@1.0.so 45906-45913
/vendor/lib64/android.hardware.thermal@2.0.so 45914-45926
/vendor/lib64/android.hardware.usb.gadget@1.0.so 45927-45936
/vendor/lib64/android.hardware.usb.gadget@1.1.so 45937-45944
/vendor/lib64/android.hardware.usb@1.0.so 45945-45955
/vendor/lib64/android.hardware.usb@1.1.so 45956-45966
/vendor/lib64/android.hardware.usb@1.2.so 45967-45979
/vendor/lib64/android.hardware.usb@1.3.so 45980-45987
/vendor/lib64/android.hardware.wifi.hostapd@1.0.so 45989-45996
/vendor/lib64/android.hardware.wifi.hostapd@1.1.so 45997-46007
/vendor/lib64/android.hardware.wifi.hostapd@1.2.so 46008-46016
/vendor/lib64/android.hardware.wifi.hostapd@1.3.so 46017-46030
/vendor/lib64/android.hardware.wifi.supplicant@1.0.so 46031-46129
/vendor/lib64/android.hardware.wifi.supplicant@1.1.so 46130-46163
/vendor/lib64/android.hardware.wifi.supplicant@1.2.so 46164-46212
/vendor/lib64/android.hardware.wifi.supplicant@1.3.so 46213-46257
/vendor/lib64/android.hardware.wifi.supplicant@1.4.so 46258-46324
/vendor/lib64/android.hardware.wifi@1.0.so 46325-46407
/vendor/lib64/android.hardware.wifi@1.1.so 46408-46422
/vendor/lib64/android.hardware.wifi@1.2.so 46423-46464
/vendor/lib64/android.hardware.wifi@1.3.so 46466-46489
/vendor/lib64/android.hardware.wifi@1.4.so 46490-46532
/vendor/lib64/android.hardware.wifi@1.5.so 46533-46585
/vendor/lib64/android.hidl.allocator@1.0.so 46586-46593
/vendor/lib64/android.system.wifi.keystore@1.0.so 46594-46601
/vendor/lib64/arm.graphics-V1-ndk_platform.so 46602
/vendor/lib64/audio_common-aidl-cpp.so 46603
/vendor/lib64/audioclient-types-aidl-cpp.so 46604-46610
/vendor/lib64/egl/libGLES_mali.so 46611-51887
/vendor/lib64/egl/libGLES_meow.so 51893-52066
/vendor/lib64/egl/libMEOW_data.so 52067-52068
/vendor/lib64/egl/libMEOW_gift.so 52069-52149
/vendor/lib64/egl/libMEOW_qt.so 52150-52162
/vendor/lib64/egl/libMEOW_trace.so 52163-52198
/vendor/lib64/even_hlt_depth_gc02m1b_IdxMgr.so 52199
/vendor/lib64/even_hlt_depth_gc02m1b_tuning.so 52200-52241
/vendor/lib64/even_hlt_front_s5k4h7_IdxMgr.so 52243
/vendor/lib64/even_hlt_front_s5k4h7_tuning.so 52244-52286
/vendor/lib64/even_qtech_main_ov13b10_IdxMgr.so 52287
/vendor/lib64/even_qtech_main_ov13b10_tuning.so 52288-52340
/vendor/lib64/even_qtech_main_s5kgm1st03_IdxMgr.so 52341
/vendor/lib64/even_qtech_main_s5kgm1st03_tuning.so 52342-52392
/vendor/lib64/even_shengtai_front_ov8856_IdxMgr.so 52394
/vendor/lib64/even_shengtai_front_ov8856_tuning.so 52395-52439
/vendor/lib64/even_shengtai_macro_ov02b10_IdxMgr.so 52440
/vendor/lib64/even_shengtai_macro_ov02b10_tuning.so 52441-52482
/vendor/lib64/even_shinetech_main_s5kjn103_IdxMgr.so 52483
/vendor/lib64/even_shinetech_main_s5kjn103_tuning.so 52484-52537
/vendor/lib64/evenc_shengtai_front_ov8856_IdxMgr.so 52539
/vendor/lib64/evenc_shengtai_front_ov8856_tuning.so 52540-52585
/vendor/lib64/evenc_shengtai_macro_ov02b10_IdxMgr.so 52586
/vendor/lib64/evenc_shengtai_macro_ov02b10_tuning.so 52587-52628
/vendor/lib64/evenc_shinetech_depth_gc02m1b_IdxMgr.so 52629
/vendor/lib64/evenc_shinetech_depth_gc02m1b_tuning.so 52630-52672
/vendor/lib64/framework-permission-aidl-cpp.so 52674-52677
/vendor/lib64/hw/android.hardware.audio.effect@6.0-impl.so 52678-52695
/vendor/lib64/hw/android.hardware.audio.effect@7.0-impl.so 52696-52714
/vendor/lib64/hw/android.hardware.audio@6.0-impl-mediatek.so 52715-52735
/vendor/lib64/hw/android.hardware.audio@7.0-impl-mediatek.so 52736-52757
/vendor/lib64/hw/android.hardware.bluetooth.audio@2.0-impl.so 52758-52766
/vendor/lib64/hw/android.hardware.bluetooth.audio@2.1-impl.so 52767-52778
/vendor/lib64/hw/android.hardware.bluetooth@1.1-impl-mediatek.so 52780-52788
/vendor/lib64/hw/android.hardware.camera.provider@2.6-impl-mediatek.so 52789-52806
/vendor/lib64/hw/android.hardware.gatekeeper@1.0-impl.so 52807-52808
/vendor/lib64/hw/android.hardware.gnss-impl-mediatek.so 52809-52814
/vendor/lib64/hw/android.hardware.gnss@2.1-impl-mediatek.so 52815-52829
/vendor/lib64/hw/android.hardware.graphics.allocator@4.0-impl-mediatek.so 52830-52838
/vendor/lib64/hw/android.hardware.graphics.mapper@4.0-impl-mediatek.so 52839-52855
/vendor/lib64/hw/android.hardware.health@2.0-impl-2.1.so 52856-52888
/vendor/lib64/hw/android.hardware.memtrack@1.0-impl.so 52889-52890
/vendor/lib64/hw/android.hardware.renderscript@1.0-impl.so 52891-52896
/vendor/lib64/hw/android.hardware.sensors@2.X-subhal-mediatek.so 52897-52902
/vendor/lib64/hw/android.hardware.thermal@1.0-impl.so 52903-52904
/vendor/lib64/hw/android.hardware.thermal@2.0-impl.so 52905-52916
/vendor/lib64/hw/audio.bluetooth.default.so 52917-52933
/vendor/lib64/hw/audio.primary.default.so 52934-52935
/vendor/lib64/hw/audio.primary.mt6768.so 52936-53213
/vendor/lib64/hw/audio.r_submix.default.so 53214-53217
/vendor/lib64/hw/audio.r_submix.mt6768.so 53218-53222
/vendor/lib64/hw/audio.usb.default.so 53223-53226
/vendor/lib64/hw/audio_policy.stub.so 53227
/vendor/lib64/hw/gps.default.so 53228-53235
/vendor/lib64/hw/gralloc.default.so 53237-53238
/vendor/lib64/hw/hwcomposer.mt6768.so 53239-53365
/vendor/lib64/hw/kmsetkey.trustonic.so 53366-53367
/vendor/lib64/hw/libMcGatekeeper.so 53368-53370
/vendor/lib64/hw/libSoftGatekeeper.so 53371-53373
/vendor/lib64/hw/lights.mt6768.so 53374
/vendor/lib64/hw/local_time.default.so 53375
/vendor/lib64/hw/memtrack.default.so 53376
/vendor/lib64/hw/power.default.so 53377
/vendor/lib64/hw/sensors.mt6768.so 53378-53404
/vendor/lib64/hw/thermal_hal.so 53405-53406
/vendor/lib64/hw/vendor.mediatek.hardware.bluetooth.audio@2.1-impl.so 53407-53415
/vendor/lib64/hw/vendor.mediatek.hardware.bluetooth.audio@2.2-impl.so 53416-53428
/vendor/lib64/hw/vendor.mediatek.hardware.camera.bgservice@1.1-impl.so 53429-53432
/vendor/lib64/hw/vendor.mediatek.hardware.camera.isphal@1.0-impl.so 53433-53455
/vendor/lib64/hw/vendor.mediatek.hardware.camera.lomoeffect@1.0-impl.so 53456-53457
/vendor/lib64/hw/vendor.mediatek.hardware.keymaster_attestation@1.1-impl.so 53458-53459
/vendor/lib64/hw/vendor.mediatek.hardware.mms@1.6-impl.so 53460-53464
/vendor/lib64/hw/vendor.mediatek.hardware.mtkpower@1.2-impl.so 53465-53467
/vendor/lib64/hw/vendor.mediatek.hardware.nvram@1.1-impl.so 53468-53470
/vendor/lib64/hw/vendor.mediatek.hardware.pq@2.13-impl.so 53471-53501
/vendor/lib64/hw/vendor.mediatek.hardware.videotelephony@1.0-impl.so 53502-53505
/vendor/lib64/hw/vibrator.default.so 53506
/vendor/lib64/hw/vibrator.mt6768.so 53507
/vendor/lib64/imx386_mipi_raw_IdxMgr.so 53508
/vendor/lib64/imx386_mipi_raw_tuning.so 53509-53549
/vendor/lib64/imx398_mipi_raw_IdxMgr.so 53551
/vendor/lib64/imx398_mipi_raw_tuning.so 53552-53593
/vendor/lib64/imx519_mipi_raw_IdxMgr.so 53594
/vendor/lib64/imx519_mipi_raw_tuning.so 53595-53644
/vendor/lib64/lbs_hidl_service-impl.so 53645-53652
/vendor/lib64/lib3a.ae.core.so 53653-53677
/vendor/lib64/lib3a.ae.so 53679-53703
/vendor/lib64/lib3a.af.core.so 53704-53738
/vendor/lib64/lib3a.af.so 53739-53781
/vendor/lib64/lib3a.awb.core.so 53782-53798
/vendor/lib64/lib3a.awb.so 53799-53806
/vendor/lib64/lib3a.ccudrv.so 53807-53812
/vendor/lib64/lib3a.ccuif.so 53813-53817
/vendor/lib64/lib3a.flash.so 53818-53873
/vendor/lib64/lib3a.gma.so 53874-53878
/vendor/lib64/lib3a.lce.so 53879-53886
/vendor/lib64/lib3a.log.so 53887
/vendor/lib64/lib3a.n3d3a.so 53888-53895
/vendor/lib64/libDR.so 53896-54015
/vendor/lib64/libDefaultFpsActor.so 54016-54017
/vendor/lib64/libFaceBeautyCap.so 54018-54653
/vendor/lib64/libFaceBeautyPre.so 54655-54701
/vendor/lib64/libFrameRecord.so 54702-54758
/vendor/lib64/libJpgEncPipe.so 54759-54763
/vendor/lib64/libMcClient.so 54764-54770
/vendor/lib64/libMcTeeSoter.so 54771-54778
/vendor/lib64/libMegviiHumBokehPost-mtk.so 54779-55097
/vendor/lib64/libMtkOmxCore.so 55098-55100
/vendor/lib64/libMtkSpeechEnh.so 55101-55253
/vendor/lib64/libNoFpsActor.so 55254-55255
/vendor/lib64/libOpenCL.so 55256-55262
/vendor/lib64/libPerfectlyClearCrux.so 55263-55397
/vendor/lib64/libPolarrRender.so 55399-57055
/vendor/lib64/libSQLiteModule_VER_ALL.so 57058-57363
/vendor/lib64/libSonyIMX230PdafLibrary.so 57364
/vendor/lib64/libSonyIMX230PdafLibraryWrapper.so 57365-57368
/vendor/lib64/libSonyIMX338PdafLibrary.so 57369
/vendor/lib64/libSonyIMX338PdafLibraryWrapper.so 57370-57373
/vendor/lib64/libSonyIMX386PdafLibrary.so 57374
/vendor/lib64/libSonyIMX386PdafLibraryWrapper.so 57375-57378
/vendor/lib64/libSonyIMX519PdafLibrary.so 57379
/vendor/lib64/libSonyIMX519PdafLibraryWrapper.so 57380-57383
/vendor/lib64/libSoterProvision.so 57384-57391
/vendor/lib64/libTEECommon.so 57392-57398
/vendor/lib64/libVDBlurless.so 57399-57767
/vendor/lib64/libVDDualCameraBlurless.so 57768-58186
/vendor/lib64/libVDPostureDetection.so 58187-58248
/vendor/lib64/libVDSuperPhotoAPI.so 58249-58641
/vendor/lib64/libWaterMark.so 58643-58669
/vendor/lib64/lib_bsscore.so 58670-58684
/vendor/lib64/lib_iir.so 58685-58690
/vendor/lib64/lib_speech_enh.so 58691-58695
/vendor/lib64/libaal_cust.so 58696
/vendor/lib64/libaal_key.so 58697
/vendor/lib64/libaal_mtk.so 58698-58740
/vendor/lib64/libaalservice.so 58741-58751
/vendor/lib64/libacdk.so 58752-58777
/vendor/lib64/libadpcmdec_mtk.so 58778-58780
/vendor/lib64/libaedv.so 58781-58794
/vendor/lib64/libakm.so 58795-58820
/vendor/lib64/libalsautils.so 58821-58823
/vendor/lib64/libapmonitor_vendor.so 58824-58827
/vendor/lib64/libappgamepq.so 58828
/vendor/lib64/libapu_mdw.so 58829
/vendor/lib64/libapusys.so 58830
/vendor/lib64/libapusys_edma.so 58831
/vendor/lib64/libarcsoft_distortion_correction.so 58832-59159
/vendor/lib64/libarcsoft_dualcam_bokeh_api.so 59160-59183
/vendor/lib64/libarcsoft_dualcam_refocus_left.so 59184-59496
/vendor/lib64/libarcsoft_dualcam_refocus_preview.so 59498-59598
/vendor/lib64/libarcsoft_dualcam_refocus_right.so 59599-59909
/vendor/lib64/libarcsoft_hdr_couple_api.so 59910-59941
/vendor/lib64/libarcsoft_hdr_denoise_api.so 59942-60038
/vendor/lib64/libarcsoft_high_dynamic_range.so 60039-60675
/vendor/lib64/libarcsoft_high_dynamic_range_couple.so 60677-61297
/vendor/lib64/libarcsoft_lensstaindetection.so 61298-61702
/vendor/lib64/libarcsoft_low_light_hdr.so 61704-62503
/vendor/lib64/libarcsoft_relighting_pro_image.so 62504-62794
/vendor/lib64/libarcsoft_scbokeh_image.so 62796-64368
/vendor/lib64/libarcsoft_smart_denoise.so 64370-64385
/vendor/lib64/libarmnn.so 64386-65090
/vendor/lib64/libarmnn_ndk.mtk.vndk.so 65093-65899
/vendor/lib64/libasn1c_core.so 65902-65922
/vendor/lib64/libasn1c_mapi.so 65923-65936
/vendor/lib64/libasn1c_mdmi.so 65937-65981
/vendor/lib64/libaudio_engineer_test.so 65982-65988
/vendor/lib64/libaudio_param_parser-vnd.so 65989-66017
/vendor/lib64/libaudioclient_aidl_conversion.so 66018-66039
/vendor/lib64/libaudiocompensationfilter_vendor.so 66040-66041
/vendor/lib64/libaudiocompensationfilterc.so 66042-66044
/vendor/lib64/libaudiocomponentengine_vendor.so 66045-66046
/vendor/lib64/libaudiocomponentenginec.so 66047-66048
/vendor/lib64/libaudiocustparam_vendor.so 66049-66051
/vendor/lib64/libaudiodcrflt_vendor.so 66052-66054
/vendor/lib64/libaudiofmtconv.so 66055-66056
/vendor/lib64/libaudiofoundation.so 66057-66086
/vendor/lib64/libaudioloudc.so 66087-66090
/vendor/lib64/libaudioprimarydevicehalifclient.so 66091-66095
/vendor/lib64/libaudiotoolkit_vendor.so 66096-66097
/vendor/lib64/libaurisysdemo.so 66098-66100
/vendor/lib64/libavservices_minijail_vendor.so 66101-66102
/vendor/lib64/libbessound_hd_mtk_vendor.so 66103-66114
/vendor/lib64/libbinderdebug.so 66115-66126
/vendor/lib64/libblisrc32_vendor.so 66127-66140
/vendor/lib64/libbluetooth_audio_session.so 66141-66152
/vendor/lib64/libbluetooth_audio_session_mediatek.so 66153-66165
/vendor/lib64/libbluetooth_hw_test.so 66166-66169
/vendor/lib64/libbluetooth_mtk.so 66170-66175
/vendor/lib64/libbluetooth_mtk_pure.so 66176-66180
/vendor/lib64/libbluetooth_relayer.so 66181-66182
/vendor/lib64/libbluetoothem_mtk.so 66183-66184
/vendor/lib64/libbt-vendor.so 66185
/vendor/lib64/libbwc.so 66186-66189
/vendor/lib64/libcam.chdr.so 66190-66191
/vendor/lib64/libcam.feature_utils.so 66192-66217
/vendor/lib64/libcam.hal3a.cctsvr.so 66218-66236
/vendor/lib64/libcam.hal3a.log.so 66237
/vendor/lib64/libcam.hal3a.v3.dng.so 66238-66241
/vendor/lib64/libcam.hal3a.v3.lsctbl.so 66242-66247
/vendor/lib64/libcam.hal3a.v3.nvram.so 66248-66253
/vendor/lib64/libcam.hal3a.v3.so 66254-66610
/vendor/lib64/libcam.halisp.so 66611-66612
/vendor/lib64/libcam.halsensor.hwintegration.so 66613
/vendor/lib64/libcam.halsensor.so 66614-66710
/vendor/lib64/libcam.iopipe.so 66711-66776
/vendor/lib64/libcam.lcs.so 66777-66779
/vendor/lib64/libcam.pdtblgen.so 66780-66784
/vendor/lib64/libcam.utils.sensorprovider.so 66785-66796
/vendor/lib64/libcam.vhdr.so 66797-66805
/vendor/lib64/libcamalgo.3dnr.so 66806-66815
/vendor/lib64/libcamalgo.dngop.so 66816-66821
/vendor/lib64/libcamalgo.eis.so 66823-66883
/vendor/lib64/libcamalgo.fdft.so 66884-68147
/vendor/lib64/libcamalgo.flicker.so 68150-68160
/vendor/lib64/libcamalgo.fsc.so 68161-68164
/vendor/lib64/libcamalgo.gyro.so 68165-68179
/vendor/lib64/libcamalgo.ispfeature.so 68180-68191
/vendor/lib64/libcamalgo.lmv.so 68192-68198
/vendor/lib64/libcamalgo.lsc.so 68199-68240
/vendor/lib64/libcamalgo.mfnr.so 68241-68269
/vendor/lib64/libcamalgo.n3d.so 68270-68327
/vendor/lib64/libcamalgo.nr.so 68328-68373
/vendor/lib64/libcamalgo.platform.so 68374-68378
/vendor/lib64/libcamalgo.platform2.so 68379-68381
/vendor/lib64/libcamalgo.utility.so 68382-68395
/vendor/lib64/libcamalgo.vsf.so 68396-68452
/vendor/lib64/libcamalgo.warp.so 68453-68459
/vendor/lib64/libcamdrv_imem.so 68460-68464
/vendor/lib64/libcamdrv_isp.so 68465-68483
/vendor/lib64/libcamdrv_tuning_mgr.so 68484-68488
/vendor/lib64/libcamdrv_twin.so 68489-68504
/vendor/lib64/libcamera2ndk_vendor.so 68505-68544
/vendor/lib64/libcamera_core_hwi.so 68545-68600
/vendor/lib64/libcameracustom.eis.so 68601-68602
/vendor/lib64/libcameracustom.plugin.so 68603-68604
/vendor/lib64/libcameracustom.so 68605-68730
/vendor/lib64/libcapctrl.so 68731-68734
/vendor/lib64/libcares_naptr.so 68735-68744
/vendor/lib64/libcarrierconfig.so 68745-68748
/vendor/lib64/libccci_util.so 68749-68752
/vendor/lib64/libcharon-ss.so 68753-68840
/vendor/lib64/libcmdl.so 68841-68890
/vendor/lib64/libcmdl_ndk.mtk.vndk.so 68891-69025
/vendor/lib64/libcodec2_hidl@1.0.so 69027-69060
/vendor/lib64/libcodec2_hidl@1.1.so 69061-69072
/vendor/lib64/libcodec2_hidl@1.2.so 69073-69085
/vendor/lib64/libcodec2_hidl_plugin.so 69086-69096
/vendor/lib64/libcodec2_mtk_c2store.so 69097-69106
/vendor/lib64/libcodec2_mtk_vdec.so 69107-69247
/vendor/lib64/libcodec2_mtk_venc.so 69248-69384
/vendor/lib64/libcodec2_soft_common.so 69385-69400
/vendor/lib64/libcodec2_soft_mtk_alacdec.so 69401-69408
/vendor/lib64/libcodec2_soft_mtk_apedec.so 69409-69417
/vendor/lib64/libcodec2_soft_mtk_imaadpcmdec.so 69418-69423
/vendor/lib64/libcodec2_soft_mtk_mp3dec.so 69424-69431
/vendor/lib64/libcodec2_soft_mtk_msadpcmdec.so 69432-69437
/vendor/lib64/libcodec2_soft_mtk_wmadec.so 69438-69463
/vendor/lib64/libcodec2_vndk.so 69464-69536
/vendor/lib64/libcodec2_vpp_qt_plugin.so 69537-69538
/vendor/lib64/libcodec2_vpp_rs_plugin.so 69539-69541
/vendor/lib64/libcomposer_ext.so 69542-69548
/vendor/lib64/libconnfem.so 69550-69551
/vendor/lib64/libcppbor_external.so 69552-69559
/vendor/lib64/libcppcose_rkp.so 69560-69567
/vendor/lib64/libcrypto-ss.so 69568-69777
/vendor/lib64/libcurl-ss.so 69778-69816
/vendor/lib64/libcurl_xcap_md.so 69817-69878
/vendor/lib64/libcustom_nvram.so 69879-69881
/vendor/lib64/libcustomer_cameradata.so 69882-69885
/vendor/lib64/libcvface_api.so 69886-74034
/vendor/lib64/libcvsd_mtk.so 74038-74045
/vendor/lib64/libdecrypt.so 74046-74048
/vendor/lib64/libdre.so 74049
/vendor/lib64/libdrm.so 74050-74060
/vendor/lib64/libdynamiclog.so 74061-74064
/vendor/lib64/libeffecthal.base.so 74065-74070
/vendor/lib64/libeffects.so 74071-74074
/vendor/lib64/libeffectsconfig.so 74075-74078
/vendor/lib64/libfeature.face.so 74079-74087
/vendor/lib64/libfeature.stereo.provider.so 74088-74191
/vendor/lib64/libfeature.vsdof.hal.so 74192-74241
/vendor/lib64/libfeature_3dnr.so 74242-74251
/vendor/lib64/libfeature_eis.so 74252-74268
/vendor/lib64/libfeature_fsc.so 74269-74272
/vendor/lib64/libfeature_lmv.so 74273-74285
/vendor/lib64/libfeature_rss.so 74286-74287
/vendor/lib64/libfeatureiodrv_mem.so 74288-74292
/vendor/lib64/libfft_vendor.so 74293-74297
/vendor/lib64/libfile_op.so 74298-74309
/vendor/lib64/libflatbuffers-cpp.so 74310-74357
/vendor/lib64/libforkexecwrap.so 74358-74359
/vendor/lib64/libformatter.so 74361-74379
/vendor/lib64/libgamehdr.so 74380
/vendor/lib64/libged.so 74381-74388
/vendor/lib64/libgpu_aux.so 74389-74401
/vendor/lib64/libgpud.so 74402-74413
/vendor/lib64/libgralloc_extra.so 74414-74416
/vendor/lib64/libgralloc_metadata.so 74417
/vendor/lib64/libgralloctypes_mtk.so 74418-74419
/vendor/lib64/libgz_gp_client.so 74420
/vendor/lib64/libgz_uree.so 74421-74422
/vendor/lib64/libhdrvideo.so 74423
/vendor/lib64/libheichal.so 74424-74428
/vendor/lib64/libhevce_sb.ca7.android.so 74429-74478
/vendor/lib64/libhidltransport.so 74479
/vendor/lib64/libhwbinder.so 74480
/vendor/lib64/libhwc2on1adapter.so 74481-74498
/vendor/lib64/libhwc2onfbadapter.so 74499-74501
/vendor/lib64/libhwconfigurationutil.so 74502-74512
/vendor/lib64/libhwm-oplus.so 74513-74520
/vendor/lib64/libhwm.so 74521-74526
/vendor/lib64/libhydra.so 74527-74538
/vendor/lib64/libicd_decoder.so 74539-74564
/vendor/lib64/libifcutils_mtk.so 74565
/vendor/lib64/libimageio.so 74566
/vendor/lib64/libimageio_plat_drv.so 74567-74663
/vendor/lib64/libimageio_plat_pipe.so 74664-74699
/vendor/lib64/libimgsensorca.so 74700
/vendor/lib64/libion_mtk.so 74701-74702
/vendor/lib64/libion_ulit.so 74703
/vendor/lib64/libipsec_ims_shr.so 74705-74708
/vendor/lib64/libispcameraca.so 74709-74713
/vendor/lib64/libjpeg-alpha-oal_vendor.so 74714-74716
/vendor/lib64/libjpeg-alpha_vendor.so 74717-74770
/vendor/lib64/libkeymaster4.so 74771-74781
/vendor/lib64/libkeymaster41.so 74782-74785
/vendor/lib64/libkeymaster4_1support.so 74786-74801
/vendor/lib64/libkeymaster4support.so 74802-74814
/vendor/lib64/libkeymaster_messages.so 74815-74825
/vendor/lib64/libkeymaster_portable.so 74826-74884
/vendor/lib64/libkeystore-engine-wifi-hidl.so 74885-74889
/vendor/lib64/libkeystore-wifi-hidl.so 74890-74891
/vendor/lib64/libkmsetkey.so 74892
/vendor/lib64/libksensor.so 74893-74895
/vendor/lib64/libktvdrc.so 74896-74897
/vendor/lib64/libktveffect.so 74898-74916
/vendor/lib64/libktveffect_rec.so 74917-74967
/vendor/lib64/libktveq.so 74968-74969
/vendor/lib64/libktvns.so 74970-74974
/vendor/lib64/libktvreverb.so 74975-74976
/vendor/lib64/libktvsoundtouch.so 74977-75003
/vendor/lib64/libktvvolume.so 75004
/vendor/lib64/libladder.so 75005-75007
/vendor/lib64/liblpcnr.so 75008
/vendor/lib64/libmegface_rt_bokeh.so 75009-75937
/vendor/lib64/libmemsic.so 75939-75948
/vendor/lib64/libmfllcore.so 75949-76003
/vendor/lib64/libminiui.so 76004-76120
/vendor/lib64/libmipc.so 76122-76129
/vendor/lib64/libml_util.so 76130-76220
/vendor/lib64/libmmagent.so 76221-76224
/vendor/lib64/libmml.so 76225
/vendor/lib64/libmmprofile.so 76226-76227
/vendor/lib64/libmnetlink_v104.so 76228-76230
/vendor/lib64/libmnl.so 76231-77285
/vendor/lib64/libmp3dec_mtk.so 77286-77298
/vendor/lib64/libmpbase.so 77299
/vendor/lib64/libmsbc_mtk.so 77300-77303
/vendor/lib64/libmsnr.so 77304
/vendor/lib64/libmtcloader.so 77305-77307
/vendor/lib64/libmtk-fusion-ril-prop-vsim.so 77308
/vendor/lib64/libmtk-ril.so 77310-77836
/vendor/lib64/libmtkares.so 77837
/vendor/lib64/libmtkcam.eventcallback.so 77838-77839
/vendor/lib64/libmtkcam.featurepipe.capture.so 77840-78008
/vendor/lib64/libmtkcam.featurepipe.depthmap.so 78009-78138
/vendor/lib64/libmtkcam.featurepipe.streaming.so 78140-78388
/vendor/lib64/libmtkcam.featurepipe.vsdof_util.so 78389-78397
/vendor/lib64/libmtkcam.logicalmodule.so 78398-78499
/vendor/lib64/libmtkcam_3rdparty.core.so 78500-78529
/vendor/lib64/libmtkcam_3rdparty.customer.so 78530-78618
/vendor/lib64/libmtkcam_3rdparty.mtk.so 78619-78691
/vendor/lib64/libmtkcam_3rdparty.so 78692
/vendor/lib64/libmtkcam_calibration_convertor.so 78693-78695
/vendor/lib64/libmtkcam_calibration_provider.so 78696-78714
/vendor/lib64/libmtkcam_debugutils.so 78715-78723
/vendor/lib64/libmtkcam_device3_app.so 78724-78764
/vendor/lib64/libmtkcam_device3_hal.so 78766-78817
/vendor/lib64/libmtkcam_device3_hidl.so 78818-78837
/vendor/lib64/libmtkcam_device3_hidlutils.so 78838-78843
/vendor/lib64/libmtkcam_device3_utils.so 78844-78880
/vendor/lib64/libmtkcam_devicesessionpolicy.so 78881-78884
/vendor/lib64/libmtkcam_diputils.so 78885
/vendor/lib64/libmtkcam_dpe.so 78886-78894
/vendor/lib64/libmtkcam_exif.so 78895-78904
/vendor/lib64/libmtkcam_fdvt.so 78905-79197
/vendor/lib64/libmtkcam_featurepolicy.so 79198-79252
/vendor/lib64/libmtkcam_featureutils.so 79253-79256
/vendor/lib64/libmtkcam_fwkutils.so 79257-79264
/vendor/lib64/libmtkcam_grallocutils.so 79265-79272
/vendor/lib64/libmtkcam_hwnode.so 79273-79572
/vendor/lib64/libmtkcam_hwutils.so 79574-79615
/vendor/lib64/libmtkcam_imem.so 79616-79620
/vendor/lib64/libmtkcam_imgbuf.so 79621-79651
/vendor/lib64/libmtkcam_metadata.so 79652-79674
/vendor/lib64/libmtkcam_metastore.so 79675-79735
/vendor/lib64/libmtkcam_modulefactory_aaa.so 79736-79737
/vendor/lib64/libmtkcam_modulefactory_custom.so 79738-79739
/vendor/lib64/libmtkcam_modulefactory_drv.so 79740-79741
/vendor/lib64/libmtkcam_modulefactory_utils.so 79742-79743
/vendor/lib64/libmtkcam_modulehelper.so 79744-79745
/vendor/lib64/libmtkcam_pipeline.so 79746-79804
/vendor/lib64/libmtkcam_pipeline_fbm.so 79805-79824
/vendor/lib64/libmtkcam_pipelinemodel.so 79825-79834
/vendor/lib64/libmtkcam_pipelinemodel_adapter.so 79835-79839
/vendor/lib64/libmtkcam_pipelinemodel_capture.so 79840-79846
/vendor/lib64/libmtkcam_pipelinemodel_isp.so 79847-79876
/vendor/lib64/libmtkcam_pipelinemodel_session.so 79877-79926
/vendor/lib64/libmtkcam_pipelinemodel_utils.so 79927-79958
/vendor/lib64/libmtkcam_pipelinemodel_zsl.so 79959-79980
/vendor/lib64/libmtkcam_pipelinepolicy-aov.so 79981-79985
/vendor/lib64/libmtkcam_pipelinepolicy-security.so 79987-79989
/vendor/lib64/libmtkcam_pipelinepolicy-smvr.so 79990-80000
/vendor/lib64/libmtkcam_pipelinepolicy.so 80001-80082
/vendor/lib64/libmtkcam_pipelinepolicy_factory.so 80083-80086
/vendor/lib64/libmtkcam_prerelease.so 80087-80094
/vendor/lib64/libmtkcam_rsc.so 80095-80099
/vendor/lib64/libmtkcam_scenariorecorder.so 80100-80109
/vendor/lib64/libmtkcam_stdutils.so 80110-80122
/vendor/lib64/libmtkcam_streamutils.so 80123-80148
/vendor/lib64/libmtkcam_synchelper.so 80149-80160
/vendor/lib64/libmtkcam_sysutils.so 80161-80171
/vendor/lib64/libmtkcam_tuning_utils.so 80172-80183
/vendor/lib64/libmtkcam_ulog.so 80184-80214
/vendor/lib64/libmtkcam_vsync_util.so 80215
/vendor/lib64/libmtkconfig.so 80216-80217
/vendor/lib64/libmtkconfigutils.so 80218
/vendor/lib64/libmtkcutils.so 80219-80221
/vendor/lib64/libmtkhardware_legacy.so 80222
/vendor/lib64/libmtkisp_metadata.so 80223
/vendor/lib64/libmtklimiter_vendor.so 80224-80227
/vendor/lib64/libmtkmipc-ril.so 80228-80653
/vendor/lib64/libmtknetcap.so 80655
/vendor/lib64/libmtknetutils.so 80656-80658
/vendor/lib64/libmtkperf_client_vendor.so 80659-80660
/vendor/lib64/libmtkproperty.so 80661
/vendor/lib64/libmtkrillog.so 80662
/vendor/lib64/libmtkrilutils.so 80663-80681
/vendor/lib64/libmtkshifter_vendor.so 80682-80683
/vendor/lib64/libmtkspparser.so 80684-80687
/vendor/lib64/libmtksysutils.so 80688-80692
/vendor/lib64/libmtktinyxml.so 80693-80700
/vendor/lib64/libmtkutils.so 80701-80721
/vendor/lib64/libnbaio_mono.so 80722-80724
/vendor/lib64/libneuroeara.so 80725-80731
/vendor/lib64/libneuron_adapter.so 80732-81004
/vendor/lib64/libneuron_platform.so 81005
/vendor/lib64/libneuropilot_hal_utils.so 81006
/vendor/lib64/libnir_neon_driver_ndk.mtk.vndk.so 81007-81945
/vendor/lib64/libnvram.so 81948-81970
/vendor/lib64/libnvram_sec.so 81971
/vendor/lib64/libnwk_opt_halwrap_vendor.so 81972-81973
/vendor/lib64/libnxp_extamp_intf.so 81974
/vendor/lib64/libocam_common.so 81975-81978
/vendor/lib64/liboplus.aishutter.so 81979-81980
/vendor/lib64/liboplus_audio_config.so 81981-81982
/vendor/lib64/liboplus_platform_hwi.so 81983-81991
/vendor/lib64/liboppo_aisd.so 81992-82901
/vendor/lib64/liboppo_arcSoftBokehEngine_new.so 82902-82907
/vendor/lib64/liboppo_blank_algo.so 82908-82909
/vendor/lib64/libpcap.so 82910-82950
/vendor/lib64/libperfctl_vendor.so 82951-82952
/vendor/lib64/libpixelflinger.so 82953-82977
/vendor/lib64/libpkm.so 82979-83062
/vendor/lib64/libpower_timer.so 83063-83065
/vendor/lib64/libpowerhal.so 83066-83100
/vendor/lib64/libpowerhalwrap_vendor.so 83101-83102
/vendor/lib64/libpq_cust_base.so 83103-83105
/vendor/lib64/libpqframework.so 83106
/vendor/lib64/libpqparamparser.so 83107-83113
/vendor/lib64/libpqpconfig.so 83114
/vendor/lib64/libprotobuf-cpp-full-3.9.1.so 83115-83351
/vendor/lib64/libprotobuf-cpp-lite-3.9.1.so 83352-83398
/vendor/lib64/libpuresoftkeymasterdevice.so 83399-83408
/vendor/lib64/libratconfig.so 83409
/vendor/lib64/libreference-ril.so 83410-83416
/vendor/lib64/libremosaic_wrapper.so 83417-83424
/vendor/lib64/libremosaiclib.so 83425-83453
/vendor/lib64/librgbwlightsensor.so 83454
/vendor/lib64/libril.so 83455-83483
/vendor/lib64/librilfusion.so 83484-83575
/vendor/lib64/librilutils.so 83577
/vendor/lib64/librt_extamp_intf.so 83578-83580
/vendor/lib64/libruy.so 83581-83589
/vendor/lib64/libsensor_custom.so 83590
/vendor/lib64/libsensorndkbridge.so 83591-83596
/vendor/lib64/libsfplugin_ccodec_utils.so 83597-83635
/vendor/lib64/libshmemcompat.so 83636-83637
/vendor/lib64/libshmemutil.so 83638
/vendor/lib64/libsimaka.so 83639-83642
/vendor/lib64/libsimlock.so 83643-83645
/vendor/lib64/libsimmelock.so 83646-83648
/vendor/lib64/libsoft_attestation_cert.so 83649-83650
/vendor/lib64/libspeech_enh_lib.so 83651-83747
/vendor/lib64/libspeechparser_vendor.so 83748-83753
/vendor/lib64/libssl-ss.so 83754-83805
/vendor/lib64/libstagefright_bufferpool@2.0.1.so 83806-83826
/vendor/lib64/libstagefrighthw.so 83827
/vendor/lib64/libstereoinfoaccessor_vsdof.so 83828-83910
/vendor/lib64/libstface_fd_api.so 83911-86349
/vendor/lib64/libstorage_otp.so 86352-86355
/vendor/lib64/libstrongswan.so 86356-86422
/vendor/lib64/libsysenv.so 86423-86435
/vendor/lib64/libtextclassifier_hash.so 86436-86437
/vendor/lib64/libtflite_mtk.so 86438-87212
/vendor/lib64/libthha.so 87214
/vendor/lib64/libtinycompress.so 87215-87217
/vendor/lib64/libtranslator_mapi_v3.0.so 87218-87268
/vendor/lib64/libtranslator_mdmi_v2.8.2.so 87269-87323
/vendor/lib64/libtranslator_utils.so 87324-87353
/vendor/lib64/libtrm.so 87354
/vendor/lib64/libudf.so 87355-87362
/vendor/lib64/libutinterface_custom_md.so 87363-87405
/vendor/lib64/libutinterface_md.so 87406-87550
/vendor/lib64/libvcodec_oal.so 87551-87553
/vendor/lib64/libvcodecdrv_header_stub.so 87554
/vendor/lib64/libverno.so 87555
/vendor/lib64/libvia-ril.so 87556-87557
/vendor/lib64/libviamipc-ril.so 87558-87559
/vendor/lib64/libvibrator.so 87560-87563
/vendor/lib64/libvpu5.so 87564
/vendor/lib64/libwapi.so 87566-87590
/vendor/lib64/libwifi-hal.so 87591-87612
/vendor/lib64/libwifitest.so 87613-87617
/vendor/lib64/libwo.so 87618-87624
/vendor/lib64/libwpa_client.so 87625-87627
/vendor/lib64/libwpfa.so 87628-87651
/vendor/lib64/libwvhidl.so 87652-88053
/vendor/lib64/libz_stable.so 88054-88068
/vendor/lib64/mediacas/libclearkeycasplugin.so 88069-88077
/vendor/lib64/mediadrm/libdrmclearkeyplugin.so 88078-88084
/vendor/lib64/mediadrm/libmockdrmcryptoplugin.so 88085-88090
/vendor/lib64/mediadrm/libwvdrmengine.so 88091-88467
/vendor/lib64/meta_wifi_data.so 88469
/vendor/lib64/mt6768/libdpframework.so 88470-88600
/vendor/lib64/mt6768/libmtk_drvb.so 88601-88603
/vendor/lib64/mt6768/libnir_neon_driver.so 88604-89411
/vendor/lib64/mt6768/libpq_prot.so 89413-89450
/vendor/lib64/mtkcam/libmtkcam_streaminfo_plugin-p1stt.so 89451-89453
/vendor/lib64/nwk_opt_imp.so 89454-89463
/vendor/lib64/ov8856_mipi_raw_IdxMgr.so 89464
/vendor/lib64/ov8856_mipi_raw_tuning.so 89465-89509
/vendor/lib64/s5k2l7_mipi_raw_IdxMgr.so 89510
/vendor/lib64/s5k2l7_mipi_raw_tuning.so 89511-89550
/vendor/lib64/s5k2p7_mipi_raw_IdxMgr.so 89552
/vendor/lib64/s5k2p7_mipi_raw_tuning.so 89553-89600
/vendor/lib64/s5k2t7sp_mipi_raw_IdxMgr.so 89601
/vendor/lib64/s5k2t7sp_mipi_raw_tuning.so 89602-89648
/vendor/lib64/shared-file-region-aidl-cpp.so 89649
/vendor/lib64/soter_attk_provision.so 89650
/vendor/lib64/soundfx/libaudiopreprocessing.so 89651-89785
/vendor/lib64/soundfx/libaudiopreprocessing_mtk.so 89787-89789
/vendor/lib64/soundfx/libbundlewrapper.so 89790-89812
/vendor/lib64/soundfx/libdownmix.so 89813-89814
/vendor/lib64/soundfx/libdynproc.so 89815-89823
/vendor/lib64/soundfx/libeffectproxy.so 89824-89825
/vendor/lib64/soundfx/libhapticgenerator.so 89826-89839
/vendor/lib64/soundfx/libldnhncr.so 89840-89841
/vendor/lib64/soundfx/libreverbwrapper.so 89842-89857
/vendor/lib64/soundfx/libvisualizer.so 89858-89859
/vendor/lib64/vendor.mediatek.hardware.aee@1.0.so 89860-89866
/vendor/lib64/vendor.mediatek.hardware.aee@1.1.so 89867-89876
/vendor/lib64/vendor.mediatek.hardware.apmonitor@2.0.so 89877-89889
/vendor/lib64/vendor.mediatek.hardware.atci@1.0.so 89890-89902
/vendor/lib64/vendor.mediatek.hardware.audio@6.1.so 89903-89920
/vendor/lib64/vendor.mediatek.hardware.audio@7.1.so 89921-89938
/vendor/lib64/vendor.mediatek.hardware.bluetooth.audio@2.1.so 89939-89956
/vendor/lib64/vendor.mediatek.hardware.bluetooth.audio@2.2.so 89957-89970
/vendor/lib64/vendor.mediatek.hardware.camera.atms@1.0.so 89971-89978
/vendor/lib64/vendor.mediatek.hardware.camera.bgservice@1.0.so 89979-89987
/vendor/lib64/vendor.mediatek.hardware.camera.bgservice@1.1.so 89988-89997
/vendor/lib64/vendor.mediatek.hardware.camera.ccap@1.0.so 89998-90005
/vendor/lib64/vendor.mediatek.hardware.camera.frhandler@1.0.so 90006-90018
/vendor/lib64/vendor.mediatek.hardware.camera.isphal@1.0.so 90019-90035
/vendor/lib64/vendor.mediatek.hardware.camera.lomoeffect@1.0.so 90036-90044
/vendor/lib64/vendor.mediatek.hardware.camera.postproc@1.0.so 90045-90051
/vendor/lib64/vendor.mediatek.hardware.camera.security@1.0.so 90052-90064
/vendor/lib64/vendor.mediatek.hardware.clientapi@1.0.so 90065-90075
/vendor/lib64/vendor.mediatek.hardware.composer_ext@1.0.so 90076-90086
/vendor/lib64/vendor.mediatek.hardware.dmc@1.0.so 90087-90099
/vendor/lib64/vendor.mediatek.hardware.dmc@1.1.so 90101-90108
/vendor/lib64/vendor.mediatek.hardware.dmc@1.2.so 90109-90117
/vendor/lib64/vendor.mediatek.hardware.engineermode@1.0.so 90118-90135
/vendor/lib64/vendor.mediatek.hardware.engineermode@1.1.so 90136-90149
/vendor/lib64/vendor.mediatek.hardware.engineermode@1.2.so 90150-90163
/vendor/lib64/vendor.mediatek.hardware.engineermode@1.3.so 90164-90182
/vendor/lib64/vendor.mediatek.hardware.keymaster_attestation@1.0.so 90183-90189
/vendor/lib64/vendor.mediatek.hardware.keymaster_attestation@1.1.so 90190-90196
/vendor/lib64/vendor.mediatek.hardware.lbs@1.0.so 90197-90206
/vendor/lib64/vendor.mediatek.hardware.log@1.0.so 90207-90215
/vendor/lib64/vendor.mediatek.hardware.mdmonitor@1.0.so 90216-90226
/vendor/lib64/vendor.mediatek.hardware.mmagent@1.0.so 90227-90237
/vendor/lib64/vendor.mediatek.hardware.mmagent@1.1.so 90238-90245
/vendor/lib64/vendor.mediatek.hardware.mms@1.0.so 90246-90254
/vendor/lib64/vendor.mediatek.hardware.mms@1.1.so 90255-90262
/vendor/lib64/vendor.mediatek.hardware.mms@1.2.so 90263-90270
/vendor/lib64/vendor.mediatek.hardware.mms@1.3.so 90271-90278
/vendor/lib64/vendor.mediatek.hardware.mms@1.4.so 90279-90287
/vendor/lib64/vendor.mediatek.hardware.mms@1.5.so 90288-90296
/vendor/lib64/vendor.mediatek.hardware.mms@1.6.so 90297-90305
/vendor/lib64/vendor.mediatek.hardware.mtkpower@1.0.so 90306-90316
/vendor/lib64/vendor.mediatek.hardware.mtkpower@1.1.so 90317-90330
/vendor/lib64/vendor.mediatek.hardware.mtkpower@1.2.so 90331-90346
/vendor/lib64/vendor.mediatek.hardware.mtkradioex@2.0.so 90347-90543
/vendor/lib64/vendor.mediatek.hardware.mtkradioex@3.0.so 90545-90754
/vendor/lib64/vendor.mediatek.hardware.netdagent@1.0.so 90755-90761
/vendor/lib64/vendor.mediatek.hardware.nvram@1.0.so 90762-90769
/vendor/lib64/vendor.mediatek.hardware.nvram@1.1.so 90770-90779
/vendor/lib64/vendor.mediatek.hardware.nwk_opt@1.0.so 90780-90787
/vendor/lib64/vendor.mediatek.hardware.power@1.1.so 90788-90797
/vendor/lib64/vendor.mediatek.hardware.power@2.0.so 90798-90808
/vendor/lib64/vendor.mediatek.hardware.pq@2.0.so 90809-90824
/vendor/lib64/vendor.mediatek.hardware.pq@2.1.so 90825-90835
/vendor/lib64/vendor.mediatek.hardware.pq@2.10.so 90836-90853
/vendor/lib64/vendor.mediatek.hardware.pq@2.11.so 90854-90869
/vendor/lib64/vendor.mediatek.hardware.pq@2.12.so 90871-90886
/vendor/lib64/vendor.mediatek.hardware.pq@2.13.so 90887-90902
/vendor/lib64/vendor.mediatek.hardware.pq@2.2.so 90903-90913
/vendor/lib64/vendor.mediatek.hardware.pq@2.3.so 90914-90927
/vendor/lib64/vendor.mediatek.hardware.pq@2.4.so 90928-90939
/vendor/lib64/vendor.mediatek.hardware.pq@2.5.so 90940-90952
/vendor/lib64/vendor.mediatek.hardware.pq@2.6.so 90953-90965
/vendor/lib64/vendor.mediatek.hardware.pq@2.7.so 90966-90978
/vendor/lib64/vendor.mediatek.hardware.pq@2.8.so 90979-90991
/vendor/lib64/vendor.mediatek.hardware.pq@2.9.so 90992-91005
/vendor/lib64/vendor.mediatek.hardware.videotelephony@1.0.so 91006-91013
/vendor/lib64/vendor.oplus.hardware.wifi.supplicant@2.0.so 91014-91045
/vendor/lib64/vendor.qti.hardware.soter@1.0.so 91046-91056
/vendor/lib64/vendor.trustonic.tee.tui@1.0.so 91057-91067
/vendor/lib64/vendor.trustonic.tee@1.0.so 91068-91080
/vendor/lib64/vendor.trustonic.tee@1.1.so 91081-91095
/vendor/overlay/CellbroadcastUIResOverlay/CellbroadcastUIResOverlay.apk 91097-91098
/vendor/overlay/FrameworkResOverlay/FrameworkResOverlay.apk 91099-91100
/vendor/overlay/FrameworkResOverlayExt/FrameworkResOverlayExt.apk 91101-91102
/vendor/overlay/SettingsProviderResOverlay/SettingsProviderResOverlay.apk 91103
/vendor/overlay/SystemUIResOverlay/SystemUIResOverlay.apk 91104
/vendor/overlay/WifiResMainlineOverlay/WifiResMainlineOverlay.apk 91105-91106
/vendor/overlay/WifiResOverlay/WifiResOverlay.apk 91107-91108
/vendor/recovery-from-boot.p 91109-97083
/vendor/res/images/lcd_test_00.png 97087-97599
/vendor/res/images/lcd_test_01.png 97600-98582
/vendor/res/images/lcd_test_02.png 98583-99032
/vendor/res/sound/ringtone.wav 99034-99142
/vendor/res/sound/testpattern1.wav 99143
